2026-09-14T03:24:37.4774870Z Current runner version: '2.337.0'
2026-09-14T03:24:37.4791960Z ##[group]Runner Image Provisioner
2026-09-14T03:24:37.4792490Z Hosted Compute Agent
2026-09-14T03:24:37.4792870Z Version: 20260828.587
2026-09-14T03:24:37.4793290Z Commit: abac92662cab4cc7352de4f9f9d2e2419aad9c29
2026-09-14T03:24:37.4793770Z Build Date: 2026-08-28T16:44:25Z
2026-09-14T03:24:37.4794220Z Worker ID: {e5a2d70a-7a57-41af-bb44-ee17777050f7}
2026-09-14T03:24:37.4794730Z Azure Region: westus
2026-09-14T03:24:37.4795110Z ##[endgroup]
2026-09-14T03:24:37.4796010Z ##[group]Operating System
2026-09-14T03:24:37.4796410Z macOS
2026-09-14T03:24:37.4796730Z 26.6.2
2026-09-14T03:24:37.4797070Z 25G83
2026-09-14T03:24:37.4797460Z ##[endgroup]
2026-09-14T03:24:37.4797860Z ##[group]Runner Image
2026-09-14T03:24:37.4798280Z Image: macos-26-arm64
2026-09-14T03:24:37.4798660Z Version: 20260907.0351.1
2026-09-14T03:24:37.4799720Z Included Software: https://github.com/actions/runner-images/blob/macos-26-arm64/20260907.0351/images/macos/macos-26-arm64-Readme.md
2026-09-14T03:24:37.4800770Z Image Release: https://github.com/actions/runner-images/releases/tag/macos-26-arm64%2F20260907.0351
2026-09-14T03:24:37.4801440Z ##[endgroup]
2026-09-14T03:24:37.4802190Z ##[group]GITHUB_TOKEN Permissions
2026-09-14T03:24:37.4803490Z Contents: read
2026-09-14T03:24:37.4803850Z Metadata: read
2026-09-14T03:24:37.4804220Z ##[endgroup]
2026-09-14T03:24:37.4805660Z Secret source: Actions
2026-09-14T03:24:37.4806260Z Cache mode: write
2026-09-14T03:24:37.4806700Z Prepare workflow directory
2026-09-14T03:24:37.5179270Z Prepare all required actions
2026-09-14T03:24:37.5224240Z Getting action download info
2026-09-14T03:24:37.7133780Z Download action repository 'actions/checkout@v7.0.1' (SHA:3d3c42e5aac5ba805825da76410c181273ba90b1)
2026-09-14T03:24:38.0332750Z Download action repository 'dtolnay/rust-toolchain@1.98.1' (SHA:ce678459e9fc7500d337468f904b95f1b5c10b5e)
2026-09-14T03:24:38.6310400Z Download action repository 'actions/setup-python@v7.0.0' (SHA:5fda3b95a4ea91299a34e894583c3862153e4b97)
2026-09-14T03:24:38.7916940Z Download action repository 'actions/upload-artifact@v7.0.1' (SHA:043fb46d1a93c77aae656e7c1c64a875d1fc6a0a)
2026-09-14T03:24:38.9820150Z Complete job name: native (macos-latest)
2026-09-14T03:24:39.0477800Z ##[group]Run actions/checkout@v7.0.1
2026-09-14T03:24:39.0478520Z with:
2026-09-14T03:24:39.0478870Z   repository: lgardner-dev/System-Designer
2026-09-14T03:24:39.0481700Z   token: ***
2026-09-14T03:24:39.0497730Z   ssh-strict: true
2026-09-14T03:24:39.0498090Z   ssh-user: git
2026-09-14T03:24:39.0498430Z   persist-credentials: true
2026-09-14T03:24:39.0498800Z   clean: true
2026-09-14T03:24:39.0499140Z   sparse-checkout-cone-mode: true
2026-09-14T03:24:39.0499520Z   fetch-depth: 1
2026-09-14T03:24:39.0571700Z   fetch-tags: false
2026-09-14T03:24:39.0573230Z   show-progress: true
2026-09-14T03:24:39.0573630Z   lfs: false
2026-09-14T03:24:39.0575450Z   submodules: false
2026-09-14T03:24:39.0579830Z   set-safe-directory: true
2026-09-14T03:24:39.0582580Z   allow-unsafe-pr-checkout: false
2026-09-14T03:24:39.0589850Z ##[endgroup]
2026-09-14T03:24:39.4820130Z Syncing repository: lgardner-dev/System-Designer
2026-09-14T03:24:39.4821810Z ##[group]Getting Git version info
2026-09-14T03:24:39.4822510Z Working directory is '/Users/runner/work/System-Designer/System-Designer'
2026-09-14T03:24:39.4823520Z [command]/opt/homebrew/bin/git version
2026-09-14T03:24:39.5283270Z git version 2.55.0
2026-09-14T03:24:39.5295500Z ##[endgroup]
2026-09-14T03:24:39.5300990Z Copying '/Users/runner/.gitconfig' to '/Users/runner/work/_temp/ccea055e-9a99-4d77-a882-7263259922e4/.gitconfig'
2026-09-14T03:24:39.5306290Z Temporarily overriding HOME='/Users/runner/work/_temp/ccea055e-9a99-4d77-a882-7263259922e4' before making global git config changes
2026-09-14T03:24:39.5307460Z Adding repository directory to the temporary git global config as a safe directory
2026-09-14T03:24:39.5309610Z [command]/opt/homebrew/bin/git config --global --add safe.directory /Users/runner/work/System-Designer/System-Designer
2026-09-14T03:24:39.5425330Z Deleting the contents of '/Users/runner/work/System-Designer/System-Designer'
2026-09-14T03:24:39.5426920Z ##[group]Determining repository object format
2026-09-14T03:24:39.5427680Z ##[endgroup]
2026-09-14T03:24:39.5428350Z ##[group]Initializing the repository
2026-09-14T03:24:39.5430230Z [command]/opt/homebrew/bin/git init /Users/runner/work/System-Designer/System-Designer
2026-09-14T03:24:39.5925540Z hint: Using 'master' as the name for the initial branch. This default branch name
2026-09-14T03:24:39.5933980Z hint: will change to "main" in Git 3.0. To configure the initial branch name
2026-09-14T03:24:39.5935000Z hint: to use in all of your new repositories, which will suppress this warning,
2026-09-14T03:24:39.5935680Z hint: call:
2026-09-14T03:24:39.5936130Z hint:
2026-09-14T03:24:39.5936620Z hint: 	git config --global init.defaultBranch <name>
2026-09-14T03:24:39.5937180Z hint:
2026-09-14T03:24:39.5937720Z hint: Names commonly chosen instead of 'master' are 'main', 'trunk' and
2026-09-14T03:24:39.5938580Z hint: 'development'. The just-created branch can be renamed via this command:
2026-09-14T03:24:39.5939240Z hint:
2026-09-14T03:24:39.5939680Z hint: 	git branch -m <name>
2026-09-14T03:24:39.5940180Z hint:
2026-09-14T03:24:39.5940770Z hint: Disable this message with "git config set advice.defaultBranchName false"
2026-09-14T03:24:39.5952010Z Initialized empty Git repository in /Users/runner/work/System-Designer/System-Designer/.git/
2026-09-14T03:24:39.5967790Z [command]/opt/homebrew/bin/git remote add origin https://github.com/lgardner-dev/System-Designer
2026-09-14T03:24:39.6213080Z ##[endgroup]
2026-09-14T03:24:39.6231000Z ##[group]Disabling automatic garbage collection
2026-09-14T03:24:39.6232320Z [command]/opt/homebrew/bin/git config --local gc.auto 0
2026-09-14T03:24:39.6266590Z ##[endgroup]
2026-09-14T03:24:39.6267320Z ##[group]Setting up auth
2026-09-14T03:24:39.6268010Z Removing SSH command configuration
2026-09-14T03:24:39.6278190Z [command]/opt/homebrew/bin/git config --local --name-only --get-regexp core\.sshCommand
2026-09-14T03:24:39.6355290Z [command]/opt/homebrew/bin/git submodule foreach --recursive sh -c "git config --local --name-only --get-regexp 'core\.sshCommand' && git config --local --unset-all 'core.sshCommand' || :"
2026-09-14T03:24:39.7613560Z Removing HTTP extra header
2026-09-14T03:24:39.7622960Z [command]/opt/homebrew/bin/git config --local --name-only --get-regexp http\.https\:\/\/github\.com\/\.extraheader
2026-09-14T03:24:39.7742580Z [command]/opt/homebrew/bin/git submodule foreach --recursive sh -c "git config --local --name-only --get-regexp 'http\.https\:\/\/github\.com\/\.extraheader' && git config --local --unset-all 'http.https://github.com/.extraheader' || :"
2026-09-14T03:24:39.8913710Z Removing includeIf entries pointing to credentials config files
2026-09-14T03:24:39.9014720Z [command]/opt/homebrew/bin/git config --local --name-only --get-regexp ^includeIf\.gitdir:
2026-09-14T03:24:39.9321030Z [command]/opt/homebrew/bin/git submodule foreach --recursive git config --local --show-origin --name-only --get-regexp remote.origin.url
2026-09-14T03:24:40.0738400Z [command]/opt/homebrew/bin/git config --file /Users/runner/work/_temp/git-credentials-af0d7c67-d9c9-4575-9244-a665897f9c57.config http.https://github.com/.extraheader AUTHORIZATION: basic ***
2026-09-14T03:24:40.0879410Z [command]/opt/homebrew/bin/git config --local includeIf.gitdir:/Users/runner/work/System-Designer/System-Designer/.git.path /Users/runner/work/_temp/git-credentials-af0d7c67-d9c9-4575-9244-a665897f9c57.config
2026-09-14T03:24:40.0885350Z [command]/opt/homebrew/bin/git config --local includeIf.gitdir:/Users/runner/work/System-Designer/System-Designer/.git/worktrees/*.path /Users/runner/work/_temp/git-credentials-af0d7c67-d9c9-4575-9244-a665897f9c57.config
2026-09-14T03:24:40.0890960Z [command]/opt/homebrew/bin/git config --local includeIf.gitdir:/github/workspace/.git.path /github/runner_temp/git-credentials-af0d7c67-d9c9-4575-9244-a665897f9c57.config
2026-09-14T03:24:40.1044760Z [command]/opt/homebrew/bin/git config --local includeIf.gitdir:/github/workspace/.git/worktrees/*.path /github/runner_temp/git-credentials-af0d7c67-d9c9-4575-9244-a665897f9c57.config
2026-09-14T03:24:40.1074460Z ##[endgroup]
2026-09-14T03:24:40.1076870Z ##[group]Fetching the repository
2026-09-14T03:24:40.1085900Z [command]/opt/homebrew/bin/git -c protocol.version=2 fetch --no-tags --prune --no-recurse-submodules --depth=1 origin +a0bd918613b03fb13eece9bfe4b701448d70b02d:refs/remotes/origin/work/add-logic-diagramming
2026-09-14T03:24:41.7061900Z From https://github.com/lgardner-dev/System-Designer
2026-09-14T03:24:41.7078890Z  * [new ref]         a0bd918613b03fb13eece9bfe4b701448d70b02d -> origin/work/add-logic-diagramming
2026-09-14T03:24:41.7234990Z [command]/opt/homebrew/bin/git branch --list --remote origin/work/add-logic-diagramming
2026-09-14T03:24:41.7235860Z   origin/work/add-logic-diagramming
2026-09-14T03:24:41.7254950Z [command]/opt/homebrew/bin/git rev-parse refs/remotes/origin/work/add-logic-diagramming
2026-09-14T03:24:41.7325690Z a0bd918613b03fb13eece9bfe4b701448d70b02d
2026-09-14T03:24:41.7352920Z ##[endgroup]
2026-09-14T03:24:41.7354450Z ##[group]Determining the checkout info
2026-09-14T03:24:41.7371450Z ##[endgroup]
2026-09-14T03:24:41.7372660Z [command]/opt/homebrew/bin/git sparse-checkout disable
2026-09-14T03:24:41.7434910Z [command]/opt/homebrew/bin/git config --local --unset-all extensions.worktreeConfig
2026-09-14T03:24:41.7520010Z ##[group]Checking out the ref
2026-09-14T03:24:41.7522760Z [command]/opt/homebrew/bin/git checkout --progress --force -B work/add-logic-diagramming refs/remotes/origin/work/add-logic-diagramming
2026-09-14T03:24:41.8786490Z Switched to a new branch 'work/add-logic-diagramming'
2026-09-14T03:24:41.8791590Z branch 'work/add-logic-diagramming' set up to track 'origin/work/add-logic-diagramming'.
2026-09-14T03:24:41.8798650Z ##[endgroup]
2026-09-14T03:24:41.8923700Z [command]/opt/homebrew/bin/git log -1 --format=%H
2026-09-14T03:24:41.9038640Z a0bd918613b03fb13eece9bfe4b701448d70b02d
2026-09-14T03:24:41.9466630Z ##[group]Run dtolnay/rust-toolchain@1.98.1
2026-09-14T03:24:41.9467060Z with:
2026-09-14T03:24:41.9467380Z   components: rustfmt, clippy
2026-09-14T03:24:41.9467770Z ##[endgroup]
2026-09-14T03:24:41.9553100Z ##[start-action display=Parse toolchain version;id=__dtolnay_rust-toolchain.parse]
2026-09-14T03:24:41.9638930Z ##[group]Run if [[ -z $toolchain ]]; then
2026-09-14T03:24:41.9639430Z [36;1mif [[ -z $toolchain ]]; then[0m
2026-09-14T03:24:41.9640070Z [36;1m  # GitHub does not enforce `required: true` inputs itself. https://github.com/actions/runner/issues/1070[0m
2026-09-14T03:24:41.9640720Z [36;1m  echo "'toolchain' is a required input" >&2[0m
2026-09-14T03:24:41.9641120Z [36;1m  exit 1[0m
2026-09-14T03:24:41.9641510Z [36;1melif [[ $toolchain =~ ^stable' '[0-9]+' '(year|month|week|day)s?' 'ago$ ]]; then[0m
2026-09-14T03:24:41.9642160Z [36;1m  if [[ macOS == macOS ]]; then[0m
2026-09-14T03:24:41.9642830Z [36;1m    echo "toolchain=1.$((($(date -v-$(sed 's/stable \([0-9]*\) \(.\).*/\1\2/' <<< $toolchain) +%s)/60/60/24-16569)/7/6))" >> $GITHUB_OUTPUT[0m
2026-09-14T03:24:41.9643400Z [36;1m  else[0m
2026-09-14T03:24:41.9643910Z [36;1m    echo "toolchain=1.$((($(date --date "${toolchain#stable }" +%s)/60/60/24-16569)/7/6))" >> $GITHUB_OUTPUT[0m
2026-09-14T03:24:41.9644360Z [36;1m  fi[0m
2026-09-14T03:24:41.9644700Z [36;1melif [[ $toolchain =~ ^stable' 'minus' '[0-9]+' 'releases?$ ]]; then[0m
2026-09-14T03:24:41.9645320Z [36;1m  echo "toolchain=1.$((($(date +%s)/60/60/24-16569)/7/6-${toolchain//[^0-9]/}))" >> $GITHUB_OUTPUT[0m
2026-09-14T03:24:41.9645800Z [36;1melif [[ $toolchain =~ ^1\.[0-9]+$ ]]; then[0m
2026-09-14T03:24:41.9646420Z [36;1m  echo "toolchain=1.$((i=${toolchain#1.}, c=($(date +%s)/60/60/24-16569)/7/6, i+9*i*(10*i<=c)+90*i*(100*i<=c)))" >> $GITHUB_OUTPUT[0m
2026-09-14T03:24:41.9646910Z [36;1melse[0m
2026-09-14T03:24:41.9647190Z [36;1m  echo "toolchain=$toolchain" >> $GITHUB_OUTPUT[0m
2026-09-14T03:24:41.9647510Z [36;1mfi[0m
2026-09-14T03:24:41.9702890Z shell: /bin/bash --noprofile --norc -e -o pipefail {0}
2026-09-14T03:24:41.9703280Z env:
2026-09-14T03:24:41.9703570Z   toolchain: 1.98.1
2026-09-14T03:24:41.9703880Z ##[endgroup]
2026-09-14T03:24:42.0042130Z ##[end-action id=__dtolnay_rust-toolchain.parse;outcome=success;conclusion=success;duration_ms=48]
2026-09-14T03:24:42.0052370Z ##[start-action display=Construct rustup command line;id=__dtolnay_rust-toolchain.flags]
2026-09-14T03:24:42.0080710Z ##[group]Run echo "targets=$(for t in ${targets//,/ }; do echo -n ' --target' $t; done)" >> $GITHUB_OUTPUT
2026-09-14T03:24:42.0081410Z [36;1mecho "targets=$(for t in ${targets//,/ }; do echo -n ' --target' $t; done)" >> $GITHUB_OUTPUT[0m
2026-09-14T03:24:42.0082140Z [36;1mecho "components=$(for c in ${components//,/ }; do echo -n ' --component' $c; done)" >> $GITHUB_OUTPUT[0m
2026-09-14T03:24:42.0082660Z [36;1mecho "downgrade=" >> $GITHUB_OUTPUT[0m
2026-09-14T03:24:42.0113880Z shell: /bin/bash --noprofile --norc -e -o pipefail {0}
2026-09-14T03:24:42.0114350Z env:
2026-09-14T03:24:42.0114600Z   targets: 
2026-09-14T03:24:42.0114820Z   components: rustfmt, clippy
2026-09-14T03:24:42.0115090Z ##[endgroup]
2026-09-14T03:24:42.0432810Z ##[end-action id=__dtolnay_rust-toolchain.flags;outcome=success;conclusion=success;duration_ms=37]
2026-09-14T03:24:42.0435970Z ##[start-action display=Set $CARGO_HOME;id=__dtolnay_rust-toolchain.__run]
2026-09-14T03:24:42.0458510Z ##[group]Run echo CARGO_HOME=${CARGO_HOME:-"$HOME/.cargo"} >> $GITHUB_ENV
2026-09-14T03:24:42.0459010Z [36;1mecho CARGO_HOME=${CARGO_HOME:-"$HOME/.cargo"} >> $GITHUB_ENV[0m
2026-09-14T03:24:42.0491990Z shell: /bin/bash --noprofile --norc -e -o pipefail {0}
2026-09-14T03:24:42.0492390Z ##[endgroup]
2026-09-14T03:24:42.0740370Z ##[end-action id=__dtolnay_rust-toolchain.__run;outcome=success;conclusion=success;duration_ms=30]
2026-09-14T03:24:42.0742900Z ##[start-action display=Install rustup if needed;id=__dtolnay_rust-toolchain.__run_2]
2026-09-14T03:24:42.0770050Z ##[group]Run if ! command -v rustup &>/dev/null; then
2026-09-14T03:24:42.0770590Z [36;1mif ! command -v rustup &>/dev/null; then[0m
2026-09-14T03:24:42.0771330Z [36;1m  curl --proto '=https' --tlsv1.2 --retry 10 --retry-connrefused --location --silent --show-error --fail https://sh.rustup.rs | sh -s -- --default-toolchain none -y[0m
2026-09-14T03:24:42.0772060Z [36;1m  echo "$CARGO_HOME/bin" >> $GITHUB_PATH[0m
2026-09-14T03:24:42.0772430Z [36;1mfi[0m
2026-09-14T03:24:42.0806480Z shell: /bin/bash --noprofile --norc -e -o pipefail {0}
2026-09-14T03:24:42.0806870Z env:
2026-09-14T03:24:42.0807190Z   CARGO_HOME: /Users/runner/.cargo
2026-09-14T03:24:42.0807550Z ##[endgroup]
2026-09-14T03:24:42.1115580Z ##[end-action id=__dtolnay_rust-toolchain.__run_2;outcome=success;conclusion=success;duration_ms=37]
2026-09-14T03:24:42.1118250Z ##[start-action display=Install rustup if needed on windows;id=__dtolnay_rust-toolchain.__run_3]
2026-09-14T03:24:42.1125490Z ##[end-action id=__dtolnay_rust-toolchain.__run_3;outcome=skipped;conclusion=skipped;duration_ms=0]
2026-09-14T03:24:42.1134090Z ##[start-action display=rustup toolchain install 1.98.1;id=__dtolnay_rust-toolchain.__run_4]
2026-09-14T03:24:42.1155830Z ##[group]Run rustup toolchain install 1.98.1 --component rustfmt --component clippy --profile minimal --no-self-update
2026-09-14T03:24:42.1156600Z [36;1mrustup toolchain install 1.98.1 --component rustfmt --component clippy --profile minimal --no-self-update[0m
2026-09-14T03:24:42.1192070Z shell: /bin/bash --noprofile --norc -e -o pipefail {0}
2026-09-14T03:24:42.1192510Z env:
2026-09-14T03:24:42.1192890Z   CARGO_HOME: /Users/runner/.cargo
2026-09-14T03:24:42.1193330Z   RUSTUP_PERMIT_COPY_RENAME: 1
2026-09-14T03:24:42.1193670Z ##[endgroup]
2026-09-14T03:24:42.2092050Z info: syncing channel updates for 1.98.1-aarch64-apple-darwin
2026-09-14T03:24:42.3392390Z info: latest update on 2026-09-03 for version 1.98.1 (48a229cea 2026-09-01)
2026-09-14T03:24:42.3406790Z info: downloading 5 components
2026-09-14T03:24:49.6064360Z 
2026-09-14T03:24:49.6515980Z   1.98.1-aarch64-apple-darwin installed - rustc 1.98.1 (48a229cea 2026-09-01)
2026-09-14T03:24:49.6521270Z info: self-update is disabled for this build of rustup
2026-09-14T03:24:49.6522380Z info: any updates to rustup will need to be fetched with your system package manager
2026-09-14T03:24:49.6523290Z 
2026-09-14T03:24:49.6737770Z ##[end-action id=__dtolnay_rust-toolchain.__run_4;outcome=success;conclusion=success;duration_ms=7556]
2026-09-14T03:24:49.6751180Z ##[start-action display=rustup default 1.98.1;id=__dtolnay_rust-toolchain.__run_5]
2026-09-14T03:24:49.6785380Z ##[group]Run rustup default 1.98.1
2026-09-14T03:24:49.6785850Z [36;1mrustup default 1.98.1[0m
2026-09-14T03:24:49.6834380Z shell: /bin/bash --noprofile --norc -e -o pipefail {0}
2026-09-14T03:24:49.6834980Z env:
2026-09-14T03:24:49.6835220Z   CARGO_HOME: /Users/runner/.cargo
2026-09-14T03:24:49.6835670Z ##[endgroup]
2026-09-14T03:24:49.7770640Z info: using existing install for 1.98.1-aarch64-apple-darwin
2026-09-14T03:24:49.7801260Z info: default toolchain set to 1.98.1-aarch64-apple-darwin
2026-09-14T03:24:49.7801850Z 
2026-09-14T03:24:49.8019840Z   1.98.1-aarch64-apple-darwin unchanged - rustc 1.98.1 (48a229cea 2026-09-01)
2026-09-14T03:24:49.8020580Z 
2026-09-14T03:24:49.8023520Z info: note that the toolchain '1.98.1-aarch64-apple-darwin' is currently in use (overridden by '/Users/runner/work/System-Designer/System-Designer/rust-toolchain.toml')
2026-09-14T03:24:49.8042330Z ##[end-action id=__dtolnay_rust-toolchain.__run_5;outcome=success;conclusion=success;duration_ms=128]
2026-09-14T03:24:49.8045080Z ##[start-action display=Create cachekey;id=__dtolnay_rust-toolchain.rustc-version]
2026-09-14T03:24:49.8071440Z ##[group]Run DATE=$(rustc +1.98.1 --version --verbose | sed -ne 's/^commit-date: \(20[0-9][0-9]\)-\([01][0-9]\)-\([0-3][0-9]\)$/\1\2\3/p')
2026-09-14T03:24:49.8072330Z [36;1mDATE=$(rustc +1.98.1 --version --verbose | sed -ne 's/^commit-date: \(20[0-9][0-9]\)-\([01][0-9]\)-\([0-3][0-9]\)$/\1\2\3/p')[0m
2026-09-14T03:24:49.8079140Z [36;1mHASH=$(rustc +1.98.1 --version --verbose | sed -ne 's/^commit-hash: //p')[0m
2026-09-14T03:24:49.8079680Z [36;1mecho "cachekey=$(echo $DATE$HASH | head -c12)" >> $GITHUB_OUTPUT[0m
2026-09-14T03:24:49.8115510Z shell: /bin/bash --noprofile --norc -e -o pipefail {0}
2026-09-14T03:24:49.8115920Z env:
2026-09-14T03:24:49.8116110Z   CARGO_HOME: /Users/runner/.cargo
2026-09-14T03:24:49.8116430Z ##[endgroup]
2026-09-14T03:24:49.9246810Z ##[end-action id=__dtolnay_rust-toolchain.rustc-version;outcome=success;conclusion=success;duration_ms=120]
2026-09-14T03:24:49.9249270Z ##[start-action display=Disable incremental compilation;id=__dtolnay_rust-toolchain.__run_6]
2026-09-14T03:24:49.9266820Z ##[group]Run if [ -z "${CARGO_INCREMENTAL+set}" ]; then
2026-09-14T03:24:49.9267210Z [36;1mif [ -z "${CARGO_INCREMENTAL+set}" ]; then[0m
2026-09-14T03:24:49.9267600Z [36;1m  echo CARGO_INCREMENTAL=0 >> $GITHUB_ENV[0m
2026-09-14T03:24:49.9267870Z [36;1mfi[0m
2026-09-14T03:24:49.9297230Z shell: /bin/bash --noprofile --norc -e -o pipefail {0}
2026-09-14T03:24:49.9297570Z env:
2026-09-14T03:24:49.9297760Z   CARGO_HOME: /Users/runner/.cargo
2026-09-14T03:24:49.9298090Z ##[endgroup]
2026-09-14T03:24:49.9545400Z ##[end-action id=__dtolnay_rust-toolchain.__run_6;outcome=success;conclusion=success;duration_ms=29]
2026-09-14T03:24:49.9547690Z ##[start-action display=Enable colors in Cargo output;id=__dtolnay_rust-toolchain.__run_7]
2026-09-14T03:24:49.9564040Z ##[group]Run if [ -z "${CARGO_TERM_COLOR+set}" ]; then
2026-09-14T03:24:49.9564370Z [36;1mif [ -z "${CARGO_TERM_COLOR+set}" ]; then[0m
2026-09-14T03:24:49.9564650Z [36;1m  echo CARGO_TERM_COLOR=always >> $GITHUB_ENV[0m
2026-09-14T03:24:49.9564880Z [36;1mfi[0m
2026-09-14T03:24:49.9595560Z shell: /bin/bash --noprofile --norc -e -o pipefail {0}
2026-09-14T03:24:49.9595840Z env:
2026-09-14T03:24:49.9596030Z   CARGO_HOME: /Users/runner/.cargo
2026-09-14T03:24:49.9596230Z   CARGO_INCREMENTAL: 0
2026-09-14T03:24:49.9596470Z ##[endgroup]
2026-09-14T03:24:49.9848460Z ##[end-action id=__dtolnay_rust-toolchain.__run_7;outcome=success;conclusion=success;duration_ms=29]
2026-09-14T03:24:49.9850520Z ##[start-action display=Enable Cargo sparse registry;id=__dtolnay_rust-toolchain.__run_8]
2026-09-14T03:24:49.9877610Z ##[group]Run # implemented in 1.66, stabilized in 1.68, made default in 1.70
2026-09-14T03:24:49.9878060Z [36;1m# implemented in 1.66, stabilized in 1.68, made default in 1.70[0m
2026-09-14T03:24:49.9878690Z [36;1mif [ -z "${CARGO_REGISTRIES_CRATES_IO_PROTOCOL+set}" -o -f "/Users/runner/work/_temp"/.implicit_cargo_registries_crates_io_protocol ]; then[0m
2026-09-14T03:24:49.9879340Z [36;1m  if rustc +1.98.1 --version --verbose | grep -q '^release: 1\.6[89]\.'; then[0m
2026-09-14T03:24:49.9879820Z [36;1m    touch "/Users/runner/work/_temp"/.implicit_cargo_registries_crates_io_protocol || true[0m
2026-09-14T03:24:49.9880270Z [36;1m    echo CARGO_REGISTRIES_CRATES_IO_PROTOCOL=sparse >> $GITHUB_ENV[0m
2026-09-14T03:24:49.9880720Z [36;1m  elif rustc +1.98.1 --version --verbose | grep -q '^release: 1\.6[67]\.'; then[0m
2026-09-14T03:24:49.9881190Z [36;1m    touch "/Users/runner/work/_temp"/.implicit_cargo_registries_crates_io_protocol || true[0m
2026-09-14T03:24:49.9881720Z [36;1m    echo CARGO_REGISTRIES_CRATES_IO_PROTOCOL=git >> $GITHUB_ENV[0m
2026-09-14T03:24:49.9882060Z [36;1m  fi[0m
2026-09-14T03:24:49.9882230Z [36;1mfi[0m
2026-09-14T03:24:49.9914110Z shell: /bin/bash --noprofile --norc -e -o pipefail {0}
2026-09-14T03:24:49.9914400Z env:
2026-09-14T03:24:49.9914580Z   CARGO_HOME: /Users/runner/.cargo
2026-09-14T03:24:49.9914810Z   CARGO_INCREMENTAL: 0
2026-09-14T03:24:49.9914990Z   CARGO_TERM_COLOR: always
2026-09-14T03:24:49.9915220Z ##[endgroup]
2026-09-14T03:24:50.1276810Z ##[end-action id=__dtolnay_rust-toolchain.__run_8;outcome=success;conclusion=success;duration_ms=142]
2026-09-14T03:24:50.1279080Z ##[start-action display=Work around spurious network errors in curl 8.0;id=__dtolnay_rust-toolchain.__run_9]
2026-09-14T03:24:50.1300420Z ##[group]Run # https://rust-lang.zulipchat.com/#narrow/stream/246057-t-cargo/topic/timeout.20investigation
2026-09-14T03:24:50.1301100Z [36;1m# https://rust-lang.zulipchat.com/#narrow/stream/246057-t-cargo/topic/timeout.20investigation[0m
2026-09-14T03:24:50.1301630Z [36;1mif rustc +1.98.1 --version --verbose | grep -q '^release: 1\.7[01]\.'; then[0m
2026-09-14T03:24:50.1302030Z [36;1m  echo CARGO_HTTP_MULTIPLEXING=false >> $GITHUB_ENV[0m
2026-09-14T03:24:50.1302280Z [36;1mfi[0m
2026-09-14T03:24:50.1348690Z shell: /bin/bash --noprofile --norc -e -o pipefail {0}
2026-09-14T03:24:50.1349590Z env:
2026-09-14T03:24:50.1350030Z   CARGO_HOME: /Users/runner/.cargo
2026-09-14T03:24:50.1350680Z   CARGO_INCREMENTAL: 0
2026-09-14T03:24:50.1351170Z   CARGO_TERM_COLOR: always
2026-09-14T03:24:50.1351670Z ##[endgroup]
2026-09-14T03:24:50.2087530Z ##[end-action id=__dtolnay_rust-toolchain.__run_9;outcome=success;conclusion=success;duration_ms=80]
2026-09-14T03:24:50.2093020Z ##[start-action display=rustc +1.98.1 --version --verbose;id=__dtolnay_rust-toolchain.__run_10]
2026-09-14T03:24:50.2112550Z ##[group]Run rustc +1.98.1 --version --verbose
2026-09-14T03:24:50.2112900Z [36;1mrustc +1.98.1 --version --verbose[0m
2026-09-14T03:24:50.2146560Z shell: /bin/bash --noprofile --norc -e -o pipefail {0}
2026-09-14T03:24:50.2146900Z env:
2026-09-14T03:24:50.2147080Z   CARGO_HOME: /Users/runner/.cargo
2026-09-14T03:24:50.2147290Z   CARGO_INCREMENTAL: 0
2026-09-14T03:24:50.2147470Z   CARGO_TERM_COLOR: always
2026-09-14T03:24:50.2147710Z ##[endgroup]
2026-09-14T03:24:50.2798990Z rustc 1.98.1 (48a229cea 2026-09-01)
2026-09-14T03:24:50.2801220Z binary: rustc
2026-09-14T03:24:50.2823910Z commit-hash: 48a229ceaefd4985c50990b14116b6d856af0985
2026-09-14T03:24:50.2824760Z commit-date: 2026-09-01
2026-09-14T03:24:50.2825180Z host: aarch64-apple-darwin
2026-09-14T03:24:50.2825430Z release: 1.98.1
2026-09-14T03:24:50.2825640Z LLVM version: 22.1.8
2026-09-14T03:24:50.2832760Z ##[end-action id=__dtolnay_rust-toolchain.__run_10;outcome=success;conclusion=success;duration_ms=73]
2026-09-14T03:24:50.2894660Z ##[group]Run python packaging/verify-branding.py
2026-09-14T03:24:50.2895040Z [36;1mpython packaging/verify-branding.py[0m
2026-09-14T03:24:50.2927180Z shell: /bin/bash -e {0}
2026-09-14T03:24:50.2939340Z env:
2026-09-14T03:24:50.2939590Z   CARGO_HOME: /Users/runner/.cargo
2026-09-14T03:24:50.2939810Z   CARGO_INCREMENTAL: 0
2026-09-14T03:24:50.2939970Z   CARGO_TERM_COLOR: always
2026-09-14T03:24:50.2940140Z ##[endgroup]
2026-09-14T03:24:50.7128490Z Verified 42 branding files, selected-source binding, PNG sizes, ICO frames and ICNS structure
2026-09-14T03:24:50.7265090Z ##[group]Run actions/setup-python@v7.0.0
2026-09-14T03:24:50.7265390Z with:
2026-09-14T03:24:50.7265580Z   python-version: 3.12
2026-09-14T03:24:50.7265790Z   check-latest: false
2026-09-14T03:24:50.7267840Z   token: ***
2026-09-14T03:24:50.7268040Z   update-environment: true
2026-09-14T03:24:50.7268260Z   allow-prereleases: false
2026-09-14T03:24:50.7268610Z   freethreaded: false
2026-09-14T03:24:50.7268790Z env:
2026-09-14T03:24:50.7268980Z   CARGO_HOME: /Users/runner/.cargo
2026-09-14T03:24:50.7269230Z   CARGO_INCREMENTAL: 0
2026-09-14T03:24:50.7269410Z   CARGO_TERM_COLOR: always
2026-09-14T03:24:50.7269580Z ##[endgroup]
2026-09-14T03:24:50.9065080Z ##[group]Installed versions
2026-09-14T03:24:50.9177260Z Successfully set up CPython (3.12.10)
2026-09-14T03:24:50.9178800Z ##[endgroup]
2026-09-14T03:24:50.9241490Z ##[group]Run python tools/verify.py --log-dir target/qualification
2026-09-14T03:24:50.9241910Z [36;1mpython tools/verify.py --log-dir target/qualification[0m
2026-09-14T03:24:50.9315750Z shell: /bin/bash -e {0}
2026-09-14T03:24:50.9316260Z env:
2026-09-14T03:24:50.9316450Z   CARGO_HOME: /Users/runner/.cargo
2026-09-14T03:24:50.9316660Z   CARGO_INCREMENTAL: 0
2026-09-14T03:24:50.9316840Z   CARGO_TERM_COLOR: always
2026-09-14T03:24:50.9317120Z   pythonLocation: /Users/runner/hostedtoolcache/Python/3.12.10/arm64
2026-09-14T03:24:50.9317720Z   PKG_CONFIG_PATH: /Users/runner/hostedtoolcache/Python/3.12.10/arm64/lib/pkgconfig
2026-09-14T03:24:50.9318250Z   Python_ROOT_DIR: /Users/runner/hostedtoolcache/Python/3.12.10/arm64
2026-09-14T03:24:50.9318700Z   Python2_ROOT_DIR: /Users/runner/hostedtoolcache/Python/3.12.10/arm64
2026-09-14T03:24:50.9319170Z   Python3_ROOT_DIR: /Users/runner/hostedtoolcache/Python/3.12.10/arm64
2026-09-14T03:24:50.9319490Z ##[endgroup]
2026-09-14T03:24:51.3397630Z Running fmt: cargo fmt --all -- --check
2026-09-14T03:24:51.7576210Z Running all-targets: cargo test --locked --all-targets --all-features
2026-09-14T03:26:14.5798520Z Running headless: cargo test --locked --all-targets --no-default-features
2026-09-14T03:26:28.0944410Z Running clippy: cargo clippy --locked --all-targets --all-features -- -D warnings
2026-09-14T03:26:47.5228120Z Running clippy-headless: cargo clippy --locked --all-targets --no-default-features -- -D warnings
2026-09-14T03:26:49.7246900Z Running doctest: cargo test --locked --doc --all-features
2026-09-14T03:26:50.7504650Z Running rustdoc: cargo doc --locked --no-deps --all-features
2026-09-14T03:26:54.7472180Z Running release: cargo build --locked --release --bin system-designer --bin designer-check
2026-09-14T03:28:54.9813390Z Running self-design: cargo run --locked --no-default-features --bin designer-check -- design/system-designer.project.json
2026-09-14T03:28:55.3153870Z Complete logs: target/qualification
2026-09-14T03:28:55.3407200Z ##[group]Run actions/upload-artifact@v7.0.1
2026-09-14T03:28:55.3407600Z with:
2026-09-14T03:28:55.3407860Z   name: qualification-macos-latest
2026-09-14T03:28:55.3408120Z   path: target/qualification/
2026-09-14T03:28:55.3408420Z   if-no-files-found: error
2026-09-14T03:28:55.3408640Z   compression-level: 6
2026-09-14T03:28:55.3408910Z   overwrite: false
2026-09-14T03:28:55.3409130Z   include-hidden-files: false
2026-09-14T03:28:55.3409400Z   archive: true
2026-09-14T03:28:55.3409580Z env:
2026-09-14T03:28:55.3409880Z   CARGO_HOME: /Users/runner/.cargo
2026-09-14T03:28:55.3411020Z   CARGO_INCREMENTAL: 0
2026-09-14T03:28:55.3411480Z   CARGO_TERM_COLOR: always
2026-09-14T03:28:55.3411860Z   pythonLocation: /Users/runner/hostedtoolcache/Python/3.12.10/arm64
2026-09-14T03:28:55.3412440Z   PKG_CONFIG_PATH: /Users/runner/hostedtoolcache/Python/3.12.10/arm64/lib/pkgconfig
2026-09-14T03:28:55.3412960Z   Python_ROOT_DIR: /Users/runner/hostedtoolcache/Python/3.12.10/arm64
2026-09-14T03:28:55.3413500Z   Python2_ROOT_DIR: /Users/runner/hostedtoolcache/Python/3.12.10/arm64
2026-09-14T03:28:55.3414020Z   Python3_ROOT_DIR: /Users/runner/hostedtoolcache/Python/3.12.10/arm64
2026-09-14T03:28:55.3414390Z ##[endgroup]
2026-09-14T03:28:55.7940120Z With the provided path, there will be 10 files uploaded
2026-09-14T03:28:55.7942910Z Artifact name is valid!
2026-09-14T03:28:55.7943420Z Root directory input is valid!
2026-09-14T03:28:56.0295070Z Uploading artifact: qualification-macos-latest.zip
2026-09-14T03:28:56.0295870Z Beginning upload of artifact content to blob storage
2026-09-14T03:28:56.1386680Z Uploaded bytes 15882
2026-09-14T03:28:56.1533770Z Finished uploading artifact content to blob storage!
2026-09-14T03:28:56.1534600Z SHA256 digest of uploaded artifact is 3a8d923bdd1571104de613df05d8efb816290a1cd49ffdb8b478a015cb6bd946
2026-09-14T03:28:56.1535260Z Finalizing artifact upload
2026-09-14T03:28:56.3772930Z Artifact qualification-macos-latest successfully finalized. Artifact ID 10331749200
2026-09-14T03:28:56.3773980Z Artifact qualification-macos-latest has been successfully uploaded! Final size is 15882 bytes. Artifact ID is 10331749200
2026-09-14T03:28:56.3774800Z Artifact download URL: https://github.com/lgardner-dev/System-Designer/actions/runs/34802501738/artifacts/10331749200
2026-09-14T03:28:56.3840040Z ##[group]Run mkdir -p 'dist/System Designer.app/Contents/MacOS' 'dist/System Designer.app/Contents/Resources'
2026-09-14T03:28:56.3840900Z [36;1mmkdir -p 'dist/System Designer.app/Contents/MacOS' 'dist/System Designer.app/Contents/Resources'[0m
2026-09-14T03:28:56.3841720Z [36;1mcp assets/branding/macos/system-designer.icns 'dist/System Designer.app/Contents/Resources/system-designer.icns'[0m
2026-09-14T03:28:56.3842400Z [36;1mcp target/release/system-designer 'dist/System Designer.app/Contents/MacOS/SystemDesigner'[0m
2026-09-14T03:28:56.3842940Z [36;1mcat > 'dist/System Designer.app/Contents/Info.plist' <<'PLIST'[0m
2026-09-14T03:28:56.3843370Z [36;1m<?xml version="1.0" encoding="UTF-8"?>[0m
2026-09-14T03:28:56.3843940Z [36;1m<!DOCTYPE plist PUBLIC "-//Apple//DTD PLIST 1.0//EN" "http://www.apple.com/DTDs/PropertyList-1.0.dtd">[0m
2026-09-14T03:28:56.3844430Z [36;1m<plist version="1.0"><dict>[0m
2026-09-14T03:28:56.3844850Z [36;1m<key>CFBundleName</key><string>System Designer</string>[0m
2026-09-14T03:28:56.3845280Z [36;1m<key>CFBundleIdentifier</key><string>org.systemdesigner.desktop</string>[0m
2026-09-14T03:28:56.3845770Z [36;1m<key>CFBundleExecutable</key><string>SystemDesigner</string>[0m
2026-09-14T03:28:56.3846310Z [36;1m<key>CFBundleIconFile</key><string>system-designer.icns</string>[0m
2026-09-14T03:28:56.3846750Z [36;1m<key>CFBundlePackageType</key><string>APPL</string>[0m
2026-09-14T03:28:56.3847200Z [36;1m<key>CFBundleShortVersionString</key><string>0.2.0</string>[0m
2026-09-14T03:28:56.3847620Z [36;1m<key>NSHighResolutionCapable</key><true/>[0m
2026-09-14T03:28:56.3847900Z [36;1m</dict></plist>[0m
2026-09-14T03:28:56.3848110Z [36;1mPLIST[0m
2026-09-14T03:28:56.3848580Z [36;1mcmp assets/branding/macos/system-designer.icns 'dist/System Designer.app/Contents/Resources/system-designer.icns'[0m
2026-09-14T03:28:56.3849430Z [36;1m/usr/libexec/PlistBuddy -c 'Print :CFBundleIconFile' 'dist/System Designer.app/Contents/Info.plist' | grep -qx 'system-designer.icns'[0m
2026-09-14T03:28:56.3850340Z [36;1mhdiutil create -volname 'System Designer' -srcfolder 'dist/System Designer.app' -ov -format UDZO dist/SystemDesigner-macOS.dmg[0m
2026-09-14T03:28:56.3850850Z [36;1mcp Cargo.lock dist/[0m
2026-09-14T03:28:56.4124420Z shell: /bin/bash -e {0}
2026-09-14T03:28:56.4124970Z env:
2026-09-14T03:28:56.4125140Z   CARGO_HOME: /Users/runner/.cargo
2026-09-14T03:28:56.4125390Z   CARGO_INCREMENTAL: 0
2026-09-14T03:28:56.4125630Z   CARGO_TERM_COLOR: always
2026-09-14T03:28:56.4125950Z   pythonLocation: /Users/runner/hostedtoolcache/Python/3.12.10/arm64
2026-09-14T03:28:56.4126480Z   PKG_CONFIG_PATH: /Users/runner/hostedtoolcache/Python/3.12.10/arm64/lib/pkgconfig
2026-09-14T03:28:56.4126990Z   Python_ROOT_DIR: /Users/runner/hostedtoolcache/Python/3.12.10/arm64
2026-09-14T03:28:56.4127470Z   Python2_ROOT_DIR: /Users/runner/hostedtoolcache/Python/3.12.10/arm64
2026-09-14T03:28:56.4127890Z   Python3_ROOT_DIR: /Users/runner/hostedtoolcache/Python/3.12.10/arm64
2026-09-14T03:28:56.4128210Z ##[endgroup]
2026-09-14T03:29:11.6122800Z created: /Users/runner/work/System-Designer/System-Designer/dist/SystemDesigner-macOS.dmg
2026-09-14T03:29:11.6991220Z ##[group]Run actions/upload-artifact@v7.0.1
2026-09-14T03:29:11.6991570Z with:
2026-09-14T03:29:11.6991890Z   name: SystemDesigner-macos-latest
2026-09-14T03:29:11.6992760Z   path: dist/
Cargo.lock

2026-09-14T03:29:11.6993100Z   if-no-files-found: error
2026-09-14T03:29:11.6993450Z   compression-level: 6
2026-09-14T03:29:11.6993730Z   overwrite: false
2026-09-14T03:29:11.6994040Z   include-hidden-files: false
2026-09-14T03:29:11.6994400Z   archive: true
2026-09-14T03:29:11.6994640Z env:
2026-09-14T03:29:11.6994920Z   CARGO_HOME: /Users/runner/.cargo
2026-09-14T03:29:11.6995390Z   CARGO_INCREMENTAL: 0
2026-09-14T03:29:11.6995700Z   CARGO_TERM_COLOR: always
2026-09-14T03:29:11.6996170Z   pythonLocation: /Users/runner/hostedtoolcache/Python/3.12.10/arm64
2026-09-14T03:29:11.6996750Z   PKG_CONFIG_PATH: /Users/runner/hostedtoolcache/Python/3.12.10/arm64/lib/pkgconfig
2026-09-14T03:29:11.6999850Z   Python_ROOT_DIR: /Users/runner/hostedtoolcache/Python/3.12.10/arm64
2026-09-14T03:29:11.7000680Z   Python2_ROOT_DIR: /Users/runner/hostedtoolcache/Python/3.12.10/arm64
2026-09-14T03:29:11.7001120Z   Python3_ROOT_DIR: /Users/runner/hostedtoolcache/Python/3.12.10/arm64
2026-09-14T03:29:11.7001530Z ##[endgroup]
2026-09-14T03:29:12.0181960Z Multiple search paths detected. Calculating the least common ancestor of all paths
2026-09-14T03:29:12.0183430Z The least common ancestor is /Users/runner/work/System-Designer/System-Designer. This will be the root directory of the artifact
2026-09-14T03:29:12.0184220Z With the provided path, there will be 6 files uploaded
2026-09-14T03:29:12.0184920Z Artifact name is valid!
2026-09-14T03:29:12.0185520Z Root directory input is valid!
2026-09-14T03:29:12.1671660Z Uploading artifact: SystemDesigner-macos-latest.zip
2026-09-14T03:29:12.1697980Z Beginning upload of artifact content to blob storage
2026-09-14T03:29:12.7201180Z Uploaded bytes 8388608
2026-09-14T03:29:12.7677290Z Uploaded bytes 8961719
2026-09-14T03:29:12.7804790Z Finished uploading artifact content to blob storage!
2026-09-14T03:29:12.7805560Z SHA256 digest of uploaded artifact is 49a77b9f859f7a7ad815f64b4c51fb8ab2caef27862dcc486a6fe7f1aa1f769e
2026-09-14T03:29:12.7806220Z Finalizing artifact upload
2026-09-14T03:29:13.0004680Z Artifact SystemDesigner-macos-latest successfully finalized. Artifact ID 10331948031
2026-09-14T03:29:13.0006180Z Artifact SystemDesigner-macos-latest has been successfully uploaded! Final size is 8961719 bytes. Artifact ID is 10331948031
2026-09-14T03:29:13.0011160Z Artifact download URL: https://github.com/lgardner-dev/System-Designer/actions/runs/34802501738/artifacts/10331948031
2026-09-14T03:29:13.0172560Z Post job cleanup.
2026-09-14T03:29:13.2064950Z Post job cleanup.
2026-09-14T03:29:13.2931330Z [command]/opt/homebrew/bin/git version
2026-09-14T03:29:13.3138210Z git version 2.55.0
2026-09-14T03:29:13.3157880Z Copying '/Users/runner/.gitconfig' to '/Users/runner/work/_temp/e1fe9938-bf75-4f01-bd78-6a73171aff94/.gitconfig'
2026-09-14T03:29:13.3173230Z Temporarily overriding HOME='/Users/runner/work/_temp/e1fe9938-bf75-4f01-bd78-6a73171aff94' before making global git config changes
2026-09-14T03:29:13.3174210Z Adding repository directory to the temporary git global config as a safe directory
2026-09-14T03:29:13.3177740Z [command]/opt/homebrew/bin/git config --global --add safe.directory /Users/runner/work/System-Designer/System-Designer
2026-09-14T03:29:13.3284660Z Removing SSH command configuration
2026-09-14T03:29:13.3289500Z [command]/opt/homebrew/bin/git config --local --name-only --get-regexp core\.sshCommand
2026-09-14T03:29:13.3347050Z [command]/opt/homebrew/bin/git submodule foreach --recursive sh -c "git config --local --name-only --get-regexp 'core\.sshCommand' && git config --local --unset-all 'core.sshCommand' || :"
2026-09-14T03:29:13.4216330Z Removing HTTP extra header
2026-09-14T03:29:13.4222280Z [command]/opt/homebrew/bin/git config --local --name-only --get-regexp http\.https\:\/\/github\.com\/\.extraheader
2026-09-14T03:29:13.4308320Z [command]/opt/homebrew/bin/git submodule foreach --recursive sh -c "git config --local --name-only --get-regexp 'http\.https\:\/\/github\.com\/\.extraheader' && git config --local --unset-all 'http.https://github.com/.extraheader' || :"
2026-09-14T03:29:13.5181370Z Removing includeIf entries pointing to credentials config files
2026-09-14T03:29:13.5185600Z [command]/opt/homebrew/bin/git config --local --name-only --get-regexp ^includeIf\.gitdir:
2026-09-14T03:29:13.5263600Z includeif.gitdir:/Users/runner/work/System-Designer/System-Designer/.git.path
2026-09-14T03:29:13.5366790Z includeif.gitdir:/Users/runner/work/System-Designer/System-Designer/.git/worktrees/*.path
2026-09-14T03:29:13.5378170Z includeif.gitdir:/github/workspace/.git.path
2026-09-14T03:29:13.5443630Z includeif.gitdir:/github/workspace/.git/worktrees/*.path
2026-09-14T03:29:13.5446280Z [command]/opt/homebrew/bin/git config --local --get-all includeif.gitdir:/Users/runner/work/System-Designer/System-Designer/.git.path
2026-09-14T03:29:13.5457800Z /Users/runner/work/_temp/git-credentials-af0d7c67-d9c9-4575-9244-a665897f9c57.config
2026-09-14T03:29:13.5460960Z [command]/opt/homebrew/bin/git config --local --unset includeif.gitdir:/Users/runner/work/System-Designer/System-Designer/.git.path \/Users\/runner\/work\/_temp\/git\-credentials\-af0d7c67\-d9c9\-4575\-9244\-a665897f9c57\.config
2026-09-14T03:29:13.5472380Z [command]/opt/homebrew/bin/git config --local --get-all includeif.gitdir:/Users/runner/work/System-Designer/System-Designer/.git/worktrees/*.path
2026-09-14T03:29:13.5535590Z /Users/runner/work/_temp/git-credentials-af0d7c67-d9c9-4575-9244-a665897f9c57.config
2026-09-14T03:29:13.5544940Z [command]/opt/homebrew/bin/git config --local --unset includeif.gitdir:/Users/runner/work/System-Designer/System-Designer/.git/worktrees/*.path \/Users\/runner\/work\/_temp\/git\-credentials\-af0d7c67\-d9c9\-4575\-9244\-a665897f9c57\.config
2026-09-14T03:29:13.5678400Z [command]/opt/homebrew/bin/git config --local --get-all includeif.gitdir:/github/workspace/.git.path
2026-09-14T03:29:13.5744450Z /github/runner_temp/git-credentials-af0d7c67-d9c9-4575-9244-a665897f9c57.config
2026-09-14T03:29:13.5757800Z [command]/opt/homebrew/bin/git config --local --unset includeif.gitdir:/github/workspace/.git.path \/github\/runner_temp\/git\-credentials\-af0d7c67\-d9c9\-4575\-9244\-a665897f9c57\.config
2026-09-14T03:29:13.5821630Z [command]/opt/homebrew/bin/git config --local --get-all includeif.gitdir:/github/workspace/.git/worktrees/*.path
2026-09-14T03:29:13.5893290Z /github/runner_temp/git-credentials-af0d7c67-d9c9-4575-9244-a665897f9c57.config
2026-09-14T03:29:13.5908610Z [command]/opt/homebrew/bin/git config --local --unset includeif.gitdir:/github/workspace/.git/worktrees/*.path \/github\/runner_temp\/git\-credentials\-af0d7c67\-d9c9\-4575\-9244\-a665897f9c57\.config
2026-09-14T03:29:13.6048890Z [command]/opt/homebrew/bin/git submodule foreach --recursive git config --local --show-origin --name-only --get-regexp remote.origin.url
2026-09-14T03:29:13.6971210Z Removing credentials config '/Users/runner/work/_temp/git-credentials-af0d7c67-d9c9-4575-9244-a665897f9c57.config'
2026-09-14T03:29:13.7290260Z Cleaning up orphan processes
