[1m[92m    Updating[0m crates.io index
[1m[92m Downloading[0m crates ...
[1m[92m  Downloaded[0m owned_ttf_parser v0.25.1
[1m[92m  Downloaded[0m parking v2.2.1
[1m[92m  Downloaded[0m profiling v1.0.18
[1m[92m  Downloaded[0m ordered-stream v0.2.0
[1m[92m  Downloaded[0m ab_glyph v0.2.32
[1m[92m  Downloaded[0m parking_lot v0.12.5
[1m[92m  Downloaded[0m wayland-scanner v0.31.11
[1m[92m  Downloaded[0m wayland-client v0.31.15
[1m[92m  Downloaded[0m endi v1.1.1
[1m[92m  Downloaded[0m serde_derive v1.0.229
[1m[92m  Downloaded[0m renderdoc-sys v1.1.0
[1m[92m  Downloaded[0m pin-project-lite v0.2.17
[1m[92m  Downloaded[0m enumflags2_derive v0.7.12
[1m[92m  Downloaded[0m ppv-lite86 v0.2.21
[1m[92m  Downloaded[0m potential_utf v0.1.6
[1m[92m  Downloaded[0m form_urlencoded v1.2.2
[1m[92m  Downloaded[0m enumflags2 v0.7.12
[1m[92m  Downloaded[0m futures-io v0.3.34
[1m[92m  Downloaded[0m futures-task v0.3.34
[1m[92m  Downloaded[0m gethostname v1.1.0
[1m[92m  Downloaded[0m scoped-tls v1.0.1
[1m[92m  Downloaded[0m glutin-winit v0.5.0
[1m[92m  Downloaded[0m glutin_glx_sys v0.6.1
[1m[92m  Downloaded[0m zbus-lockstep v0.5.2
[1m[92m  Downloaded[0m option-ext v0.2.0
[1m[92m  Downloaded[0m generic-array v0.14.7
[1m[92m  Downloaded[0m proc-macro-crate v3.5.0
[1m[92m  Downloaded[0m gl_generator v0.14.0
[1m[92m  Downloaded[0m shlex v2.0.1
[1m[92m  Downloaded[0m tempfile v3.27.0
[1m[92m  Downloaded[0m futures-macro v0.3.34
[1m[92m  Downloaded[0m zerofrom v0.1.8
[1m[92m  Downloaded[0m epaint v0.33.3
[1m[92m  Downloaded[0m fdeflate v0.3.7
[1m[92m  Downloaded[0m litemap v0.8.3
[1m[92m  Downloaded[0m wayland-cursor v0.31.14
[1m[92m  Downloaded[0m fastrand v2.5.0
[1m[92m  Downloaded[0m futures-lite v2.6.1
[1m[92m  Downloaded[0m log v0.4.34
[1m[92m  Downloaded[0m num-traits v0.2.19
[1m[92m  Downloaded[0m quick-error v2.0.1
[1m[92m  Downloaded[0m rand_chacha v0.9.0
[1m[92m  Downloaded[0m rustc-hash v1.1.0
[1m[92m  Downloaded[0m rustc-hash v2.1.3
[1m[92m  Downloaded[0m serde_spanned v1.1.1
[1m[92m  Downloaded[0m stable_deref_trait v1.2.1
[1m[92m  Downloaded[0m thiserror-impl v2.0.20
[1m[92m  Downloaded[0m toml_datetime v1.1.1+spec-1.1.0
[1m[92m  Downloaded[0m version_check v0.9.5
[1m[92m  Downloaded[0m wayland-sys v0.31.11
[1m[92m  Downloaded[0m getrandom v0.3.4
[1m[92m  Downloaded[0m getrandom v0.4.3
[1m[92m  Downloaded[0m wgpu-core-deps-windows-linux-android v27.0.0
[1m[92m  Downloaded[0m raw-window-handle v0.6.2
[1m[92m  Downloaded[0m sha2 v0.10.9
[1m[92m  Downloaded[0m pollster v0.4.0
[1m[92m  Downloaded[0m icu_collections v2.3.0
[1m[92m  Downloaded[0m thiserror-impl v1.0.69
[1m[92m  Downloaded[0m hashbrown v0.16.1
[1m[92m  Downloaded[0m libm v0.2.16
[1m[92m  Downloaded[0m weezl v0.1.12
[1m[92m  Downloaded[0m zerocopy-derive v0.8.57
[1m[92m  Downloaded[0m futures-util v0.3.34
[1m[92m  Downloaded[0m hexf-parse v0.2.1
[1m[92m  Downloaded[0m itoa v1.0.18
[1m[92m  Downloaded[0m scopeguard v1.2.0
[1m[92m  Downloaded[0m smol_str v0.2.2
[1m[92m  Downloaded[0m urlencoding v2.1.3
[1m[92m  Downloaded[0m utf8_iter v1.0.4
[1m[92m  Downloaded[0m wayland-protocols-misc v0.3.12
[1m[92m  Downloaded[0m errno v0.3.14
[1m[92m  Downloaded[0m event-listener-strategy v0.5.4
[1m[92m  Downloaded[0m toml_parser v1.1.3+spec-1.1.0
[1m[92m  Downloaded[0m yoke-derive v0.8.2
[1m[92m  Downloaded[0m quote v1.0.47
[1m[92m  Downloaded[0m web-time v1.1.0
[1m[92m  Downloaded[0m polling v3.11.0
[1m[92m  Downloaded[0m calloop-wayland-source v0.4.1
[1m[92m  Downloaded[0m percent-encoding v2.3.2
[1m[92m  Downloaded[0m serde_repr v0.1.21
[1m[92m  Downloaded[0m signal-hook-registry v1.4.8
[1m[92m  Downloaded[0m simd-adler32 v0.3.10
[1m[92m  Downloaded[0m synstructure v0.13.2
[1m[92m  Downloaded[0m thiserror v2.0.20
[1m[92m  Downloaded[0m rustc_version v0.4.1
[1m[92m  Downloaded[0m slab v0.4.12
[1m[92m  Downloaded[0m tracing-attributes v0.1.31
[1m[92m  Downloaded[0m parking_lot_core v0.9.12
[1m[92m  Downloaded[0m pkg-config v0.3.34
[1m[92m  Downloaded[0m wayland-protocols-wlr v0.3.12
[1m[92m  Downloaded[0m piper v0.2.5
[1m[92m  Downloaded[0m static_assertions v1.1.0
[1m[92m  Downloaded[0m zune-core v0.5.3
[1m[92m  Downloaded[0m async-fs v2.2.0
[1m[92m  Downloaded[0m bit-set v0.8.0
[1m[92m  Downloaded[0m proc-macro2 v1.0.107
[1m[92m  Downloaded[0m serde_core v1.0.229
[1m[92m  Downloaded[0m zvariant_utils v4.2.0
[1m[92m  Downloaded[0m concurrent-queue v2.5.0
[1m[92m  Downloaded[0m toml_writer v1.1.2+spec-1.1.0
[1m[92m  Downloaded[0m async-executor v1.14.0
[1m[92m  Downloaded[0m async-net v2.0.0
[1m[92m  Downloaded[0m atspi-connection v0.9.0
[1m[92m  Downloaded[0m tinystr v0.8.4
[1m[92m  Downloaded[0m wayland-csd-frame v0.3.0
[1m[92m  Downloaded[0m async-signal v0.2.14
[1m[92m  Downloaded[0m smallvec v1.16.1
[1m[92m  Downloaded[0m toml_edit v0.25.15+spec-1.1.0
[1m[92m  Downloaded[0m wayland-protocols v0.32.13
[1m[92m  Downloaded[0m wayland-protocols-experimental v20250721.0.1
[1m[92m  Downloaded[0m semver v1.0.28
[1m[92m  Downloaded[0m thiserror v1.0.69
[1m[92m  Downloaded[0m tracing-core v0.1.36
[1m[92m  Downloaded[0m arrayvec v0.7.8
[1m[92m  Downloaded[0m async-process v2.5.0
[1m[92m  Downloaded[0m unicode-ident v1.0.24
[1m[92m  Downloaded[0m type-map v0.5.1
[1m[92m  Downloaded[0m webbrowser v1.2.4
[1m[92m  Downloaded[0m rfd v0.15.4
[1m[92m  Downloaded[0m accesskit_unix v0.17.2
[1m[92m  Downloaded[0m async-channel v2.5.0
[1m[92m  Downloaded[0m async-task v4.7.1
[1m[92m  Downloaded[0m uuid v1.26.1
[1m[92m  Downloaded[0m accesskit_consumer v0.31.0
[1m[92m  Downloaded[0m rand v0.9.5
[1m[92m  Downloaded[0m rand_core v0.9.5
[1m[92m  Downloaded[0m wayland-backend v0.3.17
[1m[92m  Downloaded[0m as-raw-xcb-connection v1.0.1
[1m[92m  Downloaded[0m embed-resource v3.0.11
[1m[92m  Downloaded[0m zmij v1.0.23
[1m[92m  Downloaded[0m bytemuck v1.25.2
[1m[92m  Downloaded[0m quick-xml v0.41.0
[1m[92m  Downloaded[0m serde v1.0.229
[1m[92m  Downloaded[0m serde_json v1.0.151
[1m[92m  Downloaded[0m smithay-clipboard v0.7.3
[1m[92m  Downloaded[0m url v2.5.8
[1m[92m  Downloaded[0m byteorder-lite v0.1.0
[1m[92m  Downloaded[0m toml v1.1.6+spec-1.1.0
[1m[92m  Downloaded[0m wayland-protocols-plasma v0.3.12
[1m[92m  Downloaded[0m zbus_names v4.3.4
[1m[92m  Downloaded[0m accesskit_winit v0.29.2
[1m[92m  Downloaded[0m equivalent v1.0.2
[1m[92m  Downloaded[0m unicode-segmentation v1.13.3
[1m[92m  Downloaded[0m winnow v1.0.4
[1m[92m  Downloaded[0m async-io v2.6.0
[1m[92m  Downloaded[0m blocking v1.7.0
[1m[92m  Downloaded[0m egui_glow v0.33.3
[1m[92m  Downloaded[0m typenum v1.20.1
[1m[92m  Downloaded[0m zune-jpeg v0.5.15
[1m[92m  Downloaded[0m arboard v3.6.1
[1m[92m  Downloaded[0m calloop v0.13.0
[1m[92m  Downloaded[0m pxfm v0.1.30
[1m[92m  Downloaded[0m tiff v0.11.3
[1m[92m  Downloaded[0m zerovec v0.11.8
[1m[92m  Downloaded[0m calloop v0.14.4
[1m[92m  Downloaded[0m smithay-client-toolkit v0.20.0
[1m[92m  Downloaded[0m png v0.18.1
[1m[92m  Downloaded[0m smithay-client-toolkit v0.19.2
[1m[92m  Downloaded[0m zvariant v5.15.0
[1m[92m  Downloaded[0m async-recursion v1.1.1
[1m[92m  Downloaded[0m atspi v0.25.0
[1m[92m  Downloaded[0m ttf-parser v0.25.1
[1m[92m  Downloaded[0m ashpd v0.11.1
[1m[92m  Downloaded[0m syn v3.0.5
[1m[92m  Downloaded[0m unicode-width v0.2.2
[1m[92m  Downloaded[0m wgpu v27.0.1
[1m[92m  Downloaded[0m rustix v0.38.44
[1m[92m  Downloaded[0m wgpu-core v27.0.3
[1m[92m  Downloaded[0m rustix v1.1.4
[1m[92m  Downloaded[0m tracing v0.1.44
[1m[92m  Downloaded[0m syn v2.0.119
[1m[92m  Downloaded[0m crossbeam-utils v0.8.23
[1m[92m  Downloaded[0m xcursor v0.3.11
[1m[92m  Downloaded[0m xkbcommon-dl v0.4.2
[1m[92m  Downloaded[0m ecolor v0.33.3
[1m[92m  Downloaded[0m egui-winit v0.33.3
[1m[92m  Downloaded[0m dpi v0.1.2
[1m[92m  Downloaded[0m glutin_egl_sys v0.7.1
[1m[92m  Downloaded[0m hex v0.4.3
[1m[92m  Downloaded[0m memoffset v0.9.1
[1m[92m  Downloaded[0m directories v6.0.0
[1m[92m  Downloaded[0m dirs-sys v0.5.0
[1m[92m  Downloaded[0m dlib v0.5.3
[1m[92m  Downloaded[0m atomic-waker v1.1.2
[1m[92m  Downloaded[0m crypto-common v0.1.7
[1m[92m  Downloaded[0m digest v0.10.7
[1m[92m  Downloaded[0m zcheapstr v1.1.0
[1m[92m  Downloaded[0m zerofrom-derive v0.1.7
[1m[92m  Downloaded[0m calloop-wayland-source v0.3.0
[1m[92m  Downloaded[0m document-features v0.2.12
[1m[92m  Downloaded[0m idna_adapter v1.2.2
[1m[92m  Downloaded[0m zbus-lockstep-macros v0.5.2
[1m[92m  Downloaded[0m block-buffer v0.10.4
[1m[92m  Downloaded[0m cpufeatures v0.2.17
[1m[92m  Downloaded[0m cursor-icon v1.2.0
[1m[92m  Downloaded[0m downcast-rs v1.2.1
[1m[92m  Downloaded[0m fax v0.2.7
[1m[92m  Downloaded[0m writeable v0.6.4
[1m[92m  Downloaded[0m codespan-reporting v0.12.0
[1m[92m  Downloaded[0m emath v0.33.3
[1m[92m  Downloaded[0m zvariant_derive v5.15.0
[1m[92m  Downloaded[0m ab_glyph_rasterizer v0.1.10
[1m[92m  Downloaded[0m adler2 v2.0.1
[1m[92m  Downloaded[0m cfg-if v1.0.4
[1m[92m  Downloaded[0m cfg_aliases v0.2.2
[1m[92m  Downloaded[0m displaydoc v0.2.7
[1m[92m  Downloaded[0m foldhash v0.2.0
[1m[92m  Downloaded[0m lock_api v0.4.14
[1m[92m  Downloaded[0m nohash-hasher v0.2.0
[1m[92m  Downloaded[0m async-trait v0.1.92
[1m[92m  Downloaded[0m cc v1.4.5
[1m[92m  Downloaded[0m accesskit_atspi_common v0.14.2
[1m[92m  Downloaded[0m async-broadcast v0.7.2
[1m[92m  Downloaded[0m futures-core v0.3.34
[1m[92m  Downloaded[0m jobserver v0.1.35
[1m[92m  Downloaded[0m find-msvc-tools v0.1.12
[1m[92m  Downloaded[0m zbus_xml v5.2.1
[1m[92m  Downloaded[0m futures-channel v0.3.34
[1m[92m  Downloaded[0m autocfg v1.5.1
[1m[92m  Downloaded[0m bit-vec v0.8.0
[1m[92m  Downloaded[0m event-listener v5.4.2
[1m[92m  Downloaded[0m foldhash v0.1.5
[1m[92m  Downloaded[0m zbus_macros v5.19.0
[1m[92m  Downloaded[0m yoke v0.8.3
[1m[92m  Downloaded[0m zerovec-derive v0.11.6
[1m[92m  Downloaded[0m accesskit v0.21.1
[1m[92m  Downloaded[0m async-lock v3.4.2
[1m[92m  Downloaded[0m egui-wgpu v0.33.3
[1m[92m  Downloaded[0m flate2 v1.1.10
[1m[92m  Downloaded[0m icu_provider v2.3.1
[1m[92m  Downloaded[0m libloading v0.8.9
[1m[92m  Downloaded[0m bytemuck_derive v1.12.0
[1m[92m  Downloaded[0m crc32fast v1.5.1
[1m[92m  Downloaded[0m litrs v1.0.0
[1m[92m  Downloaded[0m xml-rs v0.8.29
[1m[92m  Downloaded[0m ahash v0.8.12
[1m[92m  Downloaded[0m atspi-proxies v0.9.0
[1m[92m  Downloaded[0m half v2.7.1
[1m[92m  Downloaded[0m memmap2 v0.9.11
[1m[92m  Downloaded[0m once_cell v1.21.4
[1m[92m  Downloaded[0m icu_locale_core v2.3.0
[1m[92m  Downloaded[0m miniz_oxide v0.8.9
[1m[92m  Downloaded[0m x11-dl v2.21.0
[1m[92m  Downloaded[0m bitflags v2.13.2
[1m[92m  Downloaded[0m miniz_oxide v0.9.1
[1m[92m  Downloaded[0m icu_normalizer_data v2.3.0
[1m[92m  Downloaded[0m glutin v0.32.3
[1m[92m  Downloaded[0m memchr v2.8.3
[1m[92m  Downloaded[0m icu_properties v2.3.0
[1m[92m  Downloaded[0m zerotrie v0.2.5
[1m[92m  Downloaded[0m wgpu-types v27.0.1
[1m[92m  Downloaded[0m indexmap v2.14.2
[1m[92m  Downloaded[0m xkeysym v0.2.1
[1m[92m  Downloaded[0m atspi-common v0.9.0
[1m[92m  Downloaded[0m eframe v0.33.3
[1m[92m  Downloaded[0m hashbrown v0.15.5
[1m[92m  Downloaded[0m hashbrown v0.17.1
[1m[92m  Downloaded[0m idna v1.1.0
[1m[92m  Downloaded[0m glow v0.16.0
[1m[92m  Downloaded[0m wgpu-hal v27.0.4
[1m[92m  Downloaded[0m zbus v5.19.0
[1m[92m  Downloaded[0m icu_properties_data v2.3.0
[1m[92m  Downloaded[0m moxcms v0.8.1
[1m[92m  Downloaded[0m zlib-rs v0.6.7
[1m[92m  Downloaded[0m x11rb v0.13.2
[1m[92m  Downloaded[0m zerocopy v0.8.57
[1m[92m  Downloaded[0m image v0.25.10
[1m[92m  Downloaded[0m icu_normalizer v2.3.0
[1m[92m  Downloaded[0m egui v0.33.3
[1m[92m  Downloaded[0m x11rb-protocol v0.13.2
[1m[92m  Downloaded[0m winit v0.30.13
[1m[92m  Downloaded[0m khronos_api v3.1.0
[1m[92m  Downloaded[0m epaint_default_fonts v0.33.3
[1m[92m  Downloaded[0m naga v27.0.3
[1m[92m  Downloaded[0m libc v0.2.189
[1m[92m  Downloaded[0m linux-raw-sys v0.4.15
[1m[92m  Downloaded[0m linux-raw-sys v0.12.1
[1m[92m   Compiling[0m proc-macro2 v1.0.107
[1m[92m   Compiling[0m quote v1.0.47
[1m[92m   Compiling[0m unicode-ident v1.0.24
[1m[92m   Compiling[0m cfg-if v1.0.4
[1m[92m   Compiling[0m bitflags v2.13.2
[1m[92m   Compiling[0m libc v0.2.189
[1m[92m   Compiling[0m once_cell v1.21.4
[1m[92m   Compiling[0m smallvec v1.16.1
[1m[92m   Compiling[0m rustix v1.1.4
[1m[92m   Compiling[0m linux-raw-sys v0.12.1
[1m[92m   Compiling[0m syn v3.0.5
[1m[92m   Compiling[0m syn v2.0.119
[1m[92m   Compiling[0m log v0.4.34
[1m[92m   Compiling[0m serde_core v1.0.229
[1m[92m   Compiling[0m pin-project-lite v0.2.17
[1m[92m   Compiling[0m serde v1.0.229
[1m[92m   Compiling[0m winnow v1.0.4
[1m[92m   Compiling[0m synstructure v0.13.2
[1m[92m   Compiling[0m stable_deref_trait v1.2.1
[1m[92m   Compiling[0m toml_parser v1.1.3+spec-1.1.0
[1m[92m   Compiling[0m serde_derive v1.0.229
[1m[92m   Compiling[0m zerofrom-derive v0.1.7
[1m[92m   Compiling[0m yoke-derive v0.8.2
[1m[92m   Compiling[0m toml_datetime v1.1.1+spec-1.1.0
[1m[92m   Compiling[0m pkg-config v0.3.34
[1m[92m   Compiling[0m zerovec-derive v0.11.6
[1m[92m   Compiling[0m zerofrom v0.1.8
[1m[92m   Compiling[0m autocfg v1.5.1
[1m[92m   Compiling[0m yoke v0.8.3
[1m[92m   Compiling[0m displaydoc v0.2.7
[1m[92m   Compiling[0m libloading v0.8.9
[1m[92m   Compiling[0m memchr v2.8.3
[1m[92m   Compiling[0m zerovec v0.11.8
[1m[92m   Compiling[0m find-msvc-tools v0.1.12
[1m[92m   Compiling[0m slab v0.4.12
[1m[92m   Compiling[0m shlex v2.0.1
[1m[92m   Compiling[0m cc v1.4.5
[1m[92m   Compiling[0m equivalent v1.0.2
[1m[92m   Compiling[0m hashbrown v0.17.1
[1m[92m   Compiling[0m polling v3.11.0
[1m[92m   Compiling[0m futures-core v0.3.34
[1m[92m   Compiling[0m parking v2.2.1
[1m[92m   Compiling[0m indexmap v2.14.2
[1m[92m   Compiling[0m tinystr v0.8.4
[1m[92m   Compiling[0m dlib v0.5.3
[1m[92m   Compiling[0m wayland-sys v0.31.11
[1m[92m   Compiling[0m enumflags2_derive v0.7.12
[1m[92m   Compiling[0m toml_edit v0.25.15+spec-1.1.0
[1m[92m   Compiling[0m writeable v0.6.4
[1m[92m   Compiling[0m litemap v0.8.3
[1m[92m   Compiling[0m zvariant_utils v4.2.0
[1m[92m   Compiling[0m icu_locale_core v2.3.0
[1m[92m   Compiling[0m proc-macro-crate v3.5.0
[1m[92m   Compiling[0m potential_utf v0.1.6
[1m[92m   Compiling[0m zerotrie v0.2.5
[1m[92m   Compiling[0m icu_normalizer_data v2.3.0
[1m[92m   Compiling[0m crossbeam-utils v0.8.23
[1m[92m   Compiling[0m icu_properties_data v2.3.0
[1m[92m   Compiling[0m utf8_iter v1.0.4
[1m[92m   Compiling[0m icu_provider v2.3.1
[1m[92m   Compiling[0m icu_collections v2.3.0
[1m[92m   Compiling[0m zvariant_derive v5.15.0
[1m[92m   Compiling[0m wayland-backend v0.3.17
[1m[92m   Compiling[0m fastrand v2.5.0
[1m[92m   Compiling[0m futures-io v0.3.34
[1m[92m   Compiling[0m percent-encoding v2.3.2
[1m[92m   Compiling[0m endi v1.1.1
[1m[92m   Compiling[0m downcast-rs v1.2.1
[1m[92m   Compiling[0m scoped-tls v1.0.1
[1m[92m   Compiling[0m icu_properties v2.3.0
[1m[92m   Compiling[0m concurrent-queue v2.5.0
[1m[92m   Compiling[0m icu_normalizer v2.3.0
[1m[92m   Compiling[0m event-listener v5.4.2
[1m[92m   Compiling[0m quick-xml v0.41.0
[1m[92m   Compiling[0m wayland-client v0.31.15
[1m[92m   Compiling[0m event-listener-strategy v0.5.4
[1m[92m   Compiling[0m futures-lite v2.6.1
[1m[92m   Compiling[0m idna_adapter v1.2.2
[1m[92m   Compiling[0m tracing-attributes v0.1.31
[1m[92m   Compiling[0m tracing-core v0.1.36
[1m[92m   Compiling[0m wayland-scanner v0.31.11
[1m[92m   Compiling[0m idna v1.1.0
[1m[92m   Compiling[0m form_urlencoded v1.2.2
[1m[92m   Compiling[0m enumflags2 v0.7.12
[1m[92m   Compiling[0m zcheapstr v1.1.0
[1m[92m   Compiling[0m version_check v0.9.5
[1m[92m   Compiling[0m tracing v0.1.44
[1m[92m   Compiling[0m zvariant v5.15.0
[1m[92m   Compiling[0m url v2.5.8
[1m[92m   Compiling[0m async-io v2.6.0
[1m[92m   Compiling[0m async-task v4.7.1
[1m[92m   Compiling[0m async-channel v2.5.0
[1m[92m   Compiling[0m atomic-waker v1.1.2
[1m[92m   Compiling[0m getrandom v0.3.4
[1m[92m   Compiling[0m getrandom v0.4.3
[1m[92m   Compiling[0m zerocopy v0.8.57
[1m[92m   Compiling[0m zbus_names v4.3.4
[1m[92m   Compiling[0m piper v0.2.5
[1m[92m   Compiling[0m errno v0.3.14
[1m[92m   Compiling[0m signal-hook-registry v1.4.8
[1m[92m   Compiling[0m blocking v1.7.0
[1m[92m   Compiling[0m wayland-protocols v0.32.13
[1m[92m   Compiling[0m async-lock v3.4.2
[1m[92m   Compiling[0m async-signal v0.2.14
[1m[92m   Compiling[0m bytemuck_derive v1.12.0
[1m[92m   Compiling[0m async-process v2.5.0
[1m[92m   Compiling[0m uuid v1.26.1
[1m[92m   Compiling[0m bytemuck v1.25.2
[1m[92m   Compiling[0m zbus_macros v5.19.0
[1m[92m   Compiling[0m async-executor v1.14.0
[1m[92m   Compiling[0m async-broadcast v0.7.2
[1m[92m   Compiling[0m ordered-stream v0.2.0
[1m[92m   Compiling[0m async-recursion v1.1.1
[1m[92m   Compiling[0m async-trait v0.1.92
[1m[92m   Compiling[0m serde_repr v0.1.21
[1m[92m   Compiling[0m khronos_api v3.1.0
[1m[92m   Compiling[0m hex v0.4.3
[1m[92m   Compiling[0m cfg_aliases v0.2.2
[1m[92m   Compiling[0m thiserror v1.0.69
[1m[92m   Compiling[0m zbus_xml v5.2.1
[1m[92m   Compiling[0m thiserror-impl v1.0.69
[1m[92m   Compiling[0m zbus v5.19.0
[1m[92m   Compiling[0m zbus-lockstep v0.5.2
[1m[92m   Compiling[0m ahash v0.8.12
[1m[92m   Compiling[0m xml-rs v0.8.29
[1m[92m   Compiling[0m rustix v0.38.44
[1m[92m   Compiling[0m zbus-lockstep-macros v0.5.2
[1m[92m   Compiling[0m gl_generator v0.14.0
[1m[92m   Compiling[0m x11-dl v2.21.0
[1m[92m   Compiling[0m linux-raw-sys v0.4.15
[1m[92m   Compiling[0m parking_lot_core v0.9.12
[1m[92m   Compiling[0m cursor-icon v1.2.0
[1m[92m   Compiling[0m xkeysym v0.2.1
[1m[92m   Compiling[0m static_assertions v1.1.0
[1m[92m   Compiling[0m simd-adler32 v0.3.10
[1m[92m   Compiling[0m xcursor v0.3.11
[1m[92m   Compiling[0m wayland-cursor v0.31.14
[1m[92m   Compiling[0m wayland-csd-frame v0.3.0
[1m[92m   Compiling[0m wayland-protocols-wlr v0.3.12
[1m[92m   Compiling[0m memmap2 v0.9.11
[1m[92m   Compiling[0m adler2 v2.0.1
[1m[92m   Compiling[0m crc32fast v1.5.1
[1m[92m   Compiling[0m accesskit v0.21.1
[1m[92m   Compiling[0m scopeguard v1.2.0
[1m[92m   Compiling[0m raw-window-handle v0.6.2
[1m[92m   Compiling[0m lock_api v0.4.14
[1m[92m   Compiling[0m num-traits v0.2.19
[1m[92m   Compiling[0m futures-macro v0.3.34
[1m[92m   Compiling[0m gethostname v1.1.0
[1m[92m   Compiling[0m calloop v0.13.0
[1m[92m   Compiling[0m smithay-client-toolkit v0.19.2
[1m[92m   Compiling[0m ttf-parser v0.25.1
[1m[92m   Compiling[0m as-raw-xcb-connection v1.0.1
[1m[92m   Compiling[0m futures-task v0.3.34
[1m[92m   Compiling[0m atspi-common v0.9.0
[1m[92m   Compiling[0m foldhash v0.1.5
[1m[92m   Compiling[0m x11rb-protocol v0.13.2
[1m[92m   Compiling[0m hashbrown v0.15.5
[1m[92m   Compiling[0m owned_ttf_parser v0.25.1
[1m[92m   Compiling[0m futures-util v0.3.34
[1m[92m   Compiling[0m atspi-proxies v0.9.0
[1m[92m   Compiling[0m calloop-wayland-source v0.3.0
[1m[92m   Compiling[0m parking_lot v0.12.5
[1m[92m   Compiling[0m miniz_oxide v0.9.1
[1m[92m   Compiling[0m winit v0.30.13
[1m[92m   Compiling[0m emath v0.33.3
[1m[92m   Compiling[0m generic-array v0.14.7
[1m[92m   Compiling[0m ab_glyph_rasterizer v0.1.10
[1m[92m   Compiling[0m thiserror v2.0.20
[1m[92m   Compiling[0m ab_glyph v0.2.32
[1m[92m   Compiling[0m atspi-connection v0.9.0
[1m[92m   Compiling[0m ecolor v0.33.3
[1m[92m   Compiling[0m flate2 v1.1.10
[1m[92m   Compiling[0m accesskit_consumer v0.31.0
[1m[92m   Compiling[0m miniz_oxide v0.8.9
[1m[92m   Compiling[0m xkbcommon-dl v0.4.2
[1m[92m   Compiling[0m fdeflate v0.3.7
[1m[92m   Compiling[0m glutin_glx_sys v0.6.1
[1m[92m   Compiling[0m glutin_egl_sys v0.7.1
[1m[92m   Compiling[0m wayland-protocols-plasma v0.3.12
[1m[92m   Compiling[0m calloop v0.14.4
[1m[92m   Compiling[0m thiserror-impl v2.0.20
[1m[92m   Compiling[0m dpi v0.1.2
[1m[92m   Compiling[0m smol_str v0.2.2
[1m[92m   Compiling[0m profiling v1.0.18
[1m[92m   Compiling[0m typenum v1.20.1
[1m[92m   Compiling[0m pxfm v0.1.30
[1m[92m   Compiling[0m x11rb v0.13.2
[1m[92m   Compiling[0m smithay-client-toolkit v0.20.0
[1m[92m   Compiling[0m epaint_default_fonts v0.33.3
[1m[92m   Compiling[0m nohash-hasher v0.2.0
[1m[92m   Compiling[0m epaint v0.33.3
[1m[92m   Compiling[0m moxcms v0.8.1
[1m[92m   Compiling[0m calloop-wayland-source v0.4.1
[1m[92m   Compiling[0m png v0.18.1
[1m[92m   Compiling[0m accesskit_atspi_common v0.14.2
[1m[92m   Compiling[0m atspi v0.25.0
[1m[92m   Compiling[0m glutin v0.32.3
[1m[92m   Compiling[0m wayland-protocols-experimental v20250721.0.1
[1m[92m   Compiling[0m wayland-protocols-misc v0.3.12
[1m[92m   Compiling[0m ppv-lite86 v0.2.21
[1m[92m   Compiling[0m rand_core v0.9.5
[1m[92m   Compiling[0m memoffset v0.9.1
[1m[92m   Compiling[0m serde_spanned v1.1.1
[1m[92m   Compiling[0m semver v1.0.28
[1m[92m   Compiling[0m unicode-segmentation v1.13.3
[1m[92m   Compiling[0m toml_writer v1.1.2+spec-1.1.0
[1m[92m   Compiling[0m byteorder-lite v0.1.0
[1m[92m   Compiling[0m egui v0.33.3
[1m[92m   Compiling[0m image v0.25.10
[1m[92m   Compiling[0m toml v1.1.6+spec-1.1.0
[1m[92m   Compiling[0m rustc_version v0.4.1
[1m[92m   Compiling[0m rand_chacha v0.9.0
[1m[92m   Compiling[0m accesskit_unix v0.17.2
[1m[92m   Compiling[0m glutin-winit v0.5.0
[1m[92m   Compiling[0m zmij v1.0.23
[1m[92m   Compiling[0m smithay-clipboard v0.7.3
[1m[92m   Compiling[0m accesskit_winit v0.29.2
[1m[92m   Compiling[0m rand v0.9.5
[1m[92m   Compiling[0m embed-resource v3.0.11
[1m[92m   Compiling[0m arboard v3.6.1
[1m[92m   Compiling[0m crypto-common v0.1.7
[1m[92m   Compiling[0m block-buffer v0.10.4
[1m[92m   Compiling[0m async-fs v2.2.0
[1m[92m   Compiling[0m async-net v2.0.0
[1m[92m   Compiling[0m webbrowser v1.2.4
[1m[92m   Compiling[0m futures-channel v0.3.34
[1m[92m   Compiling[0m rfd v0.15.4
[1m[92m   Compiling[0m serde_json v1.0.151
[1m[92m   Compiling[0m option-ext v0.2.0
[1m[92m   Compiling[0m web-time v1.1.0
[1m[92m   Compiling[0m litrs v1.0.0
[1m[92m   Compiling[0m glow v0.16.0
[1m[92m   Compiling[0m egui-winit v0.33.3
[1m[92m   Compiling[0m document-features v0.2.12
[1m[92m   Compiling[0m dirs-sys v0.5.0
[1m[92m   Compiling[0m ashpd v0.11.1
[1m[92m   Compiling[0m digest v0.10.7
[1m[92m   Compiling[0m system-designer v0.2.0 (/home/runner/work/System-Designer/System-Designer)
[1m[92m   Compiling[0m egui_glow v0.33.3
[1m[92m   Compiling[0m itoa v1.0.18
[1m[92m   Compiling[0m cpufeatures v0.2.17
[1m[92m   Compiling[0m pollster v0.4.0
[1m[92m   Compiling[0m urlencoding v2.1.3
[1m[92m   Compiling[0m sha2 v0.10.9
[1m[92m   Compiling[0m eframe v0.33.3
[1m[92m   Compiling[0m directories v6.0.0
[1m[92m   Compiling[0m tempfile v3.27.0
[1m[92m    Finished[0m `test` profile [unoptimized + debuginfo] target(s) in 1m 23s
[1m[92m     Running[0m unittests src/lib.rs (target/debug/deps/system_designer-98ee30d29053886e)

running 87 tests
test ui::canvas::arrangement::tests::all_edges_contracts_and_scope_base_are_preserved ... ok
test ui::branding::tests::embedded_icon_decodes_to_complete_rgba ... ok
test ui::canvas::arrangement::tests::arrangement_is_one_undoable_local_edit ... ok
test ui::canvas::arrangement::tests::condensation_ranks_follow_forward_edges ... ok
test ui::canvas::arrangement::tests::cycles_group_without_reversing_edges ... ok
test ui::canvas::arrangement::tests::deep_graph_uses_no_recursive_dfs ... ok
test ui::canvas::arrangement::tests::layout_is_deterministic ... ok
test ui::canvas::arrangement::tests::leaf_and_empty_system_work ... ok
test ui::canvas::arrangement::tests::vertical_orientation_uses_y_ranks ... ok
test ui::branding::tests::embedded_icon_is_owner_selected_color_mark ... ok
test ui::canvas::arrangement::tests::application_design_has_no_overlapping_cards ... ok
test ui::canvas::integration_tests::defaults_are_detail_focus_off_and_no_new_project_state ... ok
test ui::canvas::integration_tests::deleted_trace_target_is_reported_not_followed_by_name ... ok
test ui::canvas::integration_tests::arrangement_depends_on_full_graph_not_view_or_focus_and_preserves_scope ... ok
test ui::canvas::integration_tests::exact_edge_selection_survives_overview_without_promoting_members ... ok
test ui::branding::tests::icon_texture_is_cached_per_context ... ok
test ui::canvas::integration_tests::focus_is_one_hop_and_has_no_hidden_input_to_output_inference ... ok
test ui::canvas::integration_tests::exact_selection_normalizes_directional_focus_visibly ... ok
test ui::canvas::integration_tests::frozen_side_order_does_not_jump_during_node_drag ... ok
test ui::canvas::integration_tests::grouping_preserves_every_edge_once_and_opposite_directions ... ok
test ui::canvas::integration_tests::lights_respect_focus_before_summary_aggregation ... ok
test ui::canvas::integration_tests::multi_edge_summary_cannot_be_deleted ... ok
test ui::canvas::integration_tests::new_document_resets_view_focus_trace_but_not_light_choice ... ok
test ui::canvas::integration_tests::no_fake_boundary_or_cross_level_link_is_added_in_overview ... ok
test ui::canvas::integration_tests::opaque_leaf_has_no_automatic_trace_continuation ... ok
test ui::canvas::integration_tests::cancelling_connection_keeps_detail_and_preserves_project ... ok
test ui::canvas::integration_tests::partial_summary_reports_one_of_four_not_one_total ... ok
test ui::canvas::integration_tests::summary_edit_establishes_one_exact_edge_and_detail ... ok
test ui::canvas::integration_tests::trace_crosses_identical_port_and_restores_all_navigation_state ... ok
test ui::canvas::tests::a_shared_fanout_port_keeps_one_anchor ... ok
test ui::canvas::integration_tests::inspect_rows_render_for_ports_summaries_and_crossing_edges_without_hover ... ok
test ui::canvas::tests::both_inputs_and_outputs_can_occupy_all_four_sides ... ok
test ui::canvas::integration_tests::view_switches_leave_origins_and_camera_fixed ... ok
test ui::canvas::tests::animation_frames_leave_publication_and_history_unchanged ... ok
test ui::canvas::tests::child_boundary_drag_preserves_projected_source_identity ... ok
test ui::canvas::tests::degenerate_paths_do_not_panic_or_animate ... ok
test ui::canvas::tests::editing_existing_wire_keeps_its_current_contract ... ok
test ui::canvas::tests::exact_interface_routes_keep_single_visible_anchor_across_signed_scenes_and_lanes ... ok
test ui::canvas::tests::labels_have_distinct_nonoverlapping_slots_on_each_side ... ok
test ui::canvas::tests::light_has_arrival_gap_and_deterministic_per_edge_phase ... ok
test ui::canvas::tests::lights_advance_source_to_destination_at_constant_screen_speed ... ok
test ui::canvas::tests::click_connect_still_requires_contract_choice ... ok
test ui::canvas::tests::paths_start_and_finish_at_real_ports_with_correct_tangents ... ok
test ui::canvas::tests::projected_child_ports_keep_owner_identity_and_effective_direction ... ok
test ui::canvas::tests::invalid_drop_cancels_without_mutation ... ok
test ui::canvas::tests::reciprocal_ports_align_without_an_avoidable_crossing ... ok
test ui::canvas::tests::motion_off_survives_navigation ... ok
test ui::canvas::tests::root_does_not_gain_fake_external_ports ... ok
test ui::canvas::tests::selected_motion_only_uses_actual_incident_edges ... ok
test ui::canvas::tests::self_loop_routes_outside_its_own_card ... ok
test ui::canvas::tests::side_assignment_does_not_change_the_project_or_exchange_base ... ok
test ui::canvas::tests::side_assignment_is_deterministic_and_not_an_edge_order_effect ... ok
test ui::canvas::tests::signed_child_frame_encloses_all_sides_and_frozen_move_preserves_boundary_identity ... ok
test ui::canvas::tests::text_truncation_is_unicode_safe ... ok
test ui::canvas::tests::unconnected_draft_ports_remain_visible_and_unassigned ... ok
test ui::canvas::tests::zoom_and_pan_preserve_path_endpoints_and_hit_testing ... ok
test ui::canvas::tests::real_pointer_drag_from_every_side_opens_explicit_contract_dialog ... ok
test ui::canvas::tests::reverse_pointer_drag_from_every_side_preserves_flow_direction ... ok
test ui::coherence_tests::both_layers_capture_signed_moves_and_cancel_on_focus_loss ... ok
test ui::coherence_tests::lights_popup_does_not_clear_selection_or_capture_background ... ok
test ui::canvas::integration_tests::every_view_focus_light_combination_preserves_all_scope_packets ... ok
test ui::diagram::viewport::tests::signed_roundtrips_and_cursor_centered_zoom ... ok
test ui::flow::tests::changing_meaning_in_form_and_deleting_is_undoable ... ok
test ui::flow::tests::diamond_and_terminator_intersections_are_on_visible_perimeters ... ok
test ui::flow::tests::document_load_resets_scope_and_layer_state_and_preserves_v1 ... ok
test ui::coherence_tests::nudge_uses_the_key_event_chord_after_same_frame_modifier_release ... ok
test ui::flow::tests::f2_geometry_parallel_reciprocal_and_loop_routes_are_stable_and_exact ... ok
test ui::flow::tests::f1_extracted_parent_and_child_scenes_keep_cards_separate ... ok
test ui::flow::tests::f2_raw_canvas_selects_each_return_with_lights_off_and_static_arrows ... ok
test ui::flow::tests::f2_review_distinct_return_labels_have_separate_canvas_routes ... ok
test ui::flow::tests::f2_raw_canvas_selects_three_siblings_reciprocals_and_two_self_loops ... ok
test ui::flow::tests::leaf_rendering_does_not_report_an_empty_selection_as_removed ... ok
test ui::flow::tests::full_workspace_modal_resizes_after_short_start_dialog ... ok
test ui::flow::tests::raw_connection_drags_in_both_directions_open_unpublished_drafts ... ok
test ui::flow::tests::raw_move_and_escape_do_not_publish_cancelled_gestures ... ok
test ui::flow::tests::raw_information_review_cancel_and_apply_reconcile_both_layers ... ok
test ui::flow::tests::raw_multiselect_and_explicit_start_promotion_are_undoable ... ok
test ui::flow::tests::root_leaf_and_layer_navigation_never_invent_structural_children ... ok
test ui::flow::tests::stale_plan_and_visual_camera_motion_preserve_store_history ... ok
test ui::flow::tests::raw_selection_preview_cancel_apply_cross_view_and_undo ... ok
test ui::coherence_tests::global_settings_preserves_scope_layer_camera_selection_and_publishes_last_character_once ... ok
test ui::handoff::tests::f3_cancel_invalid_and_stale_reviews_preserve_history_and_generation ... ok
test ui::handoff::tests::f3_empty_contents_need_confirmation_and_empty_creation_does_not ... ok
test ui::handoff::tests::f3_review_removed_transition_is_disclosed_before_apply ... ok
test ui::coherence_tests::modal_actions_remain_fixed_at_long_body_top_middle_bottom_and_ui_scales ... ok
test ui::handoff::tests::full_workspace_handoff_requires_explicit_clear_and_rechecks_stale_input ... ok
test ui::handoff::tests::full_workspace_long_handoff_keeps_validation_visible ... ok

test result: ok. 87 passed; 0 failed; 0 ignored; 0 measured; 0 filtered out; finished in 0.75s

[1m[92m     Running[0m unittests src/check.rs (target/debug/deps/designer_check-abf99b470454cc6b)

running 0 tests

test result: ok. 0 passed; 0 failed; 0 ignored; 0 measured; 0 filtered out; finished in 0.00s

[1m[92m     Running[0m unittests src/main.rs (target/debug/deps/system_designer-1044b1949f321c95)

running 0 tests

test result: ok. 0 passed; 0 failed; 0 ignored; 0 measured; 0 filtered out; finished in 0.00s

[1m[92m     Running[0m tests/behavior.rs (target/debug/deps/behavior-a64bd5ace2a848e5)

running 36 tests
test behavior_data_prevents_contract_deletion ... ok
test behavior_promotes_explicitly ... ok
test behavior_exchange_context_is_read_only ... ok
test behavior_exchange_preserves_interfaces ... ok
test changing_layout_invalidates_extraction_preview ... ok
test dangling_transition_rejected ... ok
test draft_decision_is_saved_but_diagnosed ... ok
test exact_format_dispatch_rejects_wrong_scopes_and_unknown_formats ... ok
test behavior_packets_keep_conservative_context_policy_and_ignore_layout ... ok
test exact_refinement_preserves_unrelated_same_named_channels_and_cancel ... ok
test explicit_dependency_becomes_a_draft_boundary_port ... ok
test explicit_clear_empty_and_rejected_packets_preserve_history ... ok
test both_layers_and_layouts_survive_save_backup_and_recovery ... ok
test extraction_expansion_preserves_parent_reentry_and_all_data_boundary_directions ... ok
test extraction_has_one_undoable_publication ... ok
test extraction_needs_responsibility ... ok
test extraction_preserves_each_explicit_outcome_path ... ok
test interface_packet_stales_when_preserved_behavior_changes ... ok
test command_line_validates_both_packet_formats_without_writing ... ok
test invalid_extraction_does_not_mutate_store ... ok
test legacy_stays_version_one ... ok
test no_metric_claim_for_unreachable_draft ... ok
test one_region_produces_one_shared_child_identity ... ok
test interface_replacement_preserves_behavior ... ok
test r1_missing_flow_is_not_clear ... ok
test leaf_can_be_refined_recursively ... ok
test r2_reserve_crossing_transition_identity ... ok
test r4_missing_and_duplicate_returns_are_draft_issues ... ok
test removing_occurrence_preserves_shared_definition_and_other_uses ... ok
test review_is_invalidated_by_meaning_and_incident_data_edits ... ok
test r3_connection_refines_extracted_information_atomically ... ok
test simple_metric_is_one ... ok
test v1_cannot_hide_behavior ... ok
test stale_behavior_exchange_rejected ... ok
test repeat_preview_is_deterministic ... ok
test extraction_expansion_covers_loops_alternatives_merges_and_data_collisions ... ok

test result: ok. 36 passed; 0 failed; 0 ignored; 0 measured; 0 filtered out; finished in 0.01s

[1m[92m     Running[0m tests/behavior_changes.rs (target/debug/deps/behavior_changes-515c1c56809fcde1)

running 8 tests
test purpose_kind_review_primitive_and_endpoint_edits_have_actual_values ... ok
test call_target_and_outcome_changes_without_renames_are_explicit ... ok
test removing_an_action_incident_transitions_and_data_lists_every_record ... ok
test renaming_existing_draft_issues_or_reducing_review_count_does_not_introduce_issues ... ok
test information_diff_names_exact_ports_contract_versions_and_wire_associations ... ok
test empty_existing_flow_and_null_clear_require_review_but_empty_creation_does_not ... ok
test supplied_removed_return_reports_exact_transition_and_new_draft_issues ... ok
test unchanged_and_reordered_packets_are_quiet_guard_only_edits_are_named ... ok

test result: ok. 8 passed; 0 failed; 0 ignored; 0 measured; 0 filtered out; finished in 0.00s

[1m[92m     Running[0m tests/behavior_layout.rs (target/debug/deps/behavior_layout-dc92caba102f2d0b)

running 4 tests
test f1_review_parent_keeps_nonoverlapping_positions ... ok
test f1_review_child_markers_do_not_overlap_moved_work ... ok
test extraction_layout_loop_and_multiple_outcomes_stay_clear ... ok
test extraction_layout_one_three_eight_steps_default_manual_sparse_and_history ... ok

test result: ok. 4 passed; 0 failed; 0 ignored; 0 measured; 0 filtered out; finished in 0.01s

[1m[92m     Running[0m tests/core.rs (target/debug/deps/core-7788ff79191f4d1b)

running 51 tests
test blank_root ... ok
test boundary_mirrors_owner ... ok
test all_shape_forms ... ok
test create_only_one_child ... ok
test connected_null_rejected ... ok
test delete_referenced_type_rejected ... ok
test cross_level_rejected ... ok
test disconnected_cycle ... ok
test duplicate_edge ... ok
test duplicate_enum_value ... ok
test duplicate_node ... ok
test duplicate_public_boundary_rejected ... ok
test duplicate_port ... ok
test empty_enum ... ok
test explicit_shared_definition_confirmation ... ok
test external_labels_derived ... ok
test explicit_null_child_rejected ... ok
test fixture_with_feedback_loops ... ok
test frame_snapshot_remains_immutable_after_publication ... ok
test history_is_bounded ... ok
test full_json_round_trip ... ok
test invalid_publication_preserves_redo ... ok
test invalid_schema_duplicate_field ... ok
test invented_edge_contract_rejected ... ok
test invented_root_boundary ... ok
test mismatched_version ... ok
test missing_child ... ok
test missing_contract_field_is_not_null ... ok
test missing_contract ... ok
test missing_endpoint ... ok
test missing_endpoint_node_is_not_boundary ... ok
test missing_root ... ok
test negative_layout ... ok
test nonlocal_layout ... ok
test port_delete_cleans_projected_edges ... ok
test removing_internals_keeps_owner ... ok
test orphan_system ... ok
test safe_recursive_node_delete ... ok
test root_cannot_have_owner ... ok
test more_than_eight_allowed ... ok
test structural_id_spaces_overlap ... ok
test unassigned_unconnected_port_allowed ... ok
test two_owners ... ok
test undo_redo_snapshot ... ok
test unknown_project_field ... ok
test unknown_shape_keyword ... ok
test unsafe_integer_version ... ok
test wrong_boundary_direction ... ok
test wrong_direction ... ok
test wrong_port_owner ... ok
test arbitrary_containment_depth ... ok

test result: ok. 51 passed; 0 failed; 0 ignored; 0 measured; 0 filtered out; finished in 0.03s

[1m[92m     Running[0m tests/exchange.rs (target/debug/deps/exchange-af87c70b196532d2)

running 24 tests
test component_cannot_change_child ... ok
test component_cannot_break_wires ... ok
test boundary_is_read_only ... ok
test canvas_positions_do_not_stale_scope ... ok
test connected_retype_requires_consent ... ok
test first_assignment_creates_contract_and_edge_together ... ok
test contract_retype_matches_original ... ok
test component_preserves_siblings_and_internals ... ok
test full_project_rejected_from_scope_action ... ok
test context_is_read_only ... ok
test level_cannot_delete_hidden_child ... ok
test independent_hidden_child_edit_survives ... ok
test missing_referenced_definition_rejected ... ok
test new_contract_versions_can_be_added ... ok
test original_replacement_matches_reference ... ok
test scope_import_cannot_rewrite_catalog ... ok
test stale_ancestor_rejected ... ok
test stale_local_input_rejected ... ok
test unicode_protocol_matches_reference ... ok
test subtree_can_remove_internal_descendants ... ok
test unknown_packet_property_rejected ... ok
test wrong_project_rejected ... ok
test wrong_target_rejected ... ok
test original_export_bytes_and_hashes ... ok

test result: ok. 24 passed; 0 failed; 0 ignored; 0 measured; 0 filtered out; finished in 0.01s

[1m[92m     Running[0m tests/self_design.rs (target/debug/deps/self_design-e2481aa2ce2985de)

running 4 tests
test blank_start_does_not_load_self_design ... ok
test initialization_embeds_exact_protocol ... ok
test embedded_design_is_a_real_project ... ok
test self_design_all_scopes_round_trip ... ok

test result: ok. 4 passed; 0 failed; 0 ignored; 0 measured; 0 filtered out; finished in 0.40s

[1m[92m     Running[0m tests/signed_layout.rs (target/debug/deps/signed_layout-14d6e3aacf52084f)

running 4 tests
test signed_flow_and_behavior_edits_preserve_version ... ok
test promotion_is_atomic_undoable_and_rejects_nonfinite_out_of_range_and_reserved_ids ... ok
test signed_layout_is_explicitly_versioned ... ok
test signed_positions_survive_extraction_replacement_save_and_recovery ... ok

test result: ok. 4 passed; 0 failed; 0 ignored; 0 measured; 0 filtered out; finished in 0.01s

[1m[92m     Running[0m tests/storage.rs (target/debug/deps/storage-915095373a648877)

running 9 tests
test invalid_recovery_preserves_bytes ... ok
test io_failure_is_visible ... ok
test invalid_target_is_not_destroyed ... ok
test missing_expected_file_is_not_silently_recreated ... ok
test invalid_candidate_never_replaces_disk ... ok
test external_edit_is_not_overwritten ... ok
test project_file_save_and_open ... ok
test recovery_round_trip ... ok
test save_keeps_prior_valid_backup ... ok

test result: ok. 9 passed; 0 failed; 0 ignored; 0 measured; 0 filtered out; finished in 0.00s

