[1m[92m    Checking[0m cfg-if v1.0.4
[1m[92m   Compiling[0m proc-macro2 v1.0.107
[1m[92m    Checking[0m bitflags v2.13.2
[1m[92m    Checking[0m once_cell v1.21.4
[1m[92m    Checking[0m smallvec v1.16.1
[1m[92m    Checking[0m libc v0.2.189
[1m[92m    Checking[0m linux-raw-sys v0.12.1
[1m[92m    Checking[0m log v0.4.34
[1m[92m    Checking[0m pin-project-lite v0.2.17
[1m[92m   Compiling[0m winnow v1.0.4
[1m[92m   Compiling[0m quote v1.0.47
[1m[92m   Compiling[0m syn v3.0.5
[1m[92m   Compiling[0m syn v2.0.119
[1m[92m    Checking[0m rustix v1.1.4
[1m[92m    Checking[0m stable_deref_trait v1.2.1
[1m[92m   Compiling[0m toml_parser v1.1.3+spec-1.1.0
[1m[92m    Checking[0m libloading v0.8.9
[1m[92m    Checking[0m slab v0.4.12
[1m[92m    Checking[0m futures-core v0.3.34
[1m[92m    Checking[0m parking v2.2.1
[1m[92m    Checking[0m serde_core v1.0.229
[1m[92m   Compiling[0m toml_edit v0.25.15+spec-1.1.0
[1m[92m   Compiling[0m synstructure v0.13.2
[1m[92m    Checking[0m polling v3.11.0
[1m[92m    Checking[0m dlib v0.5.3
[1m[92m    Checking[0m litemap v0.8.3
[1m[92m   Compiling[0m memchr v2.8.3
[1m[92m    Checking[0m writeable v0.6.4
[1m[92m   Compiling[0m proc-macro-crate v3.5.0
[1m[92m   Compiling[0m serde_derive v1.0.229
[1m[92m   Compiling[0m zerovec-derive v0.11.6
[1m[92m   Compiling[0m displaydoc v0.2.7
[1m[92m   Compiling[0m zerofrom-derive v0.1.7
[1m[92m   Compiling[0m yoke-derive v0.8.2
[1m[92m   Compiling[0m enumflags2_derive v0.7.12
[1m[92m    Checking[0m utf8_iter v1.0.4
[1m[92m    Checking[0m wayland-sys v0.31.11
[1m[92m    Checking[0m zerofrom v0.1.8
[1m[92m    Checking[0m futures-io v0.3.34
[1m[92m    Checking[0m fastrand v2.5.0
[1m[92m    Checking[0m yoke v0.8.3
[1m[92m    Checking[0m percent-encoding v2.3.2
[1m[92m    Checking[0m icu_properties_data v2.3.0
[1m[92m    Checking[0m icu_normalizer_data v2.3.0
[1m[92m    Checking[0m zerovec v0.11.8
[1m[92m    Checking[0m zerotrie v0.2.5
[1m[92m    Checking[0m crossbeam-utils v0.8.23
[1m[92m    Checking[0m downcast-rs v1.2.1
[1m[92m    Checking[0m scoped-tls v1.0.1
[1m[92m    Checking[0m wayland-backend v0.3.17
[1m[92m    Checking[0m concurrent-queue v2.5.0
[1m[92m   Compiling[0m quick-xml v0.41.0
[1m[92m    Checking[0m tinystr v0.8.4
[1m[92m    Checking[0m icu_locale_core v2.3.0
[1m[92m    Checking[0m potential_utf v0.1.6
[1m[92m    Checking[0m icu_collections v2.3.0
[1m[92m    Checking[0m event-listener v5.4.2
[1m[92m   Compiling[0m serde v1.0.229
[1m[92m    Checking[0m icu_provider v2.3.1
[1m[92m    Checking[0m unicode-ident v1.0.24
[1m[92m    Checking[0m icu_properties v2.3.0
[1m[92m    Checking[0m icu_normalizer v2.3.0
[1m[92m   Compiling[0m zvariant_utils v4.2.0
[1m[92m   Compiling[0m wayland-scanner v0.31.11
[1m[92m    Checking[0m event-listener-strategy v0.5.4
[1m[92m    Checking[0m futures-lite v2.6.1
[1m[92m    Checking[0m idna_adapter v1.2.2
[1m[92m   Compiling[0m tracing-attributes v0.1.31
[1m[92m    Checking[0m tracing-core v0.1.36
[1m[92m   Compiling[0m zvariant_derive v5.15.0
[1m[92m    Checking[0m idna v1.1.0
[1m[92m   Compiling[0m zcheapstr v1.1.0
[1m[92m   Compiling[0m enumflags2 v0.7.12
[1m[92m    Checking[0m form_urlencoded v1.2.2
[1m[92m   Compiling[0m endi v1.1.1
[1m[92m    Checking[0m url v2.5.8
[1m[92m    Checking[0m wayland-client v0.31.15
[1m[92m   Compiling[0m zvariant v5.15.0
[1m[92m    Checking[0m tracing v0.1.44
[1m[92m    Checking[0m async-task v4.7.1
[1m[92m    Checking[0m async-channel v2.5.0
[1m[92m    Checking[0m atomic-waker v1.1.2
[1m[92m    Checking[0m piper v0.2.5
[1m[92m    Checking[0m async-io v2.6.0
[1m[92m    Checking[0m errno v0.3.14
[1m[92m    Checking[0m signal-hook-registry v1.4.8
[1m[92m    Checking[0m blocking v1.7.0
[1m[92m    Checking[0m zerocopy v0.8.57
[1m[92m    Checking[0m getrandom v0.3.4
[1m[92m    Checking[0m getrandom v0.4.3
[1m[92m    Checking[0m wayland-protocols v0.32.13
[1m[92m   Compiling[0m zbus_names v4.3.4
[1m[92m    Checking[0m async-lock v3.4.2
[1m[92m    Checking[0m async-signal v0.2.14
[1m[92m   Compiling[0m bytemuck_derive v1.12.0
[1m[92m    Checking[0m bytemuck v1.25.2
[1m[92m    Checking[0m async-process v2.5.0
[1m[92m   Compiling[0m zbus_macros v5.19.0
[1m[92m    Checking[0m uuid v1.26.1
[1m[92m    Checking[0m async-executor v1.14.0
[1m[92m    Checking[0m async-broadcast v0.7.2
[1m[92m   Compiling[0m async-recursion v1.1.1
[1m[92m   Compiling[0m serde_repr v0.1.21
[1m[92m   Compiling[0m async-trait v0.1.92
[1m[92m    Checking[0m ordered-stream v0.2.0
[1m[92m    Checking[0m hex v0.4.3
[1m[92m   Compiling[0m zbus_xml v5.2.1
[1m[92m   Compiling[0m thiserror-impl v1.0.69
[1m[92m   Compiling[0m zbus-lockstep v0.5.2
[1m[92m   Compiling[0m zbus-lockstep-macros v0.5.2
[1m[92m    Checking[0m cursor-icon v1.2.0
[1m[92m    Checking[0m static_assertions v1.1.0
[1m[92m    Checking[0m thiserror v1.0.69
[1m[92m    Checking[0m xkeysym v0.2.1
[1m[92m    Checking[0m xcursor v0.3.11
[1m[92m    Checking[0m linux-raw-sys v0.4.15
[1m[92m    Checking[0m zbus v5.19.0
[1m[92m    Checking[0m simd-adler32 v0.3.10
[1m[92m    Checking[0m wayland-cursor v0.31.14
[1m[92m    Checking[0m wayland-csd-frame v0.3.0
[1m[92m    Checking[0m rustix v0.38.44
[1m[92m    Checking[0m ahash v0.8.12
[1m[92m    Checking[0m wayland-protocols-wlr v0.3.12
[1m[92m    Checking[0m memmap2 v0.9.11
[1m[92m    Checking[0m accesskit v0.21.1
[1m[92m    Checking[0m scopeguard v1.2.0
[1m[92m    Checking[0m adler2 v2.0.1
[1m[92m    Checking[0m raw-window-handle v0.6.2
[1m[92m    Checking[0m lock_api v0.4.14
[1m[92m    Checking[0m x11-dl v2.21.0
[1m[92m    Checking[0m parking_lot_core v0.9.12
[1m[92m   Compiling[0m futures-macro v0.3.34
[1m[92m    Checking[0m gethostname v1.1.0
[1m[92m    Checking[0m foldhash v0.1.5
[1m[92m    Checking[0m x11rb-protocol v0.13.2
[1m[92m    Checking[0m calloop v0.13.0
[1m[92m    Checking[0m as-raw-xcb-connection v1.0.1
[1m[92m    Checking[0m ttf-parser v0.25.1
[1m[92m    Checking[0m futures-task v0.3.34
[1m[92m    Checking[0m futures-util v0.3.34
[1m[92m    Checking[0m atspi-common v0.9.0
[1m[92m    Checking[0m owned_ttf_parser v0.25.1
[1m[92m    Checking[0m calloop-wayland-source v0.3.0
[1m[92m    Checking[0m hashbrown v0.15.5
[1m[92m    Checking[0m parking_lot v0.12.5
[1m[92m    Checking[0m crc32fast v1.5.1
[1m[92m    Checking[0m miniz_oxide v0.9.1
[1m[92m    Checking[0m emath v0.33.3
[1m[92m    Checking[0m ab_glyph_rasterizer v0.1.10
[1m[92m    Checking[0m ab_glyph v0.2.32
[1m[92m    Checking[0m ecolor v0.33.3
[1m[92m    Checking[0m flate2 v1.1.10
[1m[92m    Checking[0m num-traits v0.2.19
[1m[92m    Checking[0m accesskit_consumer v0.31.0
[1m[92m    Checking[0m smithay-client-toolkit v0.19.2
[1m[92m    Checking[0m miniz_oxide v0.8.9
[1m[92m    Checking[0m xkbcommon-dl v0.4.2
[1m[92m    Checking[0m atspi-proxies v0.9.0
[1m[92m    Checking[0m fdeflate v0.3.7
[1m[92m    Checking[0m wayland-protocols-plasma v0.3.12
[1m[92m    Checking[0m calloop v0.14.4
[1m[92m   Compiling[0m thiserror-impl v2.0.20
[1m[92m    Checking[0m atspi-connection v0.9.0
[1m[92m    Checking[0m epaint_default_fonts v0.33.3
[1m[92m    Checking[0m dpi v0.1.2
[1m[92m    Checking[0m smol_str v0.2.2
[1m[92m    Checking[0m pxfm v0.1.30
[1m[92m    Checking[0m typenum v1.20.1
[1m[92m    Checking[0m nohash-hasher v0.2.0
[1m[92m    Checking[0m profiling v1.0.18
[1m[92m    Checking[0m epaint v0.33.3
[1m[92m    Checking[0m generic-array v0.14.7
[1m[92m    Checking[0m thiserror v2.0.20
[1m[92m    Checking[0m atspi v0.25.0
[1m[92m    Checking[0m calloop-wayland-source v0.4.1
[1m[92m    Checking[0m png v0.18.1
[1m[92m    Checking[0m x11rb v0.13.2
[1m[92m    Checking[0m accesskit_atspi_common v0.14.2
[1m[92m    Checking[0m wayland-protocols-misc v0.3.12
[1m[92m    Checking[0m moxcms v0.8.1
[1m[92m    Checking[0m wayland-protocols-experimental v20250721.0.1
[1m[92m    Checking[0m ppv-lite86 v0.2.21
[1m[92m    Checking[0m rand_core v0.9.5
[1m[92m    Checking[0m unicode-segmentation v1.13.3
[1m[92m    Checking[0m byteorder-lite v0.1.0
[1m[92m    Checking[0m rand_chacha v0.9.0
[1m[92m    Checking[0m winit v0.30.13
[1m[92m    Checking[0m egui v0.33.3
[1m[92m   Compiling[0m toml v1.1.6+spec-1.1.0
[1m[92m    Checking[0m smithay-client-toolkit v0.20.0
[1m[92m    Checking[0m accesskit_unix v0.17.2
[1m[92m    Checking[0m image v0.25.10
[1m[92m    Checking[0m glutin_egl_sys v0.7.1
[1m[92m    Checking[0m glutin_glx_sys v0.6.1
[1m[92m    Checking[0m glutin v0.32.3
[1m[92m    Checking[0m smithay-clipboard v0.7.3
[1m[92m    Checking[0m memoffset v0.9.1
[1m[92m   Compiling[0m embed-resource v3.0.11
[1m[92m    Checking[0m rand v0.9.5
[1m[92m    Checking[0m crypto-common v0.1.7
[1m[92m    Checking[0m block-buffer v0.10.4
[1m[92m    Checking[0m async-fs v2.2.0
[1m[92m    Checking[0m async-net v2.0.0
[1m[92m    Checking[0m arboard v3.6.1
[1m[92m    Checking[0m webbrowser v1.2.4
[1m[92m    Checking[0m futures-channel v0.3.34
[1m[92m    Checking[0m web-time v1.1.0
[1m[92m    Checking[0m glow v0.16.0
[1m[92m    Checking[0m option-ext v0.2.0
[1m[92m    Checking[0m ashpd v0.11.1
[1m[92m    Checking[0m dirs-sys v0.5.0
[1m[92m    Checking[0m digest v0.10.7
[1m[92m   Compiling[0m system-designer v0.2.0 (/home/runner/work/System-Designer/System-Designer)
[1m[92m    Checking[0m accesskit_winit v0.29.2
[1m[92m    Checking[0m glutin-winit v0.5.0
[1m[92m    Checking[0m egui-winit v0.33.3
[1m[92m    Checking[0m zmij v1.0.23
[1m[92m    Checking[0m pollster v0.4.0
[1m[92m    Checking[0m itoa v1.0.18
[1m[92m    Checking[0m cpufeatures v0.2.17
[1m[92m    Checking[0m urlencoding v2.1.3
[1m[92m    Checking[0m serde_json v1.0.151
[1m[92m    Checking[0m sha2 v0.10.9
[1m[92m    Checking[0m directories v6.0.0
[1m[92m    Checking[0m tempfile v3.27.0
[1m[92m    Checking[0m egui_glow v0.33.3
[1m[92m    Checking[0m eframe v0.33.3
[1m[92m    Checking[0m rfd v0.15.4
[1m[92m    Finished[0m `dev` profile [unoptimized + debuginfo] target(s) in 38.79s
