2026-09-14T03:24:31.3206239Z Current runner version: '2.337.0'
2026-09-14T03:24:31.3239019Z ##[group]Runner Image Provisioner
2026-09-14T03:24:31.3240442Z Hosted Compute Agent
2026-09-14T03:24:31.3241779Z Version: 20260828.587
2026-09-14T03:24:31.3242756Z Commit: abac92662cab4cc7352de4f9f9d2e2419aad9c29
2026-09-14T03:24:31.3243809Z Build Date: 2026-08-28T16:44:25Z
2026-09-14T03:24:31.3245757Z Worker ID: {4f50ffaa-4dc1-4a02-81ae-e5f94c3f9108}
2026-09-14T03:24:31.3246856Z Azure Region: eastus2
2026-09-14T03:24:31.3247797Z ##[endgroup]
2026-09-14T03:24:31.3250253Z ##[group]Operating System
2026-09-14T03:24:31.3251395Z Ubuntu
2026-09-14T03:24:31.3252330Z 24.04.5
2026-09-14T03:24:31.3253114Z LTS
2026-09-14T03:24:31.3253922Z ##[endgroup]
2026-09-14T03:24:31.3254768Z ##[group]Runner Image
2026-09-14T03:24:31.3255708Z Image: ubuntu-24.04
2026-09-14T03:24:31.3256683Z Version: 20260907.300.1
2026-09-14T03:24:31.3258632Z Included Software: https://github.com/actions/runner-images/blob/ubuntu24/20260907.300/images/ubuntu/Ubuntu2404-Readme.md
2026-09-14T03:24:31.3261337Z Image Release: https://github.com/actions/runner-images/releases/tag/ubuntu24%2F20260907.300
2026-09-14T03:24:31.3262857Z ##[endgroup]
2026-09-14T03:24:31.3264736Z ##[group]GITHUB_TOKEN Permissions
2026-09-14T03:24:31.3267734Z Contents: read
2026-09-14T03:24:31.3268747Z Metadata: read
2026-09-14T03:24:31.3269557Z ##[endgroup]
2026-09-14T03:24:31.3273690Z Secret source: Actions
2026-09-14T03:24:31.3275173Z Cache mode: write
2026-09-14T03:24:31.3276761Z Prepare workflow directory
2026-09-14T03:24:31.3746741Z Prepare all required actions
2026-09-14T03:24:31.3817529Z Getting action download info
2026-09-14T03:24:31.6004069Z Download action repository 'actions/checkout@v7.0.1' (SHA:3d3c42e5aac5ba805825da76410c181273ba90b1)
2026-09-14T03:24:31.7267517Z Download action repository 'dtolnay/rust-toolchain@1.98.1' (SHA:ce678459e9fc7500d337468f904b95f1b5c10b5e)
2026-09-14T03:24:31.8300866Z Download action repository 'actions/setup-python@v7.0.0' (SHA:5fda3b95a4ea91299a34e894583c3862153e4b97)
2026-09-14T03:24:31.9113172Z Download action repository 'actions/upload-artifact@v7.0.1' (SHA:043fb46d1a93c77aae656e7c1c64a875d1fc6a0a)
2026-09-14T03:24:32.1387979Z Complete job name: native (ubuntu-24.04)
2026-09-14T03:24:32.2180480Z ##[group]Run actions/checkout@v7.0.1
2026-09-14T03:24:32.2181723Z with:
2026-09-14T03:24:32.2182218Z   repository: lgardner-dev/System-Designer
2026-09-14T03:24:32.2186173Z   token: ***
2026-09-14T03:24:32.2186611Z   ssh-strict: true
2026-09-14T03:24:32.2187052Z   ssh-user: git
2026-09-14T03:24:32.2187496Z   persist-credentials: true
2026-09-14T03:24:32.2187990Z   clean: true
2026-09-14T03:24:32.2188437Z   sparse-checkout-cone-mode: true
2026-09-14T03:24:32.2188960Z   fetch-depth: 1
2026-09-14T03:24:32.2189405Z   fetch-tags: false
2026-09-14T03:24:32.2189848Z   show-progress: true
2026-09-14T03:24:32.2190297Z   lfs: false
2026-09-14T03:24:32.2190909Z   submodules: false
2026-09-14T03:24:32.2191367Z   set-safe-directory: true
2026-09-14T03:24:32.2191870Z   allow-unsafe-pr-checkout: false
2026-09-14T03:24:32.2192665Z ##[endgroup]
2026-09-14T03:24:32.3305606Z Syncing repository: lgardner-dev/System-Designer
2026-09-14T03:24:32.3309026Z ##[group]Getting Git version info
2026-09-14T03:24:32.3311125Z Working directory is '/home/runner/work/System-Designer/System-Designer'
2026-09-14T03:24:32.3314516Z [command]/usr/bin/git version
2026-09-14T03:24:32.3523288Z git version 2.55.0
2026-09-14T03:24:32.3527394Z ##[endgroup]
2026-09-14T03:24:32.3535331Z Temporarily overriding HOME='/home/runner/work/_temp/0d302f59-0b34-46f9-820d-241778b6ba53' before making global git config changes
2026-09-14T03:24:32.3537848Z Adding repository directory to the temporary git global config as a safe directory
2026-09-14T03:24:32.3541333Z [command]/usr/bin/git config --global --add safe.directory /home/runner/work/System-Designer/System-Designer
2026-09-14T03:24:32.3544919Z Deleting the contents of '/home/runner/work/System-Designer/System-Designer'
2026-09-14T03:24:32.3552746Z ##[group]Determining repository object format
2026-09-14T03:24:32.3554964Z ##[endgroup]
2026-09-14T03:24:32.3556360Z ##[group]Initializing the repository
2026-09-14T03:24:32.3557775Z [command]/usr/bin/git init /home/runner/work/System-Designer/System-Designer
2026-09-14T03:24:32.3702520Z hint: Using 'master' as the name for the initial branch. This default branch name
2026-09-14T03:24:32.3712341Z hint: will change to "main" in Git 3.0. To configure the initial branch name
2026-09-14T03:24:32.3714105Z hint: to use in all of your new repositories, which will suppress this warning,
2026-09-14T03:24:32.3715531Z hint: call:
2026-09-14T03:24:32.3716338Z hint:
2026-09-14T03:24:32.3717357Z hint: 	git config --global init.defaultBranch <name>
2026-09-14T03:24:32.3718517Z hint:
2026-09-14T03:24:32.3719615Z hint: Names commonly chosen instead of 'master' are 'main', 'trunk' and
2026-09-14T03:24:32.3721683Z hint: 'development'. The just-created branch can be renamed via this command:
2026-09-14T03:24:32.3723046Z hint:
2026-09-14T03:24:32.3723916Z hint: 	git branch -m <name>
2026-09-14T03:24:32.3725160Z hint:
2026-09-14T03:24:32.3726321Z hint: Disable this message with "git config set advice.defaultBranchName false"
2026-09-14T03:24:32.3728323Z Initialized empty Git repository in /home/runner/work/System-Designer/System-Designer/.git/
2026-09-14T03:24:32.3732272Z [command]/usr/bin/git remote add origin https://github.com/lgardner-dev/System-Designer
2026-09-14T03:24:32.3787077Z ##[endgroup]
2026-09-14T03:24:32.3788609Z ##[group]Disabling automatic garbage collection
2026-09-14T03:24:32.3793850Z [command]/usr/bin/git config --local gc.auto 0
2026-09-14T03:24:32.3837152Z ##[endgroup]
2026-09-14T03:24:32.3838780Z ##[group]Setting up auth
2026-09-14T03:24:32.3839884Z Removing SSH command configuration
2026-09-14T03:24:32.3846030Z [command]/usr/bin/git config --local --name-only --get-regexp core\.sshCommand
2026-09-14T03:24:32.3896882Z [command]/usr/bin/git submodule foreach --recursive sh -c "git config --local --name-only --get-regexp 'core\.sshCommand' && git config --local --unset-all 'core.sshCommand' || :"
2026-09-14T03:24:32.4354598Z Removing HTTP extra header
2026-09-14T03:24:32.4364142Z [command]/usr/bin/git config --local --name-only --get-regexp http\.https\:\/\/github\.com\/\.extraheader
2026-09-14T03:24:32.4407442Z [command]/usr/bin/git submodule foreach --recursive sh -c "git config --local --name-only --get-regexp 'http\.https\:\/\/github\.com\/\.extraheader' && git config --local --unset-all 'http.https://github.com/.extraheader' || :"
2026-09-14T03:24:32.4653810Z Removing includeIf entries pointing to credentials config files
2026-09-14T03:24:32.4654868Z [command]/usr/bin/git config --local --name-only --get-regexp ^includeIf\.gitdir:
2026-09-14T03:24:32.4693570Z [command]/usr/bin/git submodule foreach --recursive git config --local --show-origin --name-only --get-regexp remote.origin.url
2026-09-14T03:24:32.4961957Z [command]/usr/bin/git config --file /home/runner/work/_temp/git-credentials-a1faa469-cd8c-47e8-bee9-f9faba410ec4.config http.https://github.com/.extraheader AUTHORIZATION: basic ***
2026-09-14T03:24:32.5007607Z [command]/usr/bin/git config --local includeIf.gitdir:/home/runner/work/System-Designer/System-Designer/.git.path /home/runner/work/_temp/git-credentials-a1faa469-cd8c-47e8-bee9-f9faba410ec4.config
2026-09-14T03:24:32.5045735Z [command]/usr/bin/git config --local includeIf.gitdir:/home/runner/work/System-Designer/System-Designer/.git/worktrees/*.path /home/runner/work/_temp/git-credentials-a1faa469-cd8c-47e8-bee9-f9faba410ec4.config
2026-09-14T03:24:32.5085921Z [command]/usr/bin/git config --local includeIf.gitdir:/github/workspace/.git.path /github/runner_temp/git-credentials-a1faa469-cd8c-47e8-bee9-f9faba410ec4.config
2026-09-14T03:24:32.5122799Z [command]/usr/bin/git config --local includeIf.gitdir:/github/workspace/.git/worktrees/*.path /github/runner_temp/git-credentials-a1faa469-cd8c-47e8-bee9-f9faba410ec4.config
2026-09-14T03:24:32.5155593Z ##[endgroup]
2026-09-14T03:24:32.5156687Z ##[group]Fetching the repository
2026-09-14T03:24:32.5162461Z [command]/usr/bin/git -c protocol.version=2 fetch --no-tags --prune --no-recurse-submodules --depth=1 origin +a0bd918613b03fb13eece9bfe4b701448d70b02d:refs/remotes/origin/work/add-logic-diagramming
2026-09-14T03:24:33.2283007Z From https://github.com/lgardner-dev/System-Designer
2026-09-14T03:24:33.2285088Z  * [new ref]         a0bd918613b03fb13eece9bfe4b701448d70b02d -> origin/work/add-logic-diagramming
2026-09-14T03:24:33.2293104Z [command]/usr/bin/git branch --list --remote origin/work/add-logic-diagramming
2026-09-14T03:24:33.2331616Z   origin/work/add-logic-diagramming
2026-09-14T03:24:33.2340812Z [command]/usr/bin/git rev-parse refs/remotes/origin/work/add-logic-diagramming
2026-09-14T03:24:33.2372730Z a0bd918613b03fb13eece9bfe4b701448d70b02d
2026-09-14T03:24:33.2379287Z ##[endgroup]
2026-09-14T03:24:33.2380512Z ##[group]Determining the checkout info
2026-09-14T03:24:33.2384472Z ##[endgroup]
2026-09-14T03:24:33.2385590Z [command]/usr/bin/git sparse-checkout disable
2026-09-14T03:24:33.2447301Z [command]/usr/bin/git config --local --unset-all extensions.worktreeConfig
2026-09-14T03:24:33.2490925Z ##[group]Checking out the ref
2026-09-14T03:24:33.2494447Z [command]/usr/bin/git checkout --progress --force -B work/add-logic-diagramming refs/remotes/origin/work/add-logic-diagramming
2026-09-14T03:24:33.3294378Z Switched to a new branch 'work/add-logic-diagramming'
2026-09-14T03:24:33.3298121Z branch 'work/add-logic-diagramming' set up to track 'origin/work/add-logic-diagramming'.
2026-09-14T03:24:33.3310456Z ##[endgroup]
2026-09-14T03:24:33.3367171Z [command]/usr/bin/git log -1 --format=%H
2026-09-14T03:24:33.3402506Z a0bd918613b03fb13eece9bfe4b701448d70b02d
2026-09-14T03:24:33.3998139Z ##[group]Run dtolnay/rust-toolchain@1.98.1
2026-09-14T03:24:33.3999447Z with:
2026-09-14T03:24:33.4000204Z   components: rustfmt, clippy
2026-09-14T03:24:33.4001361Z ##[endgroup]
2026-09-14T03:24:33.4086029Z ##[start-action display=Parse toolchain version;id=__dtolnay_rust-toolchain.parse]
2026-09-14T03:24:33.4163433Z ##[group]Run if [[ -z $toolchain ]]; then
2026-09-14T03:24:33.4164565Z [36;1mif [[ -z $toolchain ]]; then[0m
2026-09-14T03:24:33.4166184Z [36;1m  # GitHub does not enforce `required: true` inputs itself. https://github.com/actions/runner/issues/1070[0m
2026-09-14T03:24:33.4168346Z [36;1m  echo "'toolchain' is a required input" >&2[0m
2026-09-14T03:24:33.4169368Z [36;1m  exit 1[0m
2026-09-14T03:24:33.4170318Z [36;1melif [[ $toolchain =~ ^stable' '[0-9]+' '(year|month|week|day)s?' 'ago$ ]]; then[0m
2026-09-14T03:24:33.4172179Z [36;1m  if [[ Linux == macOS ]]; then[0m
2026-09-14T03:24:33.4174119Z [36;1m    echo "toolchain=1.$((($(date -v-$(sed 's/stable \([0-9]*\) \(.\).*/\1\2/' <<< $toolchain) +%s)/60/60/24-16569)/7/6))" >> $GITHUB_OUTPUT[0m
2026-09-14T03:24:33.4177812Z [36;1m  else[0m
2026-09-14T03:24:33.4179099Z [36;1m    echo "toolchain=1.$((($(date --date "${toolchain#stable }" +%s)/60/60/24-16569)/7/6))" >> $GITHUB_OUTPUT[0m
2026-09-14T03:24:33.4181059Z [36;1m  fi[0m
2026-09-14T03:24:33.4181884Z [36;1melif [[ $toolchain =~ ^stable' 'minus' '[0-9]+' 'releases?$ ]]; then[0m
2026-09-14T03:24:33.4183743Z [36;1m  echo "toolchain=1.$((($(date +%s)/60/60/24-16569)/7/6-${toolchain//[^0-9]/}))" >> $GITHUB_OUTPUT[0m
2026-09-14T03:24:33.4185524Z [36;1melif [[ $toolchain =~ ^1\.[0-9]+$ ]]; then[0m
2026-09-14T03:24:33.4187247Z [36;1m  echo "toolchain=1.$((i=${toolchain#1.}, c=($(date +%s)/60/60/24-16569)/7/6, i+9*i*(10*i<=c)+90*i*(100*i<=c)))" >> $GITHUB_OUTPUT[0m
2026-09-14T03:24:33.4189264Z [36;1melse[0m
2026-09-14T03:24:33.4189915Z [36;1m  echo "toolchain=$toolchain" >> $GITHUB_OUTPUT[0m
2026-09-14T03:24:33.4191088Z [36;1mfi[0m
2026-09-14T03:24:33.4238507Z shell: /usr/bin/bash --noprofile --norc -e -o pipefail {0}
2026-09-14T03:24:33.4239690Z env:
2026-09-14T03:24:33.4240161Z   toolchain: 1.98.1
2026-09-14T03:24:33.4240878Z ##[endgroup]
2026-09-14T03:24:33.4384608Z ##[end-action id=__dtolnay_rust-toolchain.parse;outcome=success;conclusion=success;duration_ms=29]
2026-09-14T03:24:33.4402564Z ##[start-action display=Construct rustup command line;id=__dtolnay_rust-toolchain.flags]
2026-09-14T03:24:33.4445118Z ##[group]Run echo "targets=$(for t in ${targets//,/ }; do echo -n ' --target' $t; done)" >> $GITHUB_OUTPUT
2026-09-14T03:24:33.4446979Z [36;1mecho "targets=$(for t in ${targets//,/ }; do echo -n ' --target' $t; done)" >> $GITHUB_OUTPUT[0m
2026-09-14T03:24:33.4448832Z [36;1mecho "components=$(for c in ${components//,/ }; do echo -n ' --component' $c; done)" >> $GITHUB_OUTPUT[0m
2026-09-14T03:24:33.4450231Z [36;1mecho "downgrade=" >> $GITHUB_OUTPUT[0m
2026-09-14T03:24:33.4493244Z shell: /usr/bin/bash --noprofile --norc -e -o pipefail {0}
2026-09-14T03:24:33.4494191Z env:
2026-09-14T03:24:33.4494632Z   targets: 
2026-09-14T03:24:33.4495118Z   components: rustfmt, clippy
2026-09-14T03:24:33.4495725Z ##[endgroup]
2026-09-14T03:24:33.4590212Z ##[end-action id=__dtolnay_rust-toolchain.flags;outcome=success;conclusion=success;duration_ms=18]
2026-09-14T03:24:33.4595582Z ##[start-action display=Set $CARGO_HOME;id=__dtolnay_rust-toolchain.__run]
2026-09-14T03:24:33.4626560Z ##[group]Run echo CARGO_HOME=${CARGO_HOME:-"$HOME/.cargo"} >> $GITHUB_ENV
2026-09-14T03:24:33.4627880Z [36;1mecho CARGO_HOME=${CARGO_HOME:-"$HOME/.cargo"} >> $GITHUB_ENV[0m
2026-09-14T03:24:33.4670009Z shell: /usr/bin/bash --noprofile --norc -e -o pipefail {0}
2026-09-14T03:24:33.4671115Z ##[endgroup]
2026-09-14T03:24:33.4757868Z ##[end-action id=__dtolnay_rust-toolchain.__run;outcome=success;conclusion=success;duration_ms=16]
2026-09-14T03:24:33.4763267Z ##[start-action display=Install rustup if needed;id=__dtolnay_rust-toolchain.__run_2]
2026-09-14T03:24:33.4804864Z ##[group]Run if ! command -v rustup &>/dev/null; then
2026-09-14T03:24:33.4805847Z [36;1mif ! command -v rustup &>/dev/null; then[0m
2026-09-14T03:24:33.4807991Z [36;1m  curl --proto '=https' --tlsv1.2 --retry 10 --retry-connrefused --location --silent --show-error --fail https://sh.rustup.rs | sh -s -- --default-toolchain none -y[0m
2026-09-14T03:24:33.4810171Z [36;1m  echo "$CARGO_HOME/bin" >> $GITHUB_PATH[0m
2026-09-14T03:24:33.4811067Z [36;1mfi[0m
2026-09-14T03:24:33.4852442Z shell: /usr/bin/bash --noprofile --norc -e -o pipefail {0}
2026-09-14T03:24:33.4853774Z env:
2026-09-14T03:24:33.4854261Z   CARGO_HOME: /home/runner/.cargo
2026-09-14T03:24:33.4854908Z ##[endgroup]
2026-09-14T03:24:33.4938603Z ##[end-action id=__dtolnay_rust-toolchain.__run_2;outcome=success;conclusion=success;duration_ms=17]
2026-09-14T03:24:33.4944182Z ##[start-action display=Install rustup if needed on windows;id=__dtolnay_rust-toolchain.__run_3]
2026-09-14T03:24:33.4957262Z ##[end-action id=__dtolnay_rust-toolchain.__run_3;outcome=skipped;conclusion=skipped;duration_ms=0]
2026-09-14T03:24:33.4971524Z ##[start-action display=rustup toolchain install 1.98.1;id=__dtolnay_rust-toolchain.__run_4]
2026-09-14T03:24:33.5003627Z ##[group]Run rustup toolchain install 1.98.1 --component rustfmt --component clippy --profile minimal --no-self-update
2026-09-14T03:24:33.5006014Z [36;1mrustup toolchain install 1.98.1 --component rustfmt --component clippy --profile minimal --no-self-update[0m
2026-09-14T03:24:33.5049790Z shell: /usr/bin/bash --noprofile --norc -e -o pipefail {0}
2026-09-14T03:24:33.5050875Z env:
2026-09-14T03:24:33.5051363Z   CARGO_HOME: /home/runner/.cargo
2026-09-14T03:24:33.5052042Z   RUSTUP_PERMIT_COPY_RENAME: 1
2026-09-14T03:24:33.5052648Z ##[endgroup]
2026-09-14T03:24:33.5549131Z info: syncing channel updates for 1.98.1-x86_64-unknown-linux-gnu
2026-09-14T03:24:33.7208926Z info: latest update on 2026-09-03 for version 1.98.1 (48a229cea 2026-09-01)
2026-09-14T03:24:33.7210315Z info: downloading 5 components
2026-09-14T03:24:42.4256468Z 
2026-09-14T03:24:42.4337029Z   1.98.1-x86_64-unknown-linux-gnu installed - rustc 1.98.1 (48a229cea 2026-09-01)
2026-09-14T03:24:42.4337635Z 
2026-09-14T03:24:42.4388340Z ##[end-action id=__dtolnay_rust-toolchain.__run_4;outcome=success;conclusion=success;duration_ms=8941]
2026-09-14T03:24:42.4398280Z ##[start-action display=rustup default 1.98.1;id=__dtolnay_rust-toolchain.__run_5]
2026-09-14T03:24:42.4449652Z ##[group]Run rustup default 1.98.1
2026-09-14T03:24:42.4450024Z [36;1mrustup default 1.98.1[0m
2026-09-14T03:24:42.4492750Z shell: /usr/bin/bash --noprofile --norc -e -o pipefail {0}
2026-09-14T03:24:42.4493161Z env:
2026-09-14T03:24:42.4493427Z   CARGO_HOME: /home/runner/.cargo
2026-09-14T03:24:42.4493743Z ##[endgroup]
2026-09-14T03:24:42.4606894Z info: using existing install for 1.98.1-x86_64-unknown-linux-gnu
2026-09-14T03:24:42.4613116Z info: default toolchain set to 1.98.1-x86_64-unknown-linux-gnu
2026-09-14T03:24:42.4613470Z 
2026-09-14T03:24:42.4687618Z   1.98.1-x86_64-unknown-linux-gnu unchanged - rustc 1.98.1 (48a229cea 2026-09-01)
2026-09-14T03:24:42.4688099Z 
2026-09-14T03:24:42.4688826Z info: note that the toolchain '1.98.1-x86_64-unknown-linux-gnu' is currently in use (overridden by '/home/runner/work/System-Designer/System-Designer/rust-toolchain.toml')
2026-09-14T03:24:42.4707814Z ##[end-action id=__dtolnay_rust-toolchain.__run_5;outcome=success;conclusion=success;duration_ms=30]
2026-09-14T03:24:42.4711270Z ##[start-action display=Create cachekey;id=__dtolnay_rust-toolchain.rustc-version]
2026-09-14T03:24:42.4736088Z ##[group]Run DATE=$(rustc +1.98.1 --version --verbose | sed -ne 's/^commit-date: \(20[0-9][0-9]\)-\([01][0-9]\)-\([0-3][0-9]\)$/\1\2\3/p')
2026-09-14T03:24:42.4736968Z [36;1mDATE=$(rustc +1.98.1 --version --verbose | sed -ne 's/^commit-date: \(20[0-9][0-9]\)-\([01][0-9]\)-\([0-3][0-9]\)$/\1\2\3/p')[0m
2026-09-14T03:24:42.4737690Z [36;1mHASH=$(rustc +1.98.1 --version --verbose | sed -ne 's/^commit-hash: //p')[0m
2026-09-14T03:24:42.4738466Z [36;1mecho "cachekey=$(echo $DATE$HASH | head -c12)" >> $GITHUB_OUTPUT[0m
2026-09-14T03:24:42.4781044Z shell: /usr/bin/bash --noprofile --norc -e -o pipefail {0}
2026-09-14T03:24:42.4781446Z env:
2026-09-14T03:24:42.4781715Z   CARGO_HOME: /home/runner/.cargo
2026-09-14T03:24:42.4782031Z ##[endgroup]
2026-09-14T03:24:42.5134653Z ##[end-action id=__dtolnay_rust-toolchain.rustc-version;outcome=success;conclusion=success;duration_ms=42]
2026-09-14T03:24:42.5137952Z ##[start-action display=Disable incremental compilation;id=__dtolnay_rust-toolchain.__run_6]
2026-09-14T03:24:42.5161098Z ##[group]Run if [ -z "${CARGO_INCREMENTAL+set}" ]; then
2026-09-14T03:24:42.5161585Z [36;1mif [ -z "${CARGO_INCREMENTAL+set}" ]; then[0m
2026-09-14T03:24:42.5161973Z [36;1m  echo CARGO_INCREMENTAL=0 >> $GITHUB_ENV[0m
2026-09-14T03:24:42.5162328Z [36;1mfi[0m
2026-09-14T03:24:42.5205170Z shell: /usr/bin/bash --noprofile --norc -e -o pipefail {0}
2026-09-14T03:24:42.5205620Z env:
2026-09-14T03:24:42.5205894Z   CARGO_HOME: /home/runner/.cargo
2026-09-14T03:24:42.5206223Z ##[endgroup]
2026-09-14T03:24:42.5276517Z ##[end-action id=__dtolnay_rust-toolchain.__run_6;outcome=success;conclusion=success;duration_ms=13]
2026-09-14T03:24:42.5279004Z ##[start-action display=Enable colors in Cargo output;id=__dtolnay_rust-toolchain.__run_7]
2026-09-14T03:24:42.5299724Z ##[group]Run if [ -z "${CARGO_TERM_COLOR+set}" ]; then
2026-09-14T03:24:42.5300176Z [36;1mif [ -z "${CARGO_TERM_COLOR+set}" ]; then[0m
2026-09-14T03:24:42.5300569Z [36;1m  echo CARGO_TERM_COLOR=always >> $GITHUB_ENV[0m
2026-09-14T03:24:42.5301268Z [36;1mfi[0m
2026-09-14T03:24:42.5341675Z shell: /usr/bin/bash --noprofile --norc -e -o pipefail {0}
2026-09-14T03:24:42.5342082Z env:
2026-09-14T03:24:42.5342349Z   CARGO_HOME: /home/runner/.cargo
2026-09-14T03:24:42.5342665Z   CARGO_INCREMENTAL: 0
2026-09-14T03:24:42.5342935Z ##[endgroup]
2026-09-14T03:24:42.5413605Z ##[end-action id=__dtolnay_rust-toolchain.__run_7;outcome=success;conclusion=success;duration_ms=13]
2026-09-14T03:24:42.5416148Z ##[start-action display=Enable Cargo sparse registry;id=__dtolnay_rust-toolchain.__run_8]
2026-09-14T03:24:42.5438128Z ##[group]Run # implemented in 1.66, stabilized in 1.68, made default in 1.70
2026-09-14T03:24:42.5438725Z [36;1m# implemented in 1.66, stabilized in 1.68, made default in 1.70[0m
2026-09-14T03:24:42.5439504Z [36;1mif [ -z "${CARGO_REGISTRIES_CRATES_IO_PROTOCOL+set}" -o -f "/home/runner/work/_temp"/.implicit_cargo_registries_crates_io_protocol ]; then[0m
2026-09-14T03:24:42.5440452Z [36;1m  if rustc +1.98.1 --version --verbose | grep -q '^release: 1\.6[89]\.'; then[0m
2026-09-14T03:24:42.5441354Z [36;1m    touch "/home/runner/work/_temp"/.implicit_cargo_registries_crates_io_protocol || true[0m
2026-09-14T03:24:42.5441971Z [36;1m    echo CARGO_REGISTRIES_CRATES_IO_PROTOCOL=sparse >> $GITHUB_ENV[0m
2026-09-14T03:24:42.5442521Z [36;1m  elif rustc +1.98.1 --version --verbose | grep -q '^release: 1\.6[67]\.'; then[0m
2026-09-14T03:24:42.5443181Z [36;1m    touch "/home/runner/work/_temp"/.implicit_cargo_registries_crates_io_protocol || true[0m
2026-09-14T03:24:42.5443758Z [36;1m    echo CARGO_REGISTRIES_CRATES_IO_PROTOCOL=git >> $GITHUB_ENV[0m
2026-09-14T03:24:42.5444164Z [36;1m  fi[0m
2026-09-14T03:24:42.5444415Z [36;1mfi[0m
2026-09-14T03:24:42.5485332Z shell: /usr/bin/bash --noprofile --norc -e -o pipefail {0}
2026-09-14T03:24:42.5485759Z env:
2026-09-14T03:24:42.5486029Z   CARGO_HOME: /home/runner/.cargo
2026-09-14T03:24:42.5486342Z   CARGO_INCREMENTAL: 0
2026-09-14T03:24:42.5486644Z   CARGO_TERM_COLOR: always
2026-09-14T03:24:42.5486925Z ##[endgroup]
2026-09-14T03:24:42.5803425Z ##[end-action id=__dtolnay_rust-toolchain.__run_8;outcome=success;conclusion=success;duration_ms=38]
2026-09-14T03:24:42.5806679Z ##[start-action display=Work around spurious network errors in curl 8.0;id=__dtolnay_rust-toolchain.__run_9]
2026-09-14T03:24:42.5830004Z ##[group]Run # https://rust-lang.zulipchat.com/#narrow/stream/246057-t-cargo/topic/timeout.20investigation
2026-09-14T03:24:42.5831286Z [36;1m# https://rust-lang.zulipchat.com/#narrow/stream/246057-t-cargo/topic/timeout.20investigation[0m
2026-09-14T03:24:42.5831963Z [36;1mif rustc +1.98.1 --version --verbose | grep -q '^release: 1\.7[01]\.'; then[0m
2026-09-14T03:24:42.5832481Z [36;1m  echo CARGO_HTTP_MULTIPLEXING=false >> $GITHUB_ENV[0m
2026-09-14T03:24:42.5832853Z [36;1mfi[0m
2026-09-14T03:24:42.5877694Z shell: /usr/bin/bash --noprofile --norc -e -o pipefail {0}
2026-09-14T03:24:42.5878098Z env:
2026-09-14T03:24:42.5878362Z   CARGO_HOME: /home/runner/.cargo
2026-09-14T03:24:42.5878672Z   CARGO_INCREMENTAL: 0
2026-09-14T03:24:42.5878957Z   CARGO_TERM_COLOR: always
2026-09-14T03:24:42.5879247Z ##[endgroup]
2026-09-14T03:24:42.6072190Z ##[end-action id=__dtolnay_rust-toolchain.__run_9;outcome=success;conclusion=success;duration_ms=26]
2026-09-14T03:24:42.6076919Z ##[start-action display=rustc +1.98.1 --version --verbose;id=__dtolnay_rust-toolchain.__run_10]
2026-09-14T03:24:42.6098819Z ##[group]Run rustc +1.98.1 --version --verbose
2026-09-14T03:24:42.6099248Z [36;1mrustc +1.98.1 --version --verbose[0m
2026-09-14T03:24:42.6142182Z shell: /usr/bin/bash --noprofile --norc -e -o pipefail {0}
2026-09-14T03:24:42.6142594Z env:
2026-09-14T03:24:42.6142859Z   CARGO_HOME: /home/runner/.cargo
2026-09-14T03:24:42.6143173Z   CARGO_INCREMENTAL: 0
2026-09-14T03:24:42.6143452Z   CARGO_TERM_COLOR: always
2026-09-14T03:24:42.6143754Z ##[endgroup]
2026-09-14T03:24:42.6317001Z rustc 1.98.1 (48a229cea 2026-09-01)
2026-09-14T03:24:42.6317496Z binary: rustc
2026-09-14T03:24:42.6317828Z commit-hash: 48a229ceaefd4985c50990b14116b6d856af0985
2026-09-14T03:24:42.6318229Z commit-date: 2026-09-01
2026-09-14T03:24:42.6318549Z host: x86_64-unknown-linux-gnu
2026-09-14T03:24:42.6318967Z release: 1.98.1
2026-09-14T03:24:42.6319644Z LLVM version: 22.1.8
2026-09-14T03:24:42.6334930Z ##[end-action id=__dtolnay_rust-toolchain.__run_10;outcome=success;conclusion=success;duration_ms=25]
2026-09-14T03:24:42.6402058Z ##[group]Run sudo apt-get update
2026-09-14T03:24:42.6402442Z [36;1msudo apt-get update[0m
2026-09-14T03:24:42.6403172Z [36;1msudo apt-get install -y libx11-dev libxi-dev libxrandr-dev libxcursor-dev libxinerama-dev libwayland-dev libxkbcommon-dev libegl1-mesa-dev libgl1-mesa-dev[0m
2026-09-14T03:24:42.6447931Z shell: /usr/bin/bash -e {0}
2026-09-14T03:24:42.6448245Z env:
2026-09-14T03:24:42.6448515Z   CARGO_HOME: /home/runner/.cargo
2026-09-14T03:24:42.6449045Z   CARGO_INCREMENTAL: 0
2026-09-14T03:24:42.6449335Z   CARGO_TERM_COLOR: always
2026-09-14T03:24:42.6449616Z ##[endgroup]
2026-09-14T03:24:42.7336240Z Get:1 file:/etc/apt/apt-mirrors.txt Mirrorlist [144 B]
2026-09-14T03:24:42.7575289Z Get:6 https://packages.microsoft.com/ubuntu/24.04/prod noble InRelease [3600 B]
2026-09-14T03:24:42.7669447Z Hit:2 http://azure.archive.ubuntu.com/ubuntu noble InRelease
2026-09-14T03:24:42.7691675Z Get:3 http://azure.archive.ubuntu.com/ubuntu noble-updates InRelease [126 kB]
2026-09-14T03:24:42.7742074Z Get:4 http://azure.archive.ubuntu.com/ubuntu noble-backports InRelease [126 kB]
2026-09-14T03:24:42.7751887Z Get:5 http://azure.archive.ubuntu.com/ubuntu noble-security InRelease [126 kB]
2026-09-14T03:24:42.8068061Z Get:7 https://dl.google.com/linux/chrome-stable/deb stable InRelease [2548 B]
2026-09-14T03:24:42.8375045Z Get:8 https://packages.microsoft.com/ubuntu/24.04/prod noble/main amd64 Packages [463 kB]
2026-09-14T03:24:42.8533868Z Get:9 https://packages.microsoft.com/ubuntu/24.04/prod noble/main arm64 Packages [414 kB]
2026-09-14T03:24:42.9516624Z Get:10 http://azure.archive.ubuntu.com/ubuntu noble-updates/main amd64 Packages [1263 kB]
2026-09-14T03:24:42.9586643Z Get:11 http://azure.archive.ubuntu.com/ubuntu noble-updates/main Translation-en [292 kB]
2026-09-14T03:24:42.9607213Z Get:12 http://azure.archive.ubuntu.com/ubuntu noble-updates/main amd64 Components [181 kB]
2026-09-14T03:24:42.9624307Z Get:13 http://azure.archive.ubuntu.com/ubuntu noble-updates/universe amd64 Packages [1691 kB]
2026-09-14T03:24:42.9725139Z Get:14 http://azure.archive.ubuntu.com/ubuntu noble-updates/universe Translation-en [339 kB]
2026-09-14T03:24:42.9754240Z Get:15 http://azure.archive.ubuntu.com/ubuntu noble-updates/universe amd64 Components [388 kB]
2026-09-14T03:24:42.9802786Z Get:16 http://azure.archive.ubuntu.com/ubuntu noble-updates/restricted amd64 Packages [1544 kB]
2026-09-14T03:24:42.9865107Z Get:17 http://azure.archive.ubuntu.com/ubuntu noble-updates/restricted Translation-en [354 kB]
2026-09-14T03:24:42.9888139Z Get:18 http://azure.archive.ubuntu.com/ubuntu noble-updates/multiverse amd64 Components [940 B]
2026-09-14T03:24:43.0069675Z Get:19 http://azure.archive.ubuntu.com/ubuntu noble-backports/main amd64 Components [5772 B]
2026-09-14T03:24:43.0552687Z Get:20 http://azure.archive.ubuntu.com/ubuntu noble-backports/universe amd64 Components [12.6 kB]
2026-09-14T03:24:43.0711925Z Get:21 http://azure.archive.ubuntu.com/ubuntu noble-security/main amd64 Packages [1006 kB]
2026-09-14T03:24:43.0787479Z Get:22 http://azure.archive.ubuntu.com/ubuntu noble-security/main Translation-en [213 kB]
2026-09-14T03:24:43.0811580Z Get:23 http://azure.archive.ubuntu.com/ubuntu noble-security/main amd64 Components [46.4 kB]
2026-09-14T03:24:43.0847232Z Get:24 http://azure.archive.ubuntu.com/ubuntu noble-security/universe amd64 Packages [1206 kB]
2026-09-14T03:24:43.0895366Z Get:25 http://azure.archive.ubuntu.com/ubuntu noble-security/universe Translation-en [242 kB]
2026-09-14T03:24:43.0921487Z Get:26 http://azure.archive.ubuntu.com/ubuntu noble-security/universe amd64 Components [76.3 kB]
2026-09-14T03:24:43.0981759Z Get:27 http://azure.archive.ubuntu.com/ubuntu noble-security/restricted amd64 Packages [1445 kB]
2026-09-14T03:24:43.1021833Z Get:28 http://azure.archive.ubuntu.com/ubuntu noble-security/restricted Translation-en [336 kB]
2026-09-14T03:24:43.1544473Z Get:29 https://dl.google.com/linux/chrome-stable/deb stable/main amd64 Packages [1413 B]
2026-09-14T03:24:47.4577247Z Fetched 11.9 MB in 1s (8426 kB/s)
2026-09-14T03:24:48.3558080Z Reading package lists...
2026-09-14T03:24:48.3912582Z Reading package lists...
2026-09-14T03:24:48.6368860Z Building dependency tree...
2026-09-14T03:24:48.6377156Z Reading state information...
2026-09-14T03:24:48.8586129Z The following additional packages will be installed:
2026-09-14T03:24:48.8587503Z   libegl-dev libegl-mesa0 libegl1 libgl-dev libgles-dev libgles1 libgles2
2026-09-14T03:24:48.8588298Z   libglvnd-core-dev libglvnd-dev libglx-dev libopengl-dev libopengl0
2026-09-14T03:24:48.8591491Z   libpthread-stubs0-dev libwayland-bin libwayland-server0 libxau-dev
2026-09-14T03:24:48.8597625Z   libxcb1-dev libxdmcp-dev libxext-dev libxfixes-dev libxrender-dev
2026-09-14T03:24:48.8598229Z   x11proto-dev xorg-sgml-doctools xtrans-dev
2026-09-14T03:24:48.8610078Z Suggested packages:
2026-09-14T03:24:48.8610491Z   libwayland-doc libx11-doc libxcb-doc libxext-doc
2026-09-14T03:24:48.8935931Z The following NEW packages will be installed:
2026-09-14T03:24:48.8936697Z   libegl-dev libegl-mesa0 libegl1 libegl1-mesa-dev libgl-dev libgl1-mesa-dev
2026-09-14T03:24:48.8937476Z   libgles-dev libgles1 libgles2 libglvnd-core-dev libglvnd-dev libglx-dev
2026-09-14T03:24:48.8940759Z   libopengl-dev libopengl0 libpthread-stubs0-dev libwayland-bin libwayland-dev
2026-09-14T03:24:48.8941578Z   libwayland-server0 libx11-dev libxau-dev libxcb1-dev libxcursor-dev
2026-09-14T03:24:48.8942131Z   libxdmcp-dev libxext-dev libxfixes-dev libxi-dev libxinerama-dev
2026-09-14T03:24:48.8947033Z   libxkbcommon-dev libxrandr-dev libxrender-dev x11proto-dev
2026-09-14T03:24:48.8947581Z   xorg-sgml-doctools xtrans-dev
2026-09-14T03:24:48.9191299Z 0 upgraded, 33 newly installed, 0 to remove and 50 not upgraded.
2026-09-14T03:24:48.9191822Z Need to get 2567 kB of archives.
2026-09-14T03:24:48.9192199Z After this operation, 11.6 MB of additional disk space will be used.
2026-09-14T03:24:48.9192630Z Get:1 file:/etc/apt/apt-mirrors.txt Mirrorlist [144 B]
2026-09-14T03:24:48.9484709Z Get:2 http://azure.archive.ubuntu.com/ubuntu noble-updates/main amd64 libegl-mesa0 amd64 25.2.8-0ubuntu0.24.04.2 [117 kB]
2026-09-14T03:24:48.9511862Z Get:3 http://azure.archive.ubuntu.com/ubuntu noble/main amd64 libegl1 amd64 1.7.0-1build1 [28.7 kB]
2026-09-14T03:24:48.9528099Z Get:4 http://azure.archive.ubuntu.com/ubuntu noble/main amd64 xorg-sgml-doctools all 1:1.11-1.1 [10.9 kB]
2026-09-14T03:24:48.9543558Z Get:5 http://azure.archive.ubuntu.com/ubuntu noble/main amd64 x11proto-dev all 2023.2-1 [602 kB]
2026-09-14T03:24:48.9618080Z Get:6 http://azure.archive.ubuntu.com/ubuntu noble/main amd64 libxau-dev amd64 1:1.0.9-1build6 [9570 B]
2026-09-14T03:24:48.9631286Z Get:7 http://azure.archive.ubuntu.com/ubuntu noble/main amd64 libxdmcp-dev amd64 1:1.1.3-0ubuntu6 [26.5 kB]
2026-09-14T03:24:48.9648083Z Get:8 http://azure.archive.ubuntu.com/ubuntu noble/main amd64 xtrans-dev all 1.4.0-1 [68.9 kB]
2026-09-14T03:24:48.9666680Z Get:9 http://azure.archive.ubuntu.com/ubuntu noble/main amd64 libpthread-stubs0-dev amd64 0.4-1build3 [4746 B]
2026-09-14T03:24:48.9679297Z Get:10 http://azure.archive.ubuntu.com/ubuntu noble/main amd64 libxcb1-dev amd64 1.15-1ubuntu2 [85.8 kB]
2026-09-14T03:24:48.9698777Z Get:11 http://azure.archive.ubuntu.com/ubuntu noble/main amd64 libx11-dev amd64 2:1.8.7-1build1 [732 kB]
2026-09-14T03:24:48.9761406Z Get:12 http://azure.archive.ubuntu.com/ubuntu noble/main amd64 libglx-dev amd64 1.7.0-1build1 [14.2 kB]
2026-09-14T03:24:48.9776907Z Get:13 http://azure.archive.ubuntu.com/ubuntu noble/main amd64 libgl-dev amd64 1.7.0-1build1 [102 kB]
2026-09-14T03:24:48.9796396Z Get:14 http://azure.archive.ubuntu.com/ubuntu noble/main amd64 libegl-dev amd64 1.7.0-1build1 [18.2 kB]
2026-09-14T03:24:48.9810817Z Get:15 http://azure.archive.ubuntu.com/ubuntu noble/main amd64 libglvnd-core-dev amd64 1.7.0-1build1 [13.6 kB]
2026-09-14T03:24:48.9824596Z Get:16 http://azure.archive.ubuntu.com/ubuntu noble/main amd64 libgles1 amd64 1.7.0-1build1 [11.6 kB]
2026-09-14T03:24:48.9837717Z Get:17 http://azure.archive.ubuntu.com/ubuntu noble/main amd64 libgles2 amd64 1.7.0-1build1 [17.1 kB]
2026-09-14T03:24:48.9851304Z Get:18 http://azure.archive.ubuntu.com/ubuntu noble/main amd64 libgles-dev amd64 1.7.0-1build1 [50.5 kB]
2026-09-14T03:24:48.9868582Z Get:19 http://azure.archive.ubuntu.com/ubuntu noble/main amd64 libopengl0 amd64 1.7.0-1build1 [32.8 kB]
2026-09-14T03:24:48.9883743Z Get:20 http://azure.archive.ubuntu.com/ubuntu noble/main amd64 libopengl-dev amd64 1.7.0-1build1 [3454 B]
2026-09-14T03:24:48.9896035Z Get:21 http://azure.archive.ubuntu.com/ubuntu noble/main amd64 libglvnd-dev amd64 1.7.0-1build1 [3198 B]
2026-09-14T03:24:48.9908516Z Get:22 http://azure.archive.ubuntu.com/ubuntu noble-updates/main amd64 libegl1-mesa-dev amd64 25.2.8-0ubuntu0.24.04.2 [26.7 kB]
2026-09-14T03:24:48.9923399Z Get:23 http://azure.archive.ubuntu.com/ubuntu noble/main amd64 libwayland-server0 amd64 1.22.0-2.1build1 [33.9 kB]
2026-09-14T03:24:48.9938039Z Get:24 http://azure.archive.ubuntu.com/ubuntu noble/main amd64 libxrender-dev amd64 1:0.9.10-1.1build1 [26.3 kB]
2026-09-14T03:24:48.9955606Z Get:25 http://azure.archive.ubuntu.com/ubuntu noble/main amd64 libxfixes-dev amd64 1:6.0.0-2build1 [12.1 kB]
2026-09-14T03:24:48.9968089Z Get:26 http://azure.archive.ubuntu.com/ubuntu noble/main amd64 libxcursor-dev amd64 1:1.2.1-1build1 [31.8 kB]
2026-09-14T03:24:48.9984032Z Get:27 http://azure.archive.ubuntu.com/ubuntu noble/main amd64 libxext-dev amd64 2:1.3.4-1build2 [83.5 kB]
2026-09-14T03:24:49.0003700Z Get:28 http://azure.archive.ubuntu.com/ubuntu noble/main amd64 libxi-dev amd64 2:1.8.1-1build1 [194 kB]
2026-09-14T03:24:49.0032915Z Get:29 http://azure.archive.ubuntu.com/ubuntu noble/main amd64 libxinerama-dev amd64 2:1.1.4-3build1 [7988 B]
2026-09-14T03:24:49.0048325Z Get:30 http://azure.archive.ubuntu.com/ubuntu noble/main amd64 libxkbcommon-dev amd64 1.6.0-1build1 [56.3 kB]
2026-09-14T03:24:49.0083202Z Get:31 http://azure.archive.ubuntu.com/ubuntu noble/main amd64 libxrandr-dev amd64 2:1.5.2-2build1 [26.4 kB]
2026-09-14T03:24:49.0099107Z Get:32 http://azure.archive.ubuntu.com/ubuntu noble-updates/main amd64 libgl1-mesa-dev amd64 25.2.8-0ubuntu0.24.04.2 [22.7 kB]
2026-09-14T03:24:49.0115473Z Get:33 http://azure.archive.ubuntu.com/ubuntu noble/main amd64 libwayland-bin amd64 1.22.0-2.1build1 [20.6 kB]
2026-09-14T03:24:49.0130010Z Get:34 http://azure.archive.ubuntu.com/ubuntu noble/main amd64 libwayland-dev amd64 1.22.0-2.1build1 [71.3 kB]
2026-09-14T03:24:49.3345742Z Fetched 2567 kB in 0s (24.0 MB/s)
2026-09-14T03:24:49.3596698Z Selecting previously unselected package libegl-mesa0:amd64.
2026-09-14T03:24:49.3892784Z (Reading database ... 
2026-09-14T03:24:49.3893237Z (Reading database ... 5%
2026-09-14T03:24:49.3894027Z (Reading database ... 10%
2026-09-14T03:24:49.3894592Z (Reading database ... 15%
2026-09-14T03:24:49.3895049Z (Reading database ... 20%
2026-09-14T03:24:49.3895408Z (Reading database ... 25%
2026-09-14T03:24:49.3895762Z (Reading database ... 30%
2026-09-14T03:24:49.3896016Z (Reading database ... 35%
2026-09-14T03:24:49.3896245Z (Reading database ... 40%
2026-09-14T03:24:49.3896508Z (Reading database ... 45%
2026-09-14T03:24:49.3896851Z (Reading database ... 50%
2026-09-14T03:24:49.3947369Z (Reading database ... 55%
2026-09-14T03:24:49.5123795Z (Reading database ... 60%
2026-09-14T03:24:49.7075934Z (Reading database ... 65%
2026-09-14T03:24:49.8770903Z (Reading database ... 70%
2026-09-14T03:24:50.0517379Z (Reading database ... 75%
2026-09-14T03:24:50.2333273Z (Reading database ... 80%
2026-09-14T03:24:50.4168749Z (Reading database ... 85%
2026-09-14T03:24:50.6132178Z (Reading database ... 90%
2026-09-14T03:24:50.8213943Z (Reading database ... 95%
2026-09-14T03:24:50.8214419Z (Reading database ... 100%
2026-09-14T03:24:50.8214927Z (Reading database ... 201818 files and directories currently installed.)
2026-09-14T03:24:50.8265099Z Preparing to unpack .../00-libegl-mesa0_25.2.8-0ubuntu0.24.04.2_amd64.deb ...
2026-09-14T03:24:50.8302796Z Unpacking libegl-mesa0:amd64 (25.2.8-0ubuntu0.24.04.2) ...
2026-09-14T03:24:50.8561741Z Selecting previously unselected package libegl1:amd64.
2026-09-14T03:24:50.8697645Z Preparing to unpack .../01-libegl1_1.7.0-1build1_amd64.deb ...
2026-09-14T03:24:50.8706333Z Unpacking libegl1:amd64 (1.7.0-1build1) ...
2026-09-14T03:24:50.8922098Z Selecting previously unselected package xorg-sgml-doctools.
2026-09-14T03:24:50.9055452Z Preparing to unpack .../02-xorg-sgml-doctools_1%3a1.11-1.1_all.deb ...
2026-09-14T03:24:50.9063251Z Unpacking xorg-sgml-doctools (1:1.11-1.1) ...
2026-09-14T03:24:50.9308198Z Selecting previously unselected package x11proto-dev.
2026-09-14T03:24:50.9443010Z Preparing to unpack .../03-x11proto-dev_2023.2-1_all.deb ...
2026-09-14T03:24:50.9452073Z Unpacking x11proto-dev (2023.2-1) ...
2026-09-14T03:24:50.9995204Z Selecting previously unselected package libxau-dev:amd64.
2026-09-14T03:24:51.0131224Z Preparing to unpack .../04-libxau-dev_1%3a1.0.9-1build6_amd64.deb ...
2026-09-14T03:24:51.0139761Z Unpacking libxau-dev:amd64 (1:1.0.9-1build6) ...
2026-09-14T03:24:51.0412774Z Selecting previously unselected package libxdmcp-dev:amd64.
2026-09-14T03:24:51.0549087Z Preparing to unpack .../05-libxdmcp-dev_1%3a1.1.3-0ubuntu6_amd64.deb ...
2026-09-14T03:24:51.0556859Z Unpacking libxdmcp-dev:amd64 (1:1.1.3-0ubuntu6) ...
2026-09-14T03:24:51.0767850Z Selecting previously unselected package xtrans-dev.
2026-09-14T03:24:51.0902159Z Preparing to unpack .../06-xtrans-dev_1.4.0-1_all.deb ...
2026-09-14T03:24:51.0911619Z Unpacking xtrans-dev (1.4.0-1) ...
2026-09-14T03:24:51.1179154Z Selecting previously unselected package libpthread-stubs0-dev:amd64.
2026-09-14T03:24:51.1316984Z Preparing to unpack .../07-libpthread-stubs0-dev_0.4-1build3_amd64.deb ...
2026-09-14T03:24:51.1325189Z Unpacking libpthread-stubs0-dev:amd64 (0.4-1build3) ...
2026-09-14T03:24:51.1542451Z Selecting previously unselected package libxcb1-dev:amd64.
2026-09-14T03:24:51.1679291Z Preparing to unpack .../08-libxcb1-dev_1.15-1ubuntu2_amd64.deb ...
2026-09-14T03:24:51.1688369Z Unpacking libxcb1-dev:amd64 (1.15-1ubuntu2) ...
2026-09-14T03:24:51.1931017Z Selecting previously unselected package libx11-dev:amd64.
2026-09-14T03:24:51.2066496Z Preparing to unpack .../09-libx11-dev_2%3a1.8.7-1build1_amd64.deb ...
2026-09-14T03:24:51.2074971Z Unpacking libx11-dev:amd64 (2:1.8.7-1build1) ...
2026-09-14T03:24:51.2384607Z Selecting previously unselected package libglx-dev:amd64.
2026-09-14T03:24:51.2523152Z Preparing to unpack .../10-libglx-dev_1.7.0-1build1_amd64.deb ...
2026-09-14T03:24:51.2533024Z Unpacking libglx-dev:amd64 (1.7.0-1build1) ...
2026-09-14T03:24:51.2760999Z Selecting previously unselected package libgl-dev:amd64.
2026-09-14T03:24:51.2899489Z Preparing to unpack .../11-libgl-dev_1.7.0-1build1_amd64.deb ...
2026-09-14T03:24:51.2907804Z Unpacking libgl-dev:amd64 (1.7.0-1build1) ...
2026-09-14T03:24:51.3174197Z Selecting previously unselected package libegl-dev:amd64.
2026-09-14T03:24:51.3312689Z Preparing to unpack .../12-libegl-dev_1.7.0-1build1_amd64.deb ...
2026-09-14T03:24:51.3322151Z Unpacking libegl-dev:amd64 (1.7.0-1build1) ...
2026-09-14T03:24:51.3564006Z Selecting previously unselected package libglvnd-core-dev:amd64.
2026-09-14T03:24:51.3702185Z Preparing to unpack .../13-libglvnd-core-dev_1.7.0-1build1_amd64.deb ...
2026-09-14T03:24:51.3711224Z Unpacking libglvnd-core-dev:amd64 (1.7.0-1build1) ...
2026-09-14T03:24:51.3952351Z Selecting previously unselected package libgles1:amd64.
2026-09-14T03:24:51.4091378Z Preparing to unpack .../14-libgles1_1.7.0-1build1_amd64.deb ...
2026-09-14T03:24:51.4100396Z Unpacking libgles1:amd64 (1.7.0-1build1) ...
2026-09-14T03:24:51.4347096Z Selecting previously unselected package libgles2:amd64.
2026-09-14T03:24:51.4487430Z Preparing to unpack .../15-libgles2_1.7.0-1build1_amd64.deb ...
2026-09-14T03:24:51.4496287Z Unpacking libgles2:amd64 (1.7.0-1build1) ...
2026-09-14T03:24:51.4729341Z Selecting previously unselected package libgles-dev:amd64.
2026-09-14T03:24:51.4868734Z Preparing to unpack .../16-libgles-dev_1.7.0-1build1_amd64.deb ...
2026-09-14T03:24:51.4877649Z Unpacking libgles-dev:amd64 (1.7.0-1build1) ...
2026-09-14T03:24:51.5162602Z Selecting previously unselected package libopengl0:amd64.
2026-09-14T03:24:51.5301833Z Preparing to unpack .../17-libopengl0_1.7.0-1build1_amd64.deb ...
2026-09-14T03:24:51.5311905Z Unpacking libopengl0:amd64 (1.7.0-1build1) ...
2026-09-14T03:24:51.5546937Z Selecting previously unselected package libopengl-dev:amd64.
2026-09-14T03:24:51.5684524Z Preparing to unpack .../18-libopengl-dev_1.7.0-1build1_amd64.deb ...
2026-09-14T03:24:51.5697335Z Unpacking libopengl-dev:amd64 (1.7.0-1build1) ...
2026-09-14T03:24:51.5924252Z Selecting previously unselected package libglvnd-dev:amd64.
2026-09-14T03:24:51.6063474Z Preparing to unpack .../19-libglvnd-dev_1.7.0-1build1_amd64.deb ...
2026-09-14T03:24:51.6072871Z Unpacking libglvnd-dev:amd64 (1.7.0-1build1) ...
2026-09-14T03:24:51.6293745Z Selecting previously unselected package libegl1-mesa-dev:amd64.
2026-09-14T03:24:51.6432339Z Preparing to unpack .../20-libegl1-mesa-dev_25.2.8-0ubuntu0.24.04.2_amd64.deb ...
2026-09-14T03:24:51.6442441Z Unpacking libegl1-mesa-dev:amd64 (25.2.8-0ubuntu0.24.04.2) ...
2026-09-14T03:24:51.6676829Z Selecting previously unselected package libwayland-server0:amd64.
2026-09-14T03:24:51.6815112Z Preparing to unpack .../21-libwayland-server0_1.22.0-2.1build1_amd64.deb ...
2026-09-14T03:24:51.6823910Z Unpacking libwayland-server0:amd64 (1.22.0-2.1build1) ...
2026-09-14T03:24:51.7050482Z Selecting previously unselected package libxrender-dev:amd64.
2026-09-14T03:24:51.7189903Z Preparing to unpack .../22-libxrender-dev_1%3a0.9.10-1.1build1_amd64.deb ...
2026-09-14T03:24:51.7199323Z Unpacking libxrender-dev:amd64 (1:0.9.10-1.1build1) ...
2026-09-14T03:24:51.7425033Z Selecting previously unselected package libxfixes-dev:amd64.
2026-09-14T03:24:51.7563947Z Preparing to unpack .../23-libxfixes-dev_1%3a6.0.0-2build1_amd64.deb ...
2026-09-14T03:24:51.7572387Z Unpacking libxfixes-dev:amd64 (1:6.0.0-2build1) ...
2026-09-14T03:24:51.7797574Z Selecting previously unselected package libxcursor-dev:amd64.
2026-09-14T03:24:51.7936870Z Preparing to unpack .../24-libxcursor-dev_1%3a1.2.1-1build1_amd64.deb ...
2026-09-14T03:24:51.7944497Z Unpacking libxcursor-dev:amd64 (1:1.2.1-1build1) ...
2026-09-14T03:24:51.8231078Z Selecting previously unselected package libxext-dev:amd64.
2026-09-14T03:24:51.8370269Z Preparing to unpack .../25-libxext-dev_2%3a1.3.4-1build2_amd64.deb ...
2026-09-14T03:24:51.8377448Z Unpacking libxext-dev:amd64 (2:1.3.4-1build2) ...
2026-09-14T03:24:51.8704880Z Selecting previously unselected package libxi-dev:amd64.
2026-09-14T03:24:51.8844209Z Preparing to unpack .../26-libxi-dev_2%3a1.8.1-1build1_amd64.deb ...
2026-09-14T03:24:51.8851620Z Unpacking libxi-dev:amd64 (2:1.8.1-1build1) ...
2026-09-14T03:24:51.9193880Z Selecting previously unselected package libxinerama-dev:amd64.
2026-09-14T03:24:51.9332137Z Preparing to unpack .../27-libxinerama-dev_2%3a1.1.4-3build1_amd64.deb ...
2026-09-14T03:24:51.9339681Z Unpacking libxinerama-dev:amd64 (2:1.1.4-3build1) ...
2026-09-14T03:24:51.9564336Z Selecting previously unselected package libxkbcommon-dev:amd64.
2026-09-14T03:24:51.9702490Z Preparing to unpack .../28-libxkbcommon-dev_1.6.0-1build1_amd64.deb ...
2026-09-14T03:24:51.9710222Z Unpacking libxkbcommon-dev:amd64 (1.6.0-1build1) ...
2026-09-14T03:24:51.9946547Z Selecting previously unselected package libxrandr-dev:amd64.
2026-09-14T03:24:52.0083265Z Preparing to unpack .../29-libxrandr-dev_2%3a1.5.2-2build1_amd64.deb ...
2026-09-14T03:24:52.0091093Z Unpacking libxrandr-dev:amd64 (2:1.5.2-2build1) ...
2026-09-14T03:24:52.0326131Z Selecting previously unselected package libgl1-mesa-dev:amd64.
2026-09-14T03:24:52.0464069Z Preparing to unpack .../30-libgl1-mesa-dev_25.2.8-0ubuntu0.24.04.2_amd64.deb ...
2026-09-14T03:24:52.0472312Z Unpacking libgl1-mesa-dev:amd64 (25.2.8-0ubuntu0.24.04.2) ...
2026-09-14T03:24:52.0683368Z Selecting previously unselected package libwayland-bin.
2026-09-14T03:24:52.0820039Z Preparing to unpack .../31-libwayland-bin_1.22.0-2.1build1_amd64.deb ...
2026-09-14T03:24:52.0828593Z Unpacking libwayland-bin (1.22.0-2.1build1) ...
2026-09-14T03:24:52.1040531Z Selecting previously unselected package libwayland-dev:amd64.
2026-09-14T03:24:52.1176255Z Preparing to unpack .../32-libwayland-dev_1.22.0-2.1build1_amd64.deb ...
2026-09-14T03:24:52.1183758Z Unpacking libwayland-dev:amd64 (1.22.0-2.1build1) ...
2026-09-14T03:24:52.1651502Z Setting up libwayland-server0:amd64 (1.22.0-2.1build1) ...
2026-09-14T03:24:52.1682553Z Setting up libglvnd-core-dev:amd64 (1.7.0-1build1) ...
2026-09-14T03:24:52.1705152Z Setting up libxkbcommon-dev:amd64 (1.6.0-1build1) ...
2026-09-14T03:24:52.1729897Z Setting up libpthread-stubs0-dev:amd64 (0.4-1build3) ...
2026-09-14T03:24:52.1749130Z Setting up libopengl0:amd64 (1.7.0-1build1) ...
2026-09-14T03:24:52.1770546Z Setting up xtrans-dev (1.4.0-1) ...
2026-09-14T03:24:52.1790913Z Setting up libwayland-bin (1.22.0-2.1build1) ...
2026-09-14T03:24:52.1812608Z Setting up libegl-mesa0:amd64 (25.2.8-0ubuntu0.24.04.2) ...
2026-09-14T03:24:52.1836910Z Setting up libgles2:amd64 (1.7.0-1build1) ...
2026-09-14T03:24:52.1862155Z Setting up libgles1:amd64 (1.7.0-1build1) ...
2026-09-14T03:24:52.1887043Z Setting up libegl1:amd64 (1.7.0-1build1) ...
2026-09-14T03:24:52.1905020Z Setting up xorg-sgml-doctools (1:1.11-1.1) ...
2026-09-14T03:24:52.1923661Z Setting up libopengl-dev:amd64 (1.7.0-1build1) ...
2026-09-14T03:24:52.1948339Z Setting up libwayland-dev:amd64 (1.22.0-2.1build1) ...
2026-09-14T03:24:52.2078147Z Processing triggers for sgml-base (1.31) ...
2026-09-14T03:24:52.2359674Z Setting up x11proto-dev (2023.2-1) ...
2026-09-14T03:24:52.2378953Z Setting up libxau-dev:amd64 (1:1.0.9-1build6) ...
2026-09-14T03:24:52.2405308Z Processing triggers for libc-bin (2.39-0ubuntu8.8) ...
2026-09-14T03:24:52.2743031Z Processing triggers for man-db (2.12.0-4build2) ...
2026-09-14T03:24:52.2763790Z Not building database; man-db/auto-update is not 'true'.
2026-09-14T03:24:52.2775033Z Setting up libxdmcp-dev:amd64 (1:1.1.3-0ubuntu6) ...
2026-09-14T03:24:52.2822450Z Setting up libxcb1-dev:amd64 (1.15-1ubuntu2) ...
2026-09-14T03:24:52.2846518Z Setting up libx11-dev:amd64 (2:1.8.7-1build1) ...
2026-09-14T03:24:52.2868283Z Setting up libxfixes-dev:amd64 (1:6.0.0-2build1) ...
2026-09-14T03:24:52.2891938Z Setting up libxext-dev:amd64 (2:1.3.4-1build2) ...
2026-09-14T03:24:52.2917797Z Setting up libglx-dev:amd64 (1.7.0-1build1) ...
2026-09-14T03:24:52.2941228Z Setting up libxi-dev:amd64 (2:1.8.1-1build1) ...
2026-09-14T03:24:52.2959568Z Setting up libxrender-dev:amd64 (1:0.9.10-1.1build1) ...
2026-09-14T03:24:52.2979903Z Setting up libgl-dev:amd64 (1.7.0-1build1) ...
2026-09-14T03:24:52.3006103Z Setting up libegl-dev:amd64 (1.7.0-1build1) ...
2026-09-14T03:24:52.3024972Z Setting up libxcursor-dev:amd64 (1:1.2.1-1build1) ...
2026-09-14T03:24:52.3048454Z Setting up libxrandr-dev:amd64 (2:1.5.2-2build1) ...
2026-09-14T03:24:52.3069589Z Setting up libxinerama-dev:amd64 (2:1.1.4-3build1) ...
2026-09-14T03:24:52.3095406Z Setting up libgles-dev:amd64 (1.7.0-1build1) ...
2026-09-14T03:24:52.3120449Z Setting up libglvnd-dev:amd64 (1.7.0-1build1) ...
2026-09-14T03:24:52.3141139Z Setting up libgl1-mesa-dev:amd64 (25.2.8-0ubuntu0.24.04.2) ...
2026-09-14T03:24:52.3162704Z Setting up libegl1-mesa-dev:amd64 (25.2.8-0ubuntu0.24.04.2) ...
2026-09-14T03:24:52.9458242Z 
2026-09-14T03:24:52.9458917Z Running kernel seems to be up-to-date.
2026-09-14T03:24:52.9459208Z 
2026-09-14T03:24:52.9459330Z No services need to be restarted.
2026-09-14T03:24:52.9459514Z 
2026-09-14T03:24:52.9459630Z No containers need to be restarted.
2026-09-14T03:24:52.9459850Z 
2026-09-14T03:24:52.9459988Z No user sessions are running outdated binaries.
2026-09-14T03:24:52.9460196Z 
2026-09-14T03:24:52.9460402Z No VM guests are running outdated hypervisor (qemu) binaries on this host.
2026-09-14T03:24:53.9749222Z ##[group]Run python packaging/verify-branding.py
2026-09-14T03:24:53.9749640Z [36;1mpython packaging/verify-branding.py[0m
2026-09-14T03:24:53.9791212Z shell: /usr/bin/bash -e {0}
2026-09-14T03:24:53.9791479Z env:
2026-09-14T03:24:53.9791701Z   CARGO_HOME: /home/runner/.cargo
2026-09-14T03:24:53.9791984Z   CARGO_INCREMENTAL: 0
2026-09-14T03:24:53.9792211Z   CARGO_TERM_COLOR: always
2026-09-14T03:24:53.9792448Z ##[endgroup]
2026-09-14T03:24:54.0362279Z Verified 42 branding files, selected-source binding, PNG sizes, ICO frames and ICNS structure
2026-09-14T03:24:54.0452497Z ##[group]Run python -m pip install Pillow==12.3.0
2026-09-14T03:24:54.0452921Z [36;1mpython -m pip install Pillow==12.3.0[0m
2026-09-14T03:24:54.0453288Z [36;1mpython packaging/generate-branding.py --check[0m
2026-09-14T03:24:54.0493496Z shell: /usr/bin/bash -e {0}
2026-09-14T03:24:54.0493761Z env:
2026-09-14T03:24:54.0493978Z   CARGO_HOME: /home/runner/.cargo
2026-09-14T03:24:54.0494246Z   CARGO_INCREMENTAL: 0
2026-09-14T03:24:54.0494500Z   CARGO_TERM_COLOR: always
2026-09-14T03:24:54.0494733Z ##[endgroup]
2026-09-14T03:24:54.6285887Z Defaulting to user installation because normal site-packages is not writeable
2026-09-14T03:24:55.0701161Z Collecting Pillow==12.3.0
2026-09-14T03:24:55.1232984Z   Downloading pillow-12.3.0-cp312-cp312-manylinux_2_27_x86_64.manylinux_2_28_x86_64.whl.metadata (9.1 kB)
2026-09-14T03:24:55.1455659Z Downloading pillow-12.3.0-cp312-cp312-manylinux_2_27_x86_64.manylinux_2_28_x86_64.whl (6.9 MB)
2026-09-14T03:24:55.3606882Z    ━━━━━━━━━━━━━━━━━━━━━━━━━━━━━━━━━━━━━━━━ 6.9/6.9 MB 32.7 MB/s eta 0:00:00
2026-09-14T03:24:55.6152570Z Installing collected packages: Pillow
2026-09-14T03:24:55.9297293Z Successfully installed Pillow-12.3.0
2026-09-14T03:24:57.4902740Z Verified all frames/pixels in 33 outputs against svg/system-designer-atom-mark-color.svg
2026-09-14T03:24:57.5130388Z ##[group]Run actions/setup-python@v7.0.0
2026-09-14T03:24:57.5130916Z with:
2026-09-14T03:24:57.5131211Z   python-version: 3.12
2026-09-14T03:24:57.5131553Z   check-latest: false
2026-09-14T03:24:57.5134458Z   token: ***
2026-09-14T03:24:57.5134691Z   update-environment: true
2026-09-14T03:24:57.5134945Z   allow-prereleases: false
2026-09-14T03:24:57.5135170Z   freethreaded: false
2026-09-14T03:24:57.5135394Z env:
2026-09-14T03:24:57.5135601Z   CARGO_HOME: /home/runner/.cargo
2026-09-14T03:24:57.5135862Z   CARGO_INCREMENTAL: 0
2026-09-14T03:24:57.5136084Z   CARGO_TERM_COLOR: always
2026-09-14T03:24:57.5136310Z ##[endgroup]
2026-09-14T03:24:57.6346391Z ##[group]Installed versions
2026-09-14T03:24:57.6430069Z Successfully set up CPython (3.12.14)
2026-09-14T03:24:57.6430977Z ##[endgroup]
2026-09-14T03:24:57.6570261Z ##[group]Run python tools/verify.py --log-dir target/qualification
2026-09-14T03:24:57.6571083Z [36;1mpython tools/verify.py --log-dir target/qualification[0m
2026-09-14T03:24:57.6624412Z shell: /usr/bin/bash -e {0}
2026-09-14T03:24:57.6624677Z env:
2026-09-14T03:24:57.6624893Z   CARGO_HOME: /home/runner/.cargo
2026-09-14T03:24:57.6625164Z   CARGO_INCREMENTAL: 0
2026-09-14T03:24:57.6625394Z   CARGO_TERM_COLOR: always
2026-09-14T03:24:57.6625693Z   pythonLocation: /opt/hostedtoolcache/Python/3.12.14/x64
2026-09-14T03:24:57.6626171Z   PKG_CONFIG_PATH: /opt/hostedtoolcache/Python/3.12.14/x64/lib/pkgconfig
2026-09-14T03:24:57.6626611Z   Python_ROOT_DIR: /opt/hostedtoolcache/Python/3.12.14/x64
2026-09-14T03:24:57.6626990Z   Python2_ROOT_DIR: /opt/hostedtoolcache/Python/3.12.14/x64
2026-09-14T03:24:57.6627369Z   Python3_ROOT_DIR: /opt/hostedtoolcache/Python/3.12.14/x64
2026-09-14T03:24:57.6627741Z   LD_LIBRARY_PATH: /opt/hostedtoolcache/Python/3.12.14/x64/lib
2026-09-14T03:24:57.6628096Z ##[endgroup]
2026-09-14T03:24:57.7965665Z Running fmt: cargo fmt --all -- --check
2026-09-14T03:24:58.0947064Z Running all-targets: cargo test --locked --all-targets --all-features
2026-09-14T03:26:23.5434607Z Running headless: cargo test --locked --all-targets --no-default-features
2026-09-14T03:26:32.7912561Z Running clippy: cargo clippy --locked --all-targets --all-features -- -D warnings
2026-09-14T03:27:11.6663027Z Running clippy-headless: cargo clippy --locked --all-targets --no-default-features -- -D warnings
2026-09-14T03:27:14.1541242Z Running doctest: cargo test --locked --doc --all-features
2026-09-14T03:27:14.6290238Z Running rustdoc: cargo doc --locked --no-deps --all-features
2026-09-14T03:27:17.7262031Z Running release: cargo build --locked --release --bin system-designer --bin designer-check
2026-09-14T03:30:09.4461493Z Running self-design: cargo run --locked --no-default-features --bin designer-check -- design/system-designer.project.json
2026-09-14T03:30:09.5910311Z Complete logs: target/qualification
2026-09-14T03:30:09.6036299Z ##[group]Run actions/upload-artifact@v7.0.1
2026-09-14T03:30:09.6036593Z with:
2026-09-14T03:30:09.6037003Z   name: qualification-ubuntu-24.04
2026-09-14T03:30:09.6037280Z   path: target/qualification/
2026-09-14T03:30:09.6037536Z   if-no-files-found: error
2026-09-14T03:30:09.6037770Z   compression-level: 6
2026-09-14T03:30:09.6037989Z   overwrite: false
2026-09-14T03:30:09.6038212Z   include-hidden-files: false
2026-09-14T03:30:09.6038445Z   archive: true
2026-09-14T03:30:09.6038645Z env:
2026-09-14T03:30:09.6038842Z   CARGO_HOME: /home/runner/.cargo
2026-09-14T03:30:09.6039101Z   CARGO_INCREMENTAL: 0
2026-09-14T03:30:09.6039324Z   CARGO_TERM_COLOR: always
2026-09-14T03:30:09.6039616Z   pythonLocation: /opt/hostedtoolcache/Python/3.12.14/x64
2026-09-14T03:30:09.6040043Z   PKG_CONFIG_PATH: /opt/hostedtoolcache/Python/3.12.14/x64/lib/pkgconfig
2026-09-14T03:30:09.6040459Z   Python_ROOT_DIR: /opt/hostedtoolcache/Python/3.12.14/x64
2026-09-14T03:30:09.6041107Z   Python2_ROOT_DIR: /opt/hostedtoolcache/Python/3.12.14/x64
2026-09-14T03:30:09.6041483Z   Python3_ROOT_DIR: /opt/hostedtoolcache/Python/3.12.14/x64
2026-09-14T03:30:09.6041856Z   LD_LIBRARY_PATH: /opt/hostedtoolcache/Python/3.12.14/x64/lib
2026-09-14T03:30:09.6042171Z ##[endgroup]
2026-09-14T03:30:09.7537583Z With the provided path, there will be 10 files uploaded
2026-09-14T03:30:09.7543810Z Artifact name is valid!
2026-09-14T03:30:09.7544230Z Root directory input is valid!
2026-09-14T03:30:09.9749042Z Uploading artifact: qualification-ubuntu-24.04.zip
2026-09-14T03:30:09.9801817Z Beginning upload of artifact content to blob storage
2026-09-14T03:30:10.0595680Z Uploaded bytes 18845
2026-09-14T03:30:10.0697891Z Finished uploading artifact content to blob storage!
2026-09-14T03:30:10.0699018Z SHA256 digest of uploaded artifact is 103f96d0d217ba64250e0ff1ca76324de17b779e4b966b23a6d9fede2f5aa26e
2026-09-14T03:30:10.0700473Z Finalizing artifact upload
2026-09-14T03:30:10.2624871Z Artifact qualification-ubuntu-24.04 successfully finalized. Artifact ID 10331689585
2026-09-14T03:30:10.2625896Z Artifact qualification-ubuntu-24.04 has been successfully uploaded! Final size is 18845 bytes. Artifact ID is 10331689585
2026-09-14T03:30:10.2629323Z Artifact download URL: https://github.com/lgardner-dev/System-Designer/actions/runs/34802501738/artifacts/10331689585
2026-09-14T03:30:10.2761534Z ##[group]Run bash packaging/linux/make-installer.sh
2026-09-14T03:30:10.2761998Z [36;1mbash packaging/linux/make-installer.sh[0m
2026-09-14T03:30:10.2762328Z [36;1mcp Cargo.lock dist/[0m
2026-09-14T03:30:10.2801991Z shell: /usr/bin/bash -e {0}
2026-09-14T03:30:10.2802249Z env:
2026-09-14T03:30:10.2802463Z   CARGO_HOME: /home/runner/.cargo
2026-09-14T03:30:10.2802730Z   CARGO_INCREMENTAL: 0
2026-09-14T03:30:10.2802960Z   CARGO_TERM_COLOR: always
2026-09-14T03:30:10.2803262Z   pythonLocation: /opt/hostedtoolcache/Python/3.12.14/x64
2026-09-14T03:30:10.2803696Z   PKG_CONFIG_PATH: /opt/hostedtoolcache/Python/3.12.14/x64/lib/pkgconfig
2026-09-14T03:30:10.2804122Z   Python_ROOT_DIR: /opt/hostedtoolcache/Python/3.12.14/x64
2026-09-14T03:30:10.2804500Z   Python2_ROOT_DIR: /opt/hostedtoolcache/Python/3.12.14/x64
2026-09-14T03:30:10.2804897Z   Python3_ROOT_DIR: /opt/hostedtoolcache/Python/3.12.14/x64
2026-09-14T03:30:10.2805311Z   LD_LIBRARY_PATH: /opt/hostedtoolcache/Python/3.12.14/x64/lib
2026-09-14T03:30:10.2805635Z ##[endgroup]
2026-09-14T03:30:11.2304705Z Built dist/system-designer-setup.sh (6.6M)
2026-09-14T03:30:11.2382435Z a5941037e4469cd2ffb4145962424ea88a0b1c73d6f9fec3a1187aaed72a8ea9  dist/system-designer-setup.sh
2026-09-14T03:30:11.2481017Z ##[group]Run export XDG_DATA_HOME="$RUNNER_TEMP/sd-data"
2026-09-14T03:30:11.2481720Z [36;1mexport XDG_DATA_HOME="$RUNNER_TEMP/sd-data"[0m
2026-09-14T03:30:11.2482273Z [36;1micon_root="$XDG_DATA_HOME/icons/hicolor"[0m
2026-09-14T03:30:11.2482790Z [36;1mmkdir -p "$icon_root/32x32/apps"[0m
2026-09-14T03:30:11.2483398Z [36;1mprintf 'unrelated' > "$icon_root/32x32/apps/other-app.png"[0m
2026-09-14T03:30:11.2484257Z [36;1mbash dist/system-designer-setup.sh --prefix "$RUNNER_TEMP/sd" --no-desktop-icon[0m
2026-09-14T03:30:11.2485354Z [36;1mtest -x "$RUNNER_TEMP/sd/bin/system-designer"[0m
2026-09-14T03:30:11.2485892Z [36;1mfor size in 16 24 32 48 64 128 256 512; do[0m
2026-09-14T03:30:11.2486812Z [36;1m  cmp "assets/branding/linux/png/system-designer-$size.png" "$icon_root/${size}x${size}/apps/system-designer.png"[0m
2026-09-14T03:30:11.2487660Z [36;1mdone[0m
2026-09-14T03:30:11.2488435Z [36;1mcmp assets/branding/linux/scalable/system-designer.svg "$icon_root/scalable/apps/system-designer.svg"[0m
2026-09-14T03:30:11.2489555Z [36;1mgrep -qx 'Icon=system-designer' "$XDG_DATA_HOME/applications/system-designer.desktop"[0m
2026-09-14T03:30:11.2490518Z [36;1mbash dist/system-designer-setup.sh --prefix "$RUNNER_TEMP/sd" --uninstall[0m
2026-09-14T03:30:11.2491490Z [36;1mtest ! -e "$RUNNER_TEMP/sd/bin/system-designer"[0m
2026-09-14T03:30:11.2492186Z [36;1mtest -z "$(find "$icon_root" -type f -name 'system-designer.*' -print)"[0m
2026-09-14T03:30:11.2492845Z [36;1mtest -f "$icon_root/32x32/apps/other-app.png"[0m
2026-09-14T03:30:11.2548499Z shell: /usr/bin/bash -e {0}
2026-09-14T03:30:11.2548915Z env:
2026-09-14T03:30:11.2549242Z   CARGO_HOME: /home/runner/.cargo
2026-09-14T03:30:11.2549669Z   CARGO_INCREMENTAL: 0
2026-09-14T03:30:11.2550037Z   CARGO_TERM_COLOR: always
2026-09-14T03:30:11.2550508Z   pythonLocation: /opt/hostedtoolcache/Python/3.12.14/x64
2026-09-14T03:30:11.2551430Z   PKG_CONFIG_PATH: /opt/hostedtoolcache/Python/3.12.14/x64/lib/pkgconfig
2026-09-14T03:30:11.2552134Z   Python_ROOT_DIR: /opt/hostedtoolcache/Python/3.12.14/x64
2026-09-14T03:30:11.2552748Z   Python2_ROOT_DIR: /opt/hostedtoolcache/Python/3.12.14/x64
2026-09-14T03:30:11.2553361Z   Python3_ROOT_DIR: /opt/hostedtoolcache/Python/3.12.14/x64
2026-09-14T03:30:11.2553991Z   LD_LIBRARY_PATH: /opt/hostedtoolcache/Python/3.12.14/x64/lib
2026-09-14T03:30:11.2554500Z ##[endgroup]
2026-09-14T03:30:11.4821441Z Installed System Designer 0.2.0 for the current user.
2026-09-14T03:30:11.4822441Z   Executable:  /home/runner/work/_temp/sd/bin/system-designer
2026-09-14T03:30:11.4823370Z   Menu entry:  /home/runner/work/_temp/sd-data/applications/system-designer.desktop
2026-09-14T03:30:11.4823960Z Note: /home/runner/work/_temp/sd/bin is not on your PATH; run it from the menu or by full path.
2026-09-14T03:30:11.4824495Z Uninstall with: dist/system-designer-setup.sh --uninstall
2026-09-14T03:30:11.5226230Z Removed System Designer. Project files and backups were left untouched.
2026-09-14T03:30:11.5306456Z ##[group]Run actions/upload-artifact@v7.0.1
2026-09-14T03:30:11.5306762Z with:
2026-09-14T03:30:11.5307000Z   name: SystemDesigner-ubuntu-24.04
2026-09-14T03:30:11.5307284Z   path: dist/
Cargo.lock

2026-09-14T03:30:11.5307530Z   if-no-files-found: error
2026-09-14T03:30:11.5307776Z   compression-level: 6
2026-09-14T03:30:11.5308007Z   overwrite: false
2026-09-14T03:30:11.5308237Z   include-hidden-files: false
2026-09-14T03:30:11.5308486Z   archive: true
2026-09-14T03:30:11.5308690Z env:
2026-09-14T03:30:11.5308894Z   CARGO_HOME: /home/runner/.cargo
2026-09-14T03:30:11.5309173Z   CARGO_INCREMENTAL: 0
2026-09-14T03:30:11.5309404Z   CARGO_TERM_COLOR: always
2026-09-14T03:30:11.5309707Z   pythonLocation: /opt/hostedtoolcache/Python/3.12.14/x64
2026-09-14T03:30:11.5310134Z   PKG_CONFIG_PATH: /opt/hostedtoolcache/Python/3.12.14/x64/lib/pkgconfig
2026-09-14T03:30:11.5310562Z   Python_ROOT_DIR: /opt/hostedtoolcache/Python/3.12.14/x64
2026-09-14T03:30:11.5311706Z   Python2_ROOT_DIR: /opt/hostedtoolcache/Python/3.12.14/x64
2026-09-14T03:30:11.5312091Z   Python3_ROOT_DIR: /opt/hostedtoolcache/Python/3.12.14/x64
2026-09-14T03:30:11.5312468Z   LD_LIBRARY_PATH: /opt/hostedtoolcache/Python/3.12.14/x64/lib
2026-09-14T03:30:11.5312798Z ##[endgroup]
2026-09-14T03:30:11.6802481Z Multiple search paths detected. Calculating the least common ancestor of all paths
2026-09-14T03:30:11.6804886Z The least common ancestor is /home/runner/work/System-Designer/System-Designer. This will be the root directory of the artifact
2026-09-14T03:30:11.6806356Z With the provided path, there will be 3 files uploaded
2026-09-14T03:30:11.6810233Z Artifact name is valid!
2026-09-14T03:30:11.6811166Z Root directory input is valid!
2026-09-14T03:30:11.9047692Z Uploading artifact: SystemDesigner-ubuntu-24.04.zip
2026-09-14T03:30:11.9090450Z Beginning upload of artifact content to blob storage
2026-09-14T03:30:12.4052609Z Uploaded bytes 6860927
2026-09-14T03:30:12.4165529Z Finished uploading artifact content to blob storage!
2026-09-14T03:30:12.4167045Z SHA256 digest of uploaded artifact is ad4ec78c054d219ded09c74696933fd06ae8bf680b51e5695674b2bdb0c302db
2026-09-14T03:30:12.4167834Z Finalizing artifact upload
2026-09-14T03:30:12.6678131Z Artifact SystemDesigner-ubuntu-24.04 successfully finalized. Artifact ID 10332235425
2026-09-14T03:30:12.6679000Z Artifact SystemDesigner-ubuntu-24.04 has been successfully uploaded! Final size is 6860927 bytes. Artifact ID is 10332235425
2026-09-14T03:30:12.6683846Z Artifact download URL: https://github.com/lgardner-dev/System-Designer/actions/runs/34802501738/artifacts/10332235425
2026-09-14T03:30:12.6861884Z Post job cleanup.
2026-09-14T03:30:12.8287752Z Post job cleanup.
2026-09-14T03:30:12.9235738Z [command]/usr/bin/git version
2026-09-14T03:30:12.9293879Z git version 2.55.0
2026-09-14T03:30:12.9329237Z Temporarily overriding HOME='/home/runner/work/_temp/0e5a587f-131b-4f9a-8e5f-5a06cb1bdfde' before making global git config changes
2026-09-14T03:30:12.9330563Z Adding repository directory to the temporary git global config as a safe directory
2026-09-14T03:30:12.9335634Z [command]/usr/bin/git config --global --add safe.directory /home/runner/work/System-Designer/System-Designer
2026-09-14T03:30:12.9377672Z Removing SSH command configuration
2026-09-14T03:30:12.9385014Z [command]/usr/bin/git config --local --name-only --get-regexp core\.sshCommand
2026-09-14T03:30:12.9427163Z [command]/usr/bin/git submodule foreach --recursive sh -c "git config --local --name-only --get-regexp 'core\.sshCommand' && git config --local --unset-all 'core.sshCommand' || :"
2026-09-14T03:30:12.9702510Z Removing HTTP extra header
2026-09-14T03:30:12.9709034Z [command]/usr/bin/git config --local --name-only --get-regexp http\.https\:\/\/github\.com\/\.extraheader
2026-09-14T03:30:12.9750074Z [command]/usr/bin/git submodule foreach --recursive sh -c "git config --local --name-only --get-regexp 'http\.https\:\/\/github\.com\/\.extraheader' && git config --local --unset-all 'http.https://github.com/.extraheader' || :"
2026-09-14T03:30:13.0092868Z Removing includeIf entries pointing to credentials config files
2026-09-14T03:30:13.0101546Z [command]/usr/bin/git config --local --name-only --get-regexp ^includeIf\.gitdir:
2026-09-14T03:30:13.0152707Z includeif.gitdir:/home/runner/work/System-Designer/System-Designer/.git.path
2026-09-14T03:30:13.0154025Z includeif.gitdir:/home/runner/work/System-Designer/System-Designer/.git/worktrees/*.path
2026-09-14T03:30:13.0155099Z includeif.gitdir:/github/workspace/.git.path
2026-09-14T03:30:13.0155899Z includeif.gitdir:/github/workspace/.git/worktrees/*.path
2026-09-14T03:30:13.0162357Z [command]/usr/bin/git config --local --get-all includeif.gitdir:/home/runner/work/System-Designer/System-Designer/.git.path
2026-09-14T03:30:13.0207136Z /home/runner/work/_temp/git-credentials-a1faa469-cd8c-47e8-bee9-f9faba410ec4.config
2026-09-14T03:30:13.0239653Z [command]/usr/bin/git config --local --unset includeif.gitdir:/home/runner/work/System-Designer/System-Designer/.git.path \/home\/runner\/work\/_temp\/git\-credentials\-a1faa469\-cd8c\-47e8\-bee9\-f9faba410ec4\.config
2026-09-14T03:30:13.0289433Z [command]/usr/bin/git config --local --get-all includeif.gitdir:/home/runner/work/System-Designer/System-Designer/.git/worktrees/*.path
2026-09-14T03:30:13.0341461Z /home/runner/work/_temp/git-credentials-a1faa469-cd8c-47e8-bee9-f9faba410ec4.config
2026-09-14T03:30:13.0354457Z [command]/usr/bin/git config --local --unset includeif.gitdir:/home/runner/work/System-Designer/System-Designer/.git/worktrees/*.path \/home\/runner\/work\/_temp\/git\-credentials\-a1faa469\-cd8c\-47e8\-bee9\-f9faba410ec4\.config
2026-09-14T03:30:13.0412846Z [command]/usr/bin/git config --local --get-all includeif.gitdir:/github/workspace/.git.path
2026-09-14T03:30:13.0451637Z /github/runner_temp/git-credentials-a1faa469-cd8c-47e8-bee9-f9faba410ec4.config
2026-09-14T03:30:13.0460564Z [command]/usr/bin/git config --local --unset includeif.gitdir:/github/workspace/.git.path \/github\/runner_temp\/git\-credentials\-a1faa469\-cd8c\-47e8\-bee9\-f9faba410ec4\.config
2026-09-14T03:30:13.0505658Z [command]/usr/bin/git config --local --get-all includeif.gitdir:/github/workspace/.git/worktrees/*.path
2026-09-14T03:30:13.0537929Z /github/runner_temp/git-credentials-a1faa469-cd8c-47e8-bee9-f9faba410ec4.config
2026-09-14T03:30:13.0547253Z [command]/usr/bin/git config --local --unset includeif.gitdir:/github/workspace/.git/worktrees/*.path \/github\/runner_temp\/git\-credentials\-a1faa469\-cd8c\-47e8\-bee9\-f9faba410ec4\.config
2026-09-14T03:30:13.0594049Z [command]/usr/bin/git submodule foreach --recursive git config --local --show-origin --name-only --get-regexp remote.origin.url
2026-09-14T03:30:13.0855697Z Removing credentials config '/home/runner/work/_temp/git-credentials-a1faa469-cd8c-47e8-bee9-f9faba410ec4.config'
2026-09-14T03:30:13.1009876Z Cleaning up orphan processes
