[1m[92m    Checking[0m cfg-if v1.0.4
[1m[92m    Checking[0m stable_deref_trait v1.2.1
[1m[92m    Checking[0m zerofrom v0.1.8
[1m[92m    Checking[0m windows-link v0.2.1
[1m[92m    Checking[0m smallvec v1.16.1
[1m[92m    Checking[0m windows-link v0.1.3
[1m[92m    Checking[0m windows_x86_64_msvc v0.52.6
[1m[92m    Checking[0m bitflags v2.13.2
[1m[92m    Checking[0m windows-targets v0.52.6
[1m[92m    Checking[0m yoke v0.8.3
[1m[92m    Checking[0m writeable v0.6.4
[1m[92m    Checking[0m litemap v0.8.3
[1m[92m    Checking[0m bytemuck v1.25.2
[1m[92m    Checking[0m zerovec v0.11.8
[1m[92m    Checking[0m zerotrie v0.2.5
[1m[92m    Checking[0m windows-result v0.3.4
[1m[92m    Checking[0m windows-strings v0.4.2
[1m[92m    Checking[0m once_cell v1.21.4
[1m[92m    Checking[0m utf8_iter v1.0.4
[1m[92m    Checking[0m simd-adler32 v0.3.10
[1m[92m    Checking[0m windows-core v0.61.2
[1m[92m    Checking[0m adler2 v2.0.1
[1m[92m    Checking[0m tinystr v0.8.4
[1m[92m    Checking[0m potential_utf v0.1.6
[1m[92m    Checking[0m log v0.4.34
[1m[92m    Checking[0m icu_collections v2.3.0
[1m[92m    Checking[0m icu_locale_core v2.3.0
[1m[92m    Checking[0m icu_properties_data v2.3.0
[1m[92m    Checking[0m icu_normalizer_data v2.3.0
[1m[92m    Checking[0m windows-sys v0.52.0
[1m[92m    Checking[0m ttf-parser v0.25.1
[1m[92m    Checking[0m accesskit v0.21.1
[1m[92m    Checking[0m scopeguard v1.2.0
[1m[92m    Checking[0m icu_provider v2.3.1
[1m[92m    Checking[0m raw-window-handle v0.6.2
[1m[92m    Checking[0m unicode-segmentation v1.13.3
[1m[92m    Checking[0m icu_properties v2.3.0
[1m[92m    Checking[0m icu_normalizer v2.3.0
[1m[92m    Checking[0m lock_api v0.4.14
[1m[92m    Checking[0m crc32fast v1.5.1
[1m[92m    Checking[0m zerocopy v0.8.57
[1m[92m    Checking[0m parking_lot_core v0.9.12
[1m[92m    Checking[0m owned_ttf_parser v0.25.1
[1m[92m    Checking[0m miniz_oxide v0.9.1
[1m[92m    Checking[0m emath v0.33.3
[1m[92m    Checking[0m windows-threading v0.1.0
[1m[92m    Checking[0m pin-project-lite v0.2.17
[1m[92m    Checking[0m foldhash v0.1.5
[1m[92m    Checking[0m tracing-core v0.1.36
[1m[92m    Checking[0m ab_glyph_rasterizer v0.1.10
[1m[92m    Checking[0m ab_glyph v0.2.32
[1m[92m    Checking[0m tracing v0.1.44
[1m[92m    Checking[0m hashbrown v0.15.5
[1m[92m    Checking[0m windows-future v0.2.1
[1m[92m    Checking[0m flate2 v1.1.10
[1m[92m    Checking[0m ecolor v0.33.3
[1m[92m    Checking[0m parking_lot v0.12.5
[1m[92m    Checking[0m idna_adapter v1.2.2
[1m[92m    Checking[0m num-traits v0.2.19
[1m[92m    Checking[0m windows_x86_64_msvc v0.53.1
[1m[92m    Checking[0m windows-numerics v0.2.0
[1m[92m    Checking[0m windows-collections v0.2.0
[1m[92m    Checking[0m miniz_oxide v0.8.9
[1m[92m    Checking[0m fdeflate v0.3.7
[1m[92m    Checking[0m pxfm v0.1.30
[1m[92m    Checking[0m profiling v1.0.18
[1m[92m    Checking[0m typenum v1.20.1
[1m[92m    Checking[0m percent-encoding v2.3.2
[1m[92m    Checking[0m cursor-icon v1.2.0
[1m[92m    Checking[0m dpi v0.1.2
[1m[92m    Checking[0m epaint_default_fonts v0.33.3
[1m[92m    Checking[0m smol_str v0.2.2
[1m[92m    Checking[0m nohash-hasher v0.2.0
[1m[92m    Checking[0m winit v0.30.13
[1m[92m    Checking[0m generic-array v0.14.7
[1m[92m    Checking[0m ahash v0.8.12
[1m[92m    Checking[0m epaint v0.33.3
[1m[92m    Checking[0m form_urlencoded v1.2.2
[1m[92m    Checking[0m png v0.18.1
[1m[92m    Checking[0m windows v0.61.3
[1m[92m    Checking[0m windows-targets v0.53.5
[1m[92m    Checking[0m idna v1.1.0
[1m[92m    Checking[0m accesskit_consumer v0.31.0
[1m[92m    Checking[0m moxcms v0.8.1
[1m[92m   Compiling[0m windows-sys v0.59.0
[1m[92m    Checking[0m windows-sys v0.61.2
[1m[92m    Checking[0m byteorder-lite v0.1.0
[1m[92m    Checking[0m static_assertions v1.1.0
[1m[92m    Checking[0m error-code v3.4.0
[1m[92m    Checking[0m image v0.25.10
[1m[92m    Checking[0m clipboard-win v5.4.1
[1m[92m    Checking[0m url v2.5.8
[1m[92m   Compiling[0m winreg v0.55.0
[1m[92m    Checking[0m windows-sys v0.60.2
[1m[92m    Checking[0m glutin_wgl_sys v0.6.1
[1m[92m    Checking[0m glutin_egl_sys v0.7.1
[1m[92m    Checking[0m egui v0.33.3
[1m[92m    Checking[0m libloading v0.8.9
[1m[92m    Checking[0m glutin v0.32.3
[1m[92m   Compiling[0m embed-resource v3.0.11
[1m[92m    Checking[0m webbrowser v1.2.4
[1m[92m    Checking[0m memoffset v0.9.1
[1m[92m    Checking[0m getrandom v0.4.3
[1m[92m    Checking[0m arboard v3.6.1
[1m[92m    Checking[0m serde_core v1.0.229
[1m[92m    Checking[0m crypto-common v0.1.7
[1m[92m    Checking[0m block-buffer v0.10.4
[1m[92m    Checking[0m glow v0.16.0
[1m[92m    Checking[0m option-ext v0.2.0
[1m[92m    Checking[0m web-time v1.1.0
[1m[92m    Checking[0m dirs-sys v0.5.0
[1m[92m    Checking[0m egui_glow v0.33.3
[1m[92m    Checking[0m digest v0.10.7
[1m[92m   Compiling[0m system-designer v0.2.0 (D:\a\System-Designer\System-Designer)
[1m[92m    Checking[0m glutin-winit v0.5.0
[1m[92m    Checking[0m zmij v1.0.23
[1m[92m    Checking[0m cpufeatures v0.2.17
[1m[92m    Checking[0m fastrand v2.5.0
[1m[92m    Checking[0m itoa v1.0.18
[1m[92m    Checking[0m memchr v2.8.3
[1m[92m    Checking[0m tempfile v3.27.0
[1m[92m    Checking[0m sha2 v0.10.9
[1m[92m    Checking[0m accesskit_windows v0.29.2
[1m[92m    Checking[0m serde_json v1.0.151
[1m[92m    Checking[0m serde v1.0.229
[1m[92m    Checking[0m accesskit_winit v0.29.2
[1m[92m    Checking[0m egui-winit v0.33.3
[1m[92m    Checking[0m directories v6.0.0
[1m[92m    Checking[0m uuid v1.26.1
[1m[92m    Checking[0m eframe v0.33.3
[1m[92m    Checking[0m rfd v0.15.4
[1m[92m    Finished[0m `dev` profile [unoptimized + debuginfo] target(s) in 17.99s
