2026-09-14T03:24:34.2654529Z Current runner version: '2.337.0'
2026-09-14T03:24:34.2674437Z ##[group]Runner Image Provisioner
2026-09-14T03:24:34.2674976Z Hosted Compute Agent
2026-09-14T03:24:34.2675294Z Version: 20260828.587
2026-09-14T03:24:34.2675630Z Commit: abac92662cab4cc7352de4f9f9d2e2419aad9c29
2026-09-14T03:24:34.2676049Z Build Date: 2026-08-28T16:44:25Z
2026-09-14T03:24:34.2676419Z Worker ID: {52283c4f-4cd2-4a83-83bb-b940a348bfb8}
2026-09-14T03:24:34.2676809Z Azure Region: westus3
2026-09-14T03:24:34.2677129Z ##[endgroup]
2026-09-14T03:24:34.2677990Z ##[group]Operating System
2026-09-14T03:24:34.2678348Z Microsoft Windows Server 2025
2026-09-14T03:24:34.2678679Z 10.0.26100
2026-09-14T03:24:34.2678957Z Datacenter
2026-09-14T03:24:34.2679284Z ##[endgroup]
2026-09-14T03:24:34.2679581Z ##[group]Runner Image
2026-09-14T03:24:34.2679909Z Image: windows-2025-vs2026
2026-09-14T03:24:34.2680240Z Version: 20260907.229.1
2026-09-14T03:24:34.2681149Z Included Software: https://github.com/actions/runner-images/blob/win25-vs2026/20260907.229/images/windows/Windows2025-VS2026-Readme.md
2026-09-14T03:24:34.2682043Z Image Release: https://github.com/actions/runner-images/releases/tag/win25-vs2026%2F20260907.229
2026-09-14T03:24:34.2682606Z ##[endgroup]
2026-09-14T03:24:34.2683270Z ##[group]GITHUB_TOKEN Permissions
2026-09-14T03:24:34.2684430Z Contents: read
2026-09-14T03:24:34.2684777Z Metadata: read
2026-09-14T03:24:34.2685075Z ##[endgroup]
2026-09-14T03:24:34.2686460Z Secret source: Actions
2026-09-14T03:24:34.2686937Z Cache mode: write
2026-09-14T03:24:34.2687347Z Prepare workflow directory
2026-09-14T03:24:34.2922787Z Prepare all required actions
2026-09-14T03:24:34.2961176Z Getting action download info
2026-09-14T03:24:34.5876987Z Download action repository 'actions/checkout@v7.0.1' (SHA:3d3c42e5aac5ba805825da76410c181273ba90b1)
2026-09-14T03:24:35.0858762Z Download action repository 'dtolnay/rust-toolchain@1.98.1' (SHA:ce678459e9fc7500d337468f904b95f1b5c10b5e)
2026-09-14T03:24:35.3134227Z Download action repository 'actions/setup-python@v7.0.0' (SHA:5fda3b95a4ea91299a34e894583c3862153e4b97)
2026-09-14T03:24:36.1149647Z Download action repository 'actions/upload-artifact@v7.0.1' (SHA:043fb46d1a93c77aae656e7c1c64a875d1fc6a0a)
2026-09-14T03:24:37.1064154Z Complete job name: native (windows-latest)
2026-09-14T03:24:37.8297803Z ##[group]Run actions/checkout@v7.0.1
2026-09-14T03:24:37.8298271Z with:
2026-09-14T03:24:37.8298411Z   repository: lgardner-dev/System-Designer
2026-09-14T03:24:37.8300127Z   token: ***
2026-09-14T03:24:37.8300238Z   ssh-strict: true
2026-09-14T03:24:37.8300351Z   ssh-user: git
2026-09-14T03:24:37.8300478Z   persist-credentials: true
2026-09-14T03:24:37.8300610Z   clean: true
2026-09-14T03:24:37.8300727Z   sparse-checkout-cone-mode: true
2026-09-14T03:24:37.8300873Z   fetch-depth: 1
2026-09-14T03:24:37.8301000Z   fetch-tags: false
2026-09-14T03:24:37.8301122Z   show-progress: true
2026-09-14T03:24:37.8301236Z   lfs: false
2026-09-14T03:24:37.8301340Z   submodules: false
2026-09-14T03:24:37.8301478Z   set-safe-directory: true
2026-09-14T03:24:37.8301615Z   allow-unsafe-pr-checkout: false
2026-09-14T03:24:37.8301839Z ##[endgroup]
2026-09-14T03:24:37.9482924Z Syncing repository: lgardner-dev/System-Designer
2026-09-14T03:24:37.9484049Z ##[group]Getting Git version info
2026-09-14T03:24:37.9484388Z Working directory is 'D:\a\System-Designer\System-Designer'
2026-09-14T03:24:38.0091444Z [command]"C:\Program Files\Git\bin\git.exe" version
2026-09-14T03:24:38.5719031Z git version 2.55.0.windows.5
2026-09-14T03:24:38.5758614Z ##[endgroup]
2026-09-14T03:24:38.5769351Z Temporarily overriding HOME='D:\a\_temp\5e1e56e7-1c07-444a-98ee-5f9514c50b67' before making global git config changes
2026-09-14T03:24:38.5769995Z Adding repository directory to the temporary git global config as a safe directory
2026-09-14T03:24:38.5829069Z [command]"C:\Program Files\Git\bin\git.exe" config --global --add safe.directory D:\a\System-Designer\System-Designer
2026-09-14T03:24:38.6508815Z Deleting the contents of 'D:\a\System-Designer\System-Designer'
2026-09-14T03:24:38.6512135Z ##[group]Determining repository object format
2026-09-14T03:24:38.6513595Z ##[endgroup]
2026-09-14T03:24:38.6514032Z ##[group]Initializing the repository
2026-09-14T03:24:38.6519247Z [command]"C:\Program Files\Git\bin\git.exe" init D:\a\System-Designer\System-Designer
2026-09-14T03:24:38.7243866Z Initialized empty Git repository in D:/a/System-Designer/System-Designer/.git/
2026-09-14T03:24:38.7277908Z [command]"C:\Program Files\Git\bin\git.exe" remote add origin https://github.com/lgardner-dev/System-Designer
2026-09-14T03:24:38.7925887Z ##[endgroup]
2026-09-14T03:24:38.7926173Z ##[group]Disabling automatic garbage collection
2026-09-14T03:24:38.7932980Z [command]"C:\Program Files\Git\bin\git.exe" config --local gc.auto 0
2026-09-14T03:24:38.8125706Z ##[endgroup]
2026-09-14T03:24:38.8126029Z ##[group]Setting up auth
2026-09-14T03:24:38.8126587Z Removing SSH command configuration
2026-09-14T03:24:38.8133996Z [command]"C:\Program Files\Git\bin\git.exe" config --local --name-only --get-regexp core\.sshCommand
2026-09-14T03:24:38.8324568Z [command]"C:\Program Files\Git\bin\git.exe" submodule foreach --recursive "sh -c \"git config --local --name-only --get-regexp 'core\.sshCommand' && git config --local --unset-all 'core.sshCommand' || :\""
2026-09-14T03:24:41.1023145Z Removing HTTP extra header
2026-09-14T03:24:41.1032602Z [command]"C:\Program Files\Git\bin\git.exe" config --local --name-only --get-regexp http\.https\:\/\/github\.com\/\.extraheader
2026-09-14T03:24:41.1255904Z [command]"C:\Program Files\Git\bin\git.exe" submodule foreach --recursive "sh -c \"git config --local --name-only --get-regexp 'http\.https\:\/\/github\.com\/\.extraheader' && git config --local --unset-all 'http.https://github.com/.extraheader' || :\""
2026-09-14T03:24:41.5190230Z Removing includeIf entries pointing to credentials config files
2026-09-14T03:24:41.5198453Z [command]"C:\Program Files\Git\bin\git.exe" config --local --name-only --get-regexp ^includeIf\.gitdir:
2026-09-14T03:24:41.5410826Z [command]"C:\Program Files\Git\bin\git.exe" submodule foreach --recursive "git config --local --show-origin --name-only --get-regexp remote.origin.url"
2026-09-14T03:24:41.9472494Z [command]"C:\Program Files\Git\bin\git.exe" config --file D:\a\_temp\git-credentials-0a15d21b-5163-4b5d-ab60-f01cc779ecda.config http.https://github.com/.extraheader "AUTHORIZATION: basic ***"
2026-09-14T03:24:41.9683724Z [command]"C:\Program Files\Git\bin\git.exe" config --local includeIf.gitdir:D:/a/System-Designer/System-Designer/.git.path D:\a\_temp\git-credentials-0a15d21b-5163-4b5d-ab60-f01cc779ecda.config
2026-09-14T03:24:41.9880352Z [command]"C:\Program Files\Git\bin\git.exe" config --local includeIf.gitdir:D:/a/System-Designer/System-Designer/.git/worktrees/*.path D:\a\_temp\git-credentials-0a15d21b-5163-4b5d-ab60-f01cc779ecda.config
2026-09-14T03:24:42.0138841Z [command]"C:\Program Files\Git\bin\git.exe" config --local includeIf.gitdir:/github/workspace/.git.path /github/runner_temp/git-credentials-0a15d21b-5163-4b5d-ab60-f01cc779ecda.config
2026-09-14T03:24:42.0364282Z [command]"C:\Program Files\Git\bin\git.exe" config --local includeIf.gitdir:/github/workspace/.git/worktrees/*.path /github/runner_temp/git-credentials-0a15d21b-5163-4b5d-ab60-f01cc779ecda.config
2026-09-14T03:24:42.0586858Z ##[endgroup]
2026-09-14T03:24:42.0587117Z ##[group]Fetching the repository
2026-09-14T03:24:42.0596975Z [command]"C:\Program Files\Git\bin\git.exe" -c protocol.version=2 fetch --no-tags --prune --no-recurse-submodules --depth=1 origin +a0bd918613b03fb13eece9bfe4b701448d70b02d:refs/remotes/origin/work/add-logic-diagramming
2026-09-14T03:24:44.1534674Z From https://github.com/lgardner-dev/System-Designer
2026-09-14T03:24:44.1535213Z  * [new ref]         a0bd918613b03fb13eece9bfe4b701448d70b02d -> origin/work/add-logic-diagramming
2026-09-14T03:24:44.1573782Z [command]"C:\Program Files\Git\bin\git.exe" branch --list --remote origin/work/add-logic-diagramming
2026-09-14T03:24:44.1865756Z   origin/work/add-logic-diagramming
2026-09-14T03:24:44.1894611Z [command]"C:\Program Files\Git\bin\git.exe" rev-parse refs/remotes/origin/work/add-logic-diagramming
2026-09-14T03:24:44.2668656Z a0bd918613b03fb13eece9bfe4b701448d70b02d
2026-09-14T03:24:44.2705767Z ##[endgroup]
2026-09-14T03:24:44.2706447Z ##[group]Determining the checkout info
2026-09-14T03:24:44.2707545Z ##[endgroup]
2026-09-14T03:24:44.2717154Z [command]"C:\Program Files\Git\bin\git.exe" sparse-checkout disable
2026-09-14T03:24:44.3131704Z [command]"C:\Program Files\Git\bin\git.exe" config --local --unset-all extensions.worktreeConfig
2026-09-14T03:24:44.3332727Z ##[group]Checking out the ref
2026-09-14T03:24:44.3341409Z [command]"C:\Program Files\Git\bin\git.exe" checkout --progress --force -B work/add-logic-diagramming refs/remotes/origin/work/add-logic-diagramming
2026-09-14T03:24:44.4819061Z Switched to a new branch 'work/add-logic-diagramming'
2026-09-14T03:24:44.4878505Z branch 'work/add-logic-diagramming' set up to track 'origin/work/add-logic-diagramming'.
2026-09-14T03:24:44.4928275Z ##[endgroup]
2026-09-14T03:24:44.5246247Z [command]"C:\Program Files\Git\bin\git.exe" log -1 --format=%H
2026-09-14T03:24:44.5471757Z a0bd918613b03fb13eece9bfe4b701448d70b02d
2026-09-14T03:24:44.5892962Z ##[group]Run dtolnay/rust-toolchain@1.98.1
2026-09-14T03:24:44.5893189Z with:
2026-09-14T03:24:44.5893309Z   components: rustfmt, clippy
2026-09-14T03:24:44.5893450Z ##[endgroup]
2026-09-14T03:24:44.5936314Z ##[start-action display=Parse toolchain version;id=__dtolnay_rust-toolchain.parse]
2026-09-14T03:24:44.6050845Z ##[group]Run if [[ -z $toolchain ]]; then
2026-09-14T03:24:44.6051090Z [36;1mif [[ -z $toolchain ]]; then[0m
2026-09-14T03:24:44.6051395Z [36;1m  # GitHub does not enforce `required: true` inputs itself. https://github.com/actions/runner/issues/1070[0m
2026-09-14T03:24:44.6051697Z [36;1m  echo "'toolchain' is a required input" >&2[0m
2026-09-14T03:24:44.6051861Z [36;1m  exit 1[0m
2026-09-14T03:24:44.6052061Z [36;1melif [[ $toolchain =~ ^stable' '[0-9]+' '(year|month|week|day)s?' 'ago$ ]]; then[0m
2026-09-14T03:24:44.6052297Z [36;1m  if [[ Windows == macOS ]]; then[0m
2026-09-14T03:24:44.6052626Z [36;1m    echo "toolchain=1.$((($(date -v-$(sed 's/stable \([0-9]*\) \(.\).*/\1\2/' <<< $toolchain) +%s)/60/60/24-16569)/7/6))" >> $GITHUB_OUTPUT[0m
2026-09-14T03:24:44.6052898Z [36;1m  else[0m
2026-09-14T03:24:44.6053122Z [36;1m    echo "toolchain=1.$((($(date --date "${toolchain#stable }" +%s)/60/60/24-16569)/7/6))" >> $GITHUB_OUTPUT[0m
2026-09-14T03:24:44.6053363Z [36;1m  fi[0m
2026-09-14T03:24:44.6053528Z [36;1melif [[ $toolchain =~ ^stable' 'minus' '[0-9]+' 'releases?$ ]]; then[0m
2026-09-14T03:24:44.6053819Z [36;1m  echo "toolchain=1.$((($(date +%s)/60/60/24-16569)/7/6-${toolchain//[^0-9]/}))" >> $GITHUB_OUTPUT[0m
2026-09-14T03:24:44.6054071Z [36;1melif [[ $toolchain =~ ^1\.[0-9]+$ ]]; then[0m
2026-09-14T03:24:44.6054352Z [36;1m  echo "toolchain=1.$((i=${toolchain#1.}, c=($(date +%s)/60/60/24-16569)/7/6, i+9*i*(10*i<=c)+90*i*(100*i<=c)))" >> $GITHUB_OUTPUT[0m
2026-09-14T03:24:44.6054618Z [36;1melse[0m
2026-09-14T03:24:44.6054751Z [36;1m  echo "toolchain=$toolchain" >> $GITHUB_OUTPUT[0m
2026-09-14T03:24:44.6054912Z [36;1mfi[0m
2026-09-14T03:24:44.6065681Z shell: C:\Program Files\Git\bin\bash.EXE --noprofile --norc -e -o pipefail {0}
2026-09-14T03:24:44.6065903Z env:
2026-09-14T03:24:44.6066002Z   toolchain: 1.98.1
2026-09-14T03:24:44.6066115Z ##[endgroup]
2026-09-14T03:24:45.0134935Z ##[end-action id=__dtolnay_rust-toolchain.parse;outcome=success;conclusion=success;duration_ms=419]
2026-09-14T03:24:45.0143391Z ##[start-action display=Construct rustup command line;id=__dtolnay_rust-toolchain.flags]
2026-09-14T03:24:45.0234703Z ##[group]Run echo "targets=$(for t in ${targets//,/ }; do echo -n ' --target' $t; done)" >> $GITHUB_OUTPUT
2026-09-14T03:24:45.0235068Z [36;1mecho "targets=$(for t in ${targets//,/ }; do echo -n ' --target' $t; done)" >> $GITHUB_OUTPUT[0m
2026-09-14T03:24:45.0235552Z [36;1mecho "components=$(for c in ${components//,/ }; do echo -n ' --component' $c; done)" >> $GITHUB_OUTPUT[0m
2026-09-14T03:24:45.0235814Z [36;1mecho "downgrade=" >> $GITHUB_OUTPUT[0m
2026-09-14T03:24:45.0243414Z shell: C:\Program Files\Git\bin\bash.EXE --noprofile --norc -e -o pipefail {0}
2026-09-14T03:24:45.0243628Z env:
2026-09-14T03:24:45.0243737Z   targets: 
2026-09-14T03:24:45.0243848Z   components: rustfmt, clippy
2026-09-14T03:24:45.0243981Z ##[endgroup]
2026-09-14T03:24:45.0681266Z ##[end-action id=__dtolnay_rust-toolchain.flags;outcome=success;conclusion=success;duration_ms=53]
2026-09-14T03:24:45.0683227Z ##[start-action display=Set $CARGO_HOME;id=__dtolnay_rust-toolchain.__run]
2026-09-14T03:24:45.0761909Z ##[group]Run echo CARGO_HOME=${CARGO_HOME:-"$USERPROFILE\.cargo"} >> $GITHUB_ENV
2026-09-14T03:24:45.0762206Z [36;1mecho CARGO_HOME=${CARGO_HOME:-"$USERPROFILE\.cargo"} >> $GITHUB_ENV[0m
2026-09-14T03:24:45.0769425Z shell: C:\Program Files\Git\bin\bash.EXE --noprofile --norc -e -o pipefail {0}
2026-09-14T03:24:45.0769653Z ##[endgroup]
2026-09-14T03:24:45.1048658Z ##[end-action id=__dtolnay_rust-toolchain.__run;outcome=success;conclusion=success;duration_ms=36]
2026-09-14T03:24:45.1051951Z ##[start-action display=Install rustup if needed;id=__dtolnay_rust-toolchain.__run_2]
2026-09-14T03:24:45.1059606Z ##[end-action id=__dtolnay_rust-toolchain.__run_2;outcome=skipped;conclusion=skipped;duration_ms=0]
2026-09-14T03:24:45.1060838Z ##[start-action display=Install rustup if needed on windows;id=__dtolnay_rust-toolchain.__run_3]
2026-09-14T03:24:45.1144330Z ##[group]Run if ! command -v rustup &>/dev/null; then
2026-09-14T03:24:45.1144540Z [36;1mif ! command -v rustup &>/dev/null; then[0m
2026-09-14T03:24:45.1144968Z [36;1m  curl --proto '=https' --tlsv1.2 --retry 10 --retry-connrefused --location --silent --show-error --fail https://win.rustup.rs/x86_64 --output 'D:\a\_temp\rustup-init.exe'[0m
2026-09-14T03:24:45.1145433Z [36;1m  'D:\a\_temp\rustup-init.exe' --default-toolchain none --no-modify-path -y[0m
2026-09-14T03:24:45.1145680Z [36;1m  echo "$CARGO_HOME\bin" >> $GITHUB_PATH[0m
2026-09-14T03:24:45.1145825Z [36;1mfi[0m
2026-09-14T03:24:45.1153723Z shell: C:\Program Files\Git\bin\bash.EXE --noprofile --norc -e -o pipefail {0}
2026-09-14T03:24:45.1153936Z env:
2026-09-14T03:24:45.1154054Z   CARGO_HOME: C:\Users\runneradmin\.cargo
2026-09-14T03:24:45.1154200Z ##[endgroup]
2026-09-14T03:24:45.1707071Z ##[end-action id=__dtolnay_rust-toolchain.__run_3;outcome=success;conclusion=success;duration_ms=64]
2026-09-14T03:24:45.1717724Z ##[start-action display=rustup toolchain install 1.98.1;id=__dtolnay_rust-toolchain.__run_4]
2026-09-14T03:24:45.1823873Z ##[group]Run rustup toolchain install 1.98.1 --component rustfmt --component clippy --profile minimal --no-self-update
2026-09-14T03:24:45.1824318Z [36;1mrustup toolchain install 1.98.1 --component rustfmt --component clippy --profile minimal --no-self-update[0m
2026-09-14T03:24:45.1832113Z shell: C:\Program Files\Git\bin\bash.EXE --noprofile --norc -e -o pipefail {0}
2026-09-14T03:24:45.1832330Z env:
2026-09-14T03:24:45.1832447Z   CARGO_HOME: C:\Users\runneradmin\.cargo
2026-09-14T03:24:45.1832600Z   RUSTUP_PERMIT_COPY_RENAME: 1
2026-09-14T03:24:45.1832749Z ##[endgroup]
2026-09-14T03:24:45.9952431Z info: syncing channel updates for 1.98.1-x86_64-pc-windows-msvc
2026-09-14T03:24:46.8681497Z info: latest update on 2026-09-03 for version 1.98.1 (48a229cea 2026-09-01)
2026-09-14T03:24:46.8822077Z info: downloading 5 components
2026-09-14T03:24:56.2447005Z 
2026-09-14T03:24:57.5218987Z   1.98.1-x86_64-pc-windows-msvc installed - rustc 1.98.1 (48a229cea 2026-09-01)
2026-09-14T03:24:57.5219215Z 
2026-09-14T03:24:57.5302444Z ##[end-action id=__dtolnay_rust-toolchain.__run_4;outcome=success;conclusion=success;duration_ms=12358]
2026-09-14T03:24:57.5306613Z ##[start-action display=rustup default 1.98.1;id=__dtolnay_rust-toolchain.__run_5]
2026-09-14T03:24:57.5391403Z ##[group]Run rustup default 1.98.1
2026-09-14T03:24:57.5391727Z [36;1mrustup default 1.98.1[0m
2026-09-14T03:24:57.5399575Z shell: C:\Program Files\Git\bin\bash.EXE --noprofile --norc -e -o pipefail {0}
2026-09-14T03:24:57.5399794Z env:
2026-09-14T03:24:57.5399925Z   CARGO_HOME: C:\Users\runneradmin\.cargo
2026-09-14T03:24:57.5400072Z ##[endgroup]
2026-09-14T03:24:57.5849273Z info: using existing install for 1.98.1-x86_64-pc-windows-msvc
2026-09-14T03:24:57.5929310Z info: default toolchain set to 1.98.1-x86_64-pc-windows-msvc
2026-09-14T03:24:57.5931443Z 
2026-09-14T03:24:57.6070117Z   1.98.1-x86_64-pc-windows-msvc unchanged - rustc 1.98.1 (48a229cea 2026-09-01)
2026-09-14T03:24:57.6070332Z 
2026-09-14T03:24:57.6072898Z info: note that the toolchain '1.98.1-x86_64-pc-windows-msvc' is currently in use (overridden by 'D:\a\System-Designer\System-Designer\rust-toolchain.toml')
2026-09-14T03:24:57.6135911Z ##[end-action id=__dtolnay_rust-toolchain.__run_5;outcome=success;conclusion=success;duration_ms=82]
2026-09-14T03:24:57.6137726Z ##[start-action display=Create cachekey;id=__dtolnay_rust-toolchain.rustc-version]
2026-09-14T03:24:57.6217335Z ##[group]Run DATE=$(rustc +1.98.1 --version --verbose | sed -ne 's/^commit-date: \(20[0-9][0-9]\)-\([01][0-9]\)-\([0-3][0-9]\)$/\1\2\3/p')
2026-09-14T03:24:57.6217809Z [36;1mDATE=$(rustc +1.98.1 --version --verbose | sed -ne 's/^commit-date: \(20[0-9][0-9]\)-\([01][0-9]\)-\([0-3][0-9]\)$/\1\2\3/p')[0m
2026-09-14T03:24:57.6218157Z [36;1mHASH=$(rustc +1.98.1 --version --verbose | sed -ne 's/^commit-hash: //p')[0m
2026-09-14T03:24:57.6218437Z [36;1mecho "cachekey=$(echo $DATE$HASH | head -c12)" >> $GITHUB_OUTPUT[0m
2026-09-14T03:24:57.6226077Z shell: C:\Program Files\Git\bin\bash.EXE --noprofile --norc -e -o pipefail {0}
2026-09-14T03:24:57.6226297Z env:
2026-09-14T03:24:57.6226414Z   CARGO_HOME: C:\Users\runneradmin\.cargo
2026-09-14T03:24:57.6226569Z ##[endgroup]
2026-09-14T03:24:58.4965806Z ##[end-action id=__dtolnay_rust-toolchain.rustc-version;outcome=success;conclusion=success;duration_ms=882]
2026-09-14T03:24:58.4967845Z ##[start-action display=Disable incremental compilation;id=__dtolnay_rust-toolchain.__run_6]
2026-09-14T03:24:58.5048307Z ##[group]Run if [ -z "${CARGO_INCREMENTAL+set}" ]; then
2026-09-14T03:24:58.5048549Z [36;1mif [ -z "${CARGO_INCREMENTAL+set}" ]; then[0m
2026-09-14T03:24:58.5048728Z [36;1m  echo CARGO_INCREMENTAL=0 >> $GITHUB_ENV[0m
2026-09-14T03:24:58.5048880Z [36;1mfi[0m
2026-09-14T03:24:58.5056617Z shell: C:\Program Files\Git\bin\bash.EXE --noprofile --norc -e -o pipefail {0}
2026-09-14T03:24:58.5056835Z env:
2026-09-14T03:24:58.5056948Z   CARGO_HOME: C:\Users\runneradmin\.cargo
2026-09-14T03:24:58.5057092Z ##[endgroup]
2026-09-14T03:24:58.5340376Z ##[end-action id=__dtolnay_rust-toolchain.__run_6;outcome=success;conclusion=success;duration_ms=37]
2026-09-14T03:24:58.5342310Z ##[start-action display=Enable colors in Cargo output;id=__dtolnay_rust-toolchain.__run_7]
2026-09-14T03:24:58.5426029Z ##[group]Run if [ -z "${CARGO_TERM_COLOR+set}" ]; then
2026-09-14T03:24:58.5426265Z [36;1mif [ -z "${CARGO_TERM_COLOR+set}" ]; then[0m
2026-09-14T03:24:58.5426450Z [36;1m  echo CARGO_TERM_COLOR=always >> $GITHUB_ENV[0m
2026-09-14T03:24:58.5426603Z [36;1mfi[0m
2026-09-14T03:24:58.5433989Z shell: C:\Program Files\Git\bin\bash.EXE --noprofile --norc -e -o pipefail {0}
2026-09-14T03:24:58.5434207Z env:
2026-09-14T03:24:58.5434327Z   CARGO_HOME: C:\Users\runneradmin\.cargo
2026-09-14T03:24:58.5434474Z   CARGO_INCREMENTAL: 0
2026-09-14T03:24:58.5434588Z ##[endgroup]
2026-09-14T03:24:58.5716952Z ##[end-action id=__dtolnay_rust-toolchain.__run_7;outcome=success;conclusion=success;duration_ms=37]
2026-09-14T03:24:58.5718732Z ##[start-action display=Enable Cargo sparse registry;id=__dtolnay_rust-toolchain.__run_8]
2026-09-14T03:24:58.5806403Z ##[group]Run # implemented in 1.66, stabilized in 1.68, made default in 1.70
2026-09-14T03:24:58.5806726Z [36;1m# implemented in 1.66, stabilized in 1.68, made default in 1.70[0m
2026-09-14T03:24:58.5807811Z [36;1mif [ -z "${CARGO_REGISTRIES_CRATES_IO_PROTOCOL+set}" -o -f "D:\a\_temp"/.implicit_cargo_registries_crates_io_protocol ]; then[0m
2026-09-14T03:24:58.5808190Z [36;1m  if rustc +1.98.1 --version --verbose | grep -q '^release: 1\.6[89]\.'; then[0m
2026-09-14T03:24:58.5808472Z [36;1m    touch "D:\a\_temp"/.implicit_cargo_registries_crates_io_protocol || true[0m
2026-09-14T03:24:58.5808744Z [36;1m    echo CARGO_REGISTRIES_CRATES_IO_PROTOCOL=sparse >> $GITHUB_ENV[0m
2026-09-14T03:24:58.5809009Z [36;1m  elif rustc +1.98.1 --version --verbose | grep -q '^release: 1\.6[67]\.'; then[0m
2026-09-14T03:24:58.5809281Z [36;1m    touch "D:\a\_temp"/.implicit_cargo_registries_crates_io_protocol || true[0m
2026-09-14T03:24:58.5809533Z [36;1m    echo CARGO_REGISTRIES_CRATES_IO_PROTOCOL=git >> $GITHUB_ENV[0m
2026-09-14T03:24:58.5809717Z [36;1m  fi[0m
2026-09-14T03:24:58.5809934Z [36;1mfi[0m
2026-09-14T03:24:58.5817890Z shell: C:\Program Files\Git\bin\bash.EXE --noprofile --norc -e -o pipefail {0}
2026-09-14T03:24:58.5818111Z env:
2026-09-14T03:24:58.5818226Z   CARGO_HOME: C:\Users\runneradmin\.cargo
2026-09-14T03:24:58.5818376Z   CARGO_INCREMENTAL: 0
2026-09-14T03:24:58.5818497Z   CARGO_TERM_COLOR: always
2026-09-14T03:24:58.5818758Z ##[endgroup]
2026-09-14T03:24:58.9239650Z ##[end-action id=__dtolnay_rust-toolchain.__run_8;outcome=success;conclusion=success;duration_ms=352]
2026-09-14T03:24:58.9242163Z ##[start-action display=Work around spurious network errors in curl 8.0;id=__dtolnay_rust-toolchain.__run_9]
2026-09-14T03:24:58.9340722Z ##[group]Run # https://rust-lang.zulipchat.com/#narrow/stream/246057-t-cargo/topic/timeout.20investigation
2026-09-14T03:24:58.9341163Z [36;1m# https://rust-lang.zulipchat.com/#narrow/stream/246057-t-cargo/topic/timeout.20investigation[0m
2026-09-14T03:24:58.9341497Z [36;1mif rustc +1.98.1 --version --verbose | grep -q '^release: 1\.7[01]\.'; then[0m
2026-09-14T03:24:58.9341741Z [36;1m  echo CARGO_HTTP_MULTIPLEXING=false >> $GITHUB_ENV[0m
2026-09-14T03:24:58.9341920Z [36;1mfi[0m
2026-09-14T03:24:58.9351065Z shell: C:\Program Files\Git\bin\bash.EXE --noprofile --norc -e -o pipefail {0}
2026-09-14T03:24:58.9351277Z env:
2026-09-14T03:24:58.9351402Z   CARGO_HOME: C:\Users\runneradmin\.cargo
2026-09-14T03:24:58.9351554Z   CARGO_INCREMENTAL: 0
2026-09-14T03:24:58.9351670Z   CARGO_TERM_COLOR: always
2026-09-14T03:24:58.9351789Z ##[endgroup]
2026-09-14T03:24:59.0027494Z ##[end-action id=__dtolnay_rust-toolchain.__run_9;outcome=success;conclusion=success;duration_ms=78]
2026-09-14T03:24:59.0030375Z ##[start-action display=rustc +1.98.1 --version --verbose;id=__dtolnay_rust-toolchain.__run_10]
2026-09-14T03:24:59.0163236Z ##[group]Run rustc +1.98.1 --version --verbose
2026-09-14T03:24:59.0163431Z [36;1mrustc +1.98.1 --version --verbose[0m
2026-09-14T03:24:59.0172034Z shell: C:\Program Files\Git\bin\bash.EXE --noprofile --norc -e -o pipefail {0}
2026-09-14T03:24:59.0172247Z env:
2026-09-14T03:24:59.0172361Z   CARGO_HOME: C:\Users\runneradmin\.cargo
2026-09-14T03:24:59.0172527Z   CARGO_INCREMENTAL: 0
2026-09-14T03:24:59.0172643Z   CARGO_TERM_COLOR: always
2026-09-14T03:24:59.0172761Z ##[endgroup]
2026-09-14T03:24:59.0747740Z rustc 1.98.1 (48a229cea 2026-09-01)
2026-09-14T03:24:59.0748124Z binary: rustc
2026-09-14T03:24:59.0748342Z commit-hash: 48a229ceaefd4985c50990b14116b6d856af0985
2026-09-14T03:24:59.0748613Z commit-date: 2026-09-01
2026-09-14T03:24:59.0748817Z host: x86_64-pc-windows-msvc
2026-09-14T03:24:59.0749033Z release: 1.98.1
2026-09-14T03:24:59.0749208Z LLVM version: 22.1.8
2026-09-14T03:24:59.0845258Z ##[end-action id=__dtolnay_rust-toolchain.__run_10;outcome=success;conclusion=success;duration_ms=81]
2026-09-14T03:24:59.0964073Z ##[group]Run python packaging/verify-branding.py
2026-09-14T03:24:59.0964318Z [36;1mpython packaging/verify-branding.py[0m
2026-09-14T03:24:59.1998731Z shell: C:\Program Files\PowerShell\7\pwsh.EXE -command ". '{0}'"
2026-09-14T03:24:59.1998954Z env:
2026-09-14T03:24:59.1999287Z   CARGO_HOME: C:\Users\runneradmin\.cargo
2026-09-14T03:24:59.1999437Z   CARGO_INCREMENTAL: 0
2026-09-14T03:24:59.1999561Z   CARGO_TERM_COLOR: always
2026-09-14T03:24:59.1999682Z ##[endgroup]
2026-09-14T03:25:01.6737720Z Verified 42 branding files, selected-source binding, PNG sizes, ICO frames and ICNS structure
2026-09-14T03:25:01.7808697Z ##[group]Run actions/setup-python@v7.0.0
2026-09-14T03:25:01.7808903Z with:
2026-09-14T03:25:01.7809013Z   python-version: 3.12
2026-09-14T03:25:01.7809134Z   check-latest: false
2026-09-14T03:25:01.7810805Z   token: ***
2026-09-14T03:25:01.7810915Z   update-environment: true
2026-09-14T03:25:01.7811047Z   allow-prereleases: false
2026-09-14T03:25:01.7811167Z   freethreaded: false
2026-09-14T03:25:01.7811273Z env:
2026-09-14T03:25:01.7811380Z   CARGO_HOME: C:\Users\runneradmin\.cargo
2026-09-14T03:25:01.7811527Z   CARGO_INCREMENTAL: 0
2026-09-14T03:25:01.7811641Z   CARGO_TERM_COLOR: always
2026-09-14T03:25:01.7811754Z ##[endgroup]
2026-09-14T03:25:01.8792759Z ##[group]Installed versions
2026-09-14T03:25:01.9016552Z Successfully set up CPython (3.12.10)
2026-09-14T03:25:01.9016911Z ##[endgroup]
2026-09-14T03:25:01.9209462Z ##[group]Run python tools/verify.py --log-dir target/qualification
2026-09-14T03:25:01.9209786Z [36;1mpython tools/verify.py --log-dir target/qualification[0m
2026-09-14T03:25:01.9259087Z shell: C:\Program Files\PowerShell\7\pwsh.EXE -command ". '{0}'"
2026-09-14T03:25:01.9259287Z env:
2026-09-14T03:25:01.9259411Z   CARGO_HOME: C:\Users\runneradmin\.cargo
2026-09-14T03:25:01.9259565Z   CARGO_INCREMENTAL: 0
2026-09-14T03:25:01.9259686Z   CARGO_TERM_COLOR: always
2026-09-14T03:25:01.9259859Z   pythonLocation: C:\hostedtoolcache\windows\Python\3.12.10\x64
2026-09-14T03:25:01.9260122Z   PKG_CONFIG_PATH: C:\hostedtoolcache\windows\Python\3.12.10\x64/lib/pkgconfig
2026-09-14T03:25:01.9260376Z   Python_ROOT_DIR: C:\hostedtoolcache\windows\Python\3.12.10\x64
2026-09-14T03:25:01.9260601Z   Python2_ROOT_DIR: C:\hostedtoolcache\windows\Python\3.12.10\x64
2026-09-14T03:25:01.9260836Z   Python3_ROOT_DIR: C:\hostedtoolcache\windows\Python\3.12.10\x64
2026-09-14T03:25:01.9261033Z ##[endgroup]
2026-09-14T03:25:02.3081643Z Running fmt: cargo fmt --all -- --check
2026-09-14T03:25:03.9343750Z Running all-targets: cargo test --locked --all-targets --all-features
2026-09-14T03:26:33.6491797Z Running headless: cargo test --locked --all-targets --no-default-features
2026-09-14T03:26:44.8085056Z Running clippy: cargo clippy --locked --all-targets --all-features -- -D warnings
2026-09-14T03:27:03.7812669Z Running clippy-headless: cargo clippy --locked --all-targets --no-default-features -- -D warnings
2026-09-14T03:27:06.4834162Z Running doctest: cargo test --locked --doc --all-features
2026-09-14T03:27:07.0027307Z Running rustdoc: cargo doc --locked --no-deps --all-features
2026-09-14T03:27:09.6400229Z Running release: cargo build --locked --release --bin system-designer --bin designer-check
2026-09-14T03:29:08.2557817Z Running self-design: cargo run --locked --no-default-features --bin designer-check -- design/system-designer.project.json
2026-09-14T03:29:08.4036150Z Complete logs: target\qualification
2026-09-14T03:29:08.5198624Z ##[group]Run actions/upload-artifact@v7.0.1
2026-09-14T03:29:08.5198885Z with:
2026-09-14T03:29:08.5199059Z   name: qualification-windows-latest
2026-09-14T03:29:08.5199265Z   path: target/qualification/
2026-09-14T03:29:08.5199456Z   if-no-files-found: error
2026-09-14T03:29:08.5199635Z   compression-level: 6
2026-09-14T03:29:08.5224626Z   overwrite: false
2026-09-14T03:29:08.5224805Z   include-hidden-files: false
2026-09-14T03:29:08.5224959Z   archive: true
2026-09-14T03:29:08.5225091Z env:
2026-09-14T03:29:08.5225366Z   CARGO_HOME: C:\Users\runneradmin\.cargo
2026-09-14T03:29:08.5225559Z   CARGO_INCREMENTAL: 0
2026-09-14T03:29:08.5225728Z   CARGO_TERM_COLOR: always
2026-09-14T03:29:08.5225937Z   pythonLocation: C:\hostedtoolcache\windows\Python\3.12.10\x64
2026-09-14T03:29:08.5226233Z   PKG_CONFIG_PATH: C:\hostedtoolcache\windows\Python\3.12.10\x64/lib/pkgconfig
2026-09-14T03:29:08.5226716Z   Python_ROOT_DIR: C:\hostedtoolcache\windows\Python\3.12.10\x64
2026-09-14T03:29:08.5227031Z   Python2_ROOT_DIR: C:\hostedtoolcache\windows\Python\3.12.10\x64
2026-09-14T03:29:08.5227298Z   Python3_ROOT_DIR: C:\hostedtoolcache\windows\Python\3.12.10\x64
2026-09-14T03:29:08.5227517Z ##[endgroup]
2026-09-14T03:29:08.6397840Z With the provided path, there will be 10 files uploaded
2026-09-14T03:29:08.6400847Z Artifact name is valid!
2026-09-14T03:29:08.6402665Z Root directory input is valid!
2026-09-14T03:29:08.9588785Z Uploading artifact: qualification-windows-latest.zip
2026-09-14T03:29:08.9617219Z Beginning upload of artifact content to blob storage
2026-09-14T03:29:09.2478851Z Uploaded bytes 15905
2026-09-14T03:29:09.3035401Z Finished uploading artifact content to blob storage!
2026-09-14T03:29:09.3036026Z SHA256 digest of uploaded artifact is a797f61883d2960a322fe2f5d0202bf3e641db8ddfddad93dee3ac0296517477
2026-09-14T03:29:09.3036940Z Finalizing artifact upload
2026-09-14T03:29:09.6768165Z Artifact qualification-windows-latest successfully finalized. Artifact ID 10332095930
2026-09-14T03:29:09.6768975Z Artifact qualification-windows-latest has been successfully uploaded! Final size is 15905 bytes. Artifact ID is 10332095930
2026-09-14T03:29:09.6774680Z Artifact download URL: https://github.com/lgardner-dev/System-Designer/actions/runs/34802501738/artifacts/10332095930
2026-09-14T03:29:09.6994829Z ##[group]Run choco install nsis --no-progress -y
2026-09-14T03:29:09.6995144Z [36;1mchoco install nsis --no-progress -y[0m
2026-09-14T03:29:09.7046633Z shell: C:\Program Files\PowerShell\7\pwsh.EXE -command ". '{0}'"
2026-09-14T03:29:09.7046878Z env:
2026-09-14T03:29:09.7047068Z   CARGO_HOME: C:\Users\runneradmin\.cargo
2026-09-14T03:29:09.7047268Z   CARGO_INCREMENTAL: 0
2026-09-14T03:29:09.7047432Z   CARGO_TERM_COLOR: always
2026-09-14T03:29:09.7047656Z   pythonLocation: C:\hostedtoolcache\windows\Python\3.12.10\x64
2026-09-14T03:29:09.7047986Z   PKG_CONFIG_PATH: C:\hostedtoolcache\windows\Python\3.12.10\x64/lib/pkgconfig
2026-09-14T03:29:09.7048279Z   Python_ROOT_DIR: C:\hostedtoolcache\windows\Python\3.12.10\x64
2026-09-14T03:29:09.7048546Z   Python2_ROOT_DIR: C:\hostedtoolcache\windows\Python\3.12.10\x64
2026-09-14T03:29:09.7048823Z   Python3_ROOT_DIR: C:\hostedtoolcache\windows\Python\3.12.10\x64
2026-09-14T03:29:09.7049066Z ##[endgroup]
2026-09-14T03:29:17.1023222Z Chocolatey v2.7.4
2026-09-14T03:29:17.3511410Z Installing the following packages:
2026-09-14T03:29:17.3514654Z nsis
2026-09-14T03:29:17.3517235Z By installing, you accept licenses for the packages.
2026-09-14T03:29:24.7854905Z Downloading package from source 'https://community.chocolatey.org/api/v2/'
2026-09-14T03:29:25.3627061Z 
2026-09-14T03:29:25.3627557Z nsis.install v3.12.0 [Approved]
2026-09-14T03:29:25.3808795Z nsis.install package files install completed. Performing other installation steps.
2026-09-14T03:29:30.5326703Z Installing nsis.install...
2026-09-14T03:29:32.6767648Z nsis.install has been installed.
2026-09-14T03:29:32.8032941Z   nsis.install can be automatically uninstalled.
2026-09-14T03:29:32.8923645Z  The install of nsis.install was successful.
2026-09-14T03:29:32.8924947Z   Deployed to 'C:\Program Files (x86)\NSIS'
2026-09-14T03:29:32.8986935Z Downloading package from source 'https://community.chocolatey.org/api/v2/'
2026-09-14T03:29:33.0194221Z 
2026-09-14T03:29:33.0194805Z nsis v3.12.0 [Approved]
2026-09-14T03:29:33.0206898Z nsis package files install completed. Performing other installation steps.
2026-09-14T03:29:33.1471438Z  The install of nsis was successful.
2026-09-14T03:29:33.1472973Z   Deployed to 'C:\ProgramData\chocolatey\lib\nsis'
2026-09-14T03:29:33.3433068Z 
2026-09-14T03:29:33.3433538Z Chocolatey installed 2/2 packages. 
2026-09-14T03:29:33.3433868Z  See the log for details (C:\ProgramData\chocolatey\logs\chocolatey.log).
2026-09-14T03:29:33.4701112Z ##[group]Run New-Item -ItemType Directory -Force dist | Out-Null
2026-09-14T03:29:33.4701686Z [36;1mNew-Item -ItemType Directory -Force dist | Out-Null[0m
2026-09-14T03:29:33.4701990Z [36;1m$bin = (Resolve-Path target/release/system-designer.exe).Path[0m
2026-09-14T03:29:33.4702381Z [36;1m$out = Join-Path $pwd 'dist/system-designer-setup.exe'[0m
2026-09-14T03:29:33.4702781Z [36;1m$version = ([regex]::Match((Get-Content Cargo.toml -Raw), '(?m)^version\s*=\s*"([^"]+)"')).Groups[1].Value[0m
2026-09-14T03:29:33.4703136Z [36;1m$numeric = ($version -split '[-+]')[0][0m
2026-09-14T03:29:33.4703513Z [36;1m$parts = @($numeric -split '\.') + @('0','0','0','0')[0m
2026-09-14T03:29:33.4703739Z [36;1m$version4 = ($parts[0..3]) -join '.'[0m
2026-09-14T03:29:33.4704137Z [36;1m& "${env:ProgramFiles(x86)}\NSIS\makensis.exe" "/DAPP_VERSION=$version" "/DAPP_VERSION_4=$version4" "/DAPP_BINARY=$bin" "/DOUT_FILE=$out" packaging/windows/setup.nsi[0m
2026-09-14T03:29:33.4704578Z [36;1mif ($LASTEXITCODE -ne 0) { throw 'Installer failed' }[0m
2026-09-14T03:29:33.4704952Z [36;1mpython packaging/verify-branding.py --pe target/release/system-designer.exe --installer dist/system-designer-setup.exe[0m
2026-09-14T03:29:33.4705334Z [36;1mif ($LASTEXITCODE -ne 0) { throw 'Icon resource verification failed' }[0m
2026-09-14T03:29:33.4705552Z [36;1mCopy-Item Cargo.lock dist/[0m
2026-09-14T03:29:33.4753339Z shell: C:\Program Files\PowerShell\7\pwsh.EXE -command ". '{0}'"
2026-09-14T03:29:33.4753540Z env:
2026-09-14T03:29:33.4753673Z   CARGO_HOME: C:\Users\runneradmin\.cargo
2026-09-14T03:29:33.4753831Z   CARGO_INCREMENTAL: 0
2026-09-14T03:29:33.4753959Z   CARGO_TERM_COLOR: always
2026-09-14T03:29:33.4754139Z   pythonLocation: C:\hostedtoolcache\windows\Python\3.12.10\x64
2026-09-14T03:29:33.4754413Z   PKG_CONFIG_PATH: C:\hostedtoolcache\windows\Python\3.12.10\x64/lib/pkgconfig
2026-09-14T03:29:33.4754675Z   Python_ROOT_DIR: C:\hostedtoolcache\windows\Python\3.12.10\x64
2026-09-14T03:29:33.4754910Z   Python2_ROOT_DIR: C:\hostedtoolcache\windows\Python\3.12.10\x64
2026-09-14T03:29:33.4755152Z   Python3_ROOT_DIR: C:\hostedtoolcache\windows\Python\3.12.10\x64
2026-09-14T03:29:33.4755335Z ##[endgroup]
2026-09-14T03:29:33.8900251Z Command line defined: "APP_VERSION=0.2.0"
2026-09-14T03:29:33.8900516Z Command line defined: "APP_VERSION_4=0.2.0.0"
2026-09-14T03:29:33.8900816Z Command line defined: "APP_BINARY=D:\a\System-Designer\System-Designer\target\release\system-designer.exe"
2026-09-14T03:29:33.8901207Z Command line defined: "OUT_FILE=D:\a\System-Designer\System-Designer\dist\system-designer-setup.exe"
2026-09-14T03:29:33.8901515Z Processing config: C:\Program Files (x86)\NSIS\nsisconf.nsh
2026-09-14T03:29:33.9034669Z Processing script file: "packaging/windows/setup.nsi" (ACP)
2026-09-14T03:29:33.9810596Z 
2026-09-14T03:29:33.9810931Z Processed 1 file, writing output (x86-unicode):
2026-09-14T03:29:33.9856489Z 
2026-09-14T03:29:33.9857000Z Output: "D:\a\System-Designer\System-Designer\dist\system-designer-setup.exe"
2026-09-14T03:29:33.9864491Z Install: 5 pages (320 bytes), 2 sections (1 required) (4144 bytes), 434 instructions (12152 bytes), 219 strings (7792 bytes), 1 language table (342 bytes).
2026-09-14T03:29:33.9865602Z Uninstall: 2 pages (192 bytes), 1 section (2072 bytes), 57 instructions (1596 bytes), 102 strings (2852 bytes), 1 language table (250 bytes).
2026-09-14T03:29:33.9866187Z Datablock optimizer saved 26498 bytes (~0.3%).
2026-09-14T03:29:33.9866381Z 
2026-09-14T03:29:33.9866483Z Using lzma (compress whole) compression.
2026-09-14T03:29:33.9866648Z 
2026-09-14T03:29:33.9866755Z EXE header size:              118272 / 38912 bytes
2026-09-14T03:29:33.9867031Z Install code:                          (25214 bytes)
2026-09-14T03:29:33.9867318Z Install data:                          (8321422 bytes)
2026-09-14T03:29:33.9867598Z Uninstall code+data:                   (85038 bytes)
2026-09-14T03:29:36.1007078Z Compressed data:             2718096 / 8431674 bytes
2026-09-14T03:29:36.1060655Z CRC (0x3620C899):                  4 / 4 bytes
2026-09-14T03:29:36.1061552Z 
2026-09-14T03:29:36.1061653Z Total size:                  2836372 / 8470590 bytes (33.4%)
2026-09-14T03:29:36.1733894Z Verified 42 branding files, selected-source binding, PNG sizes, ICO frames and ICNS structure
2026-09-14T03:29:36.1734954Z Verified approved icon resources: target\release\system-designer.exe
2026-09-14T03:29:36.1735464Z Verified approved icon resources: dist\system-designer-setup.exe
2026-09-14T03:29:36.2374821Z ##[group]Run actions/upload-artifact@v7.0.1
2026-09-14T03:29:36.2375077Z with:
2026-09-14T03:29:36.2375260Z   name: SystemDesigner-windows-latest
2026-09-14T03:29:36.2375491Z   path: dist/
Cargo.lock

2026-09-14T03:29:36.2375708Z   if-no-files-found: error
2026-09-14T03:29:36.2375890Z   compression-level: 6
2026-09-14T03:29:36.2376054Z   overwrite: false
2026-09-14T03:29:36.2376213Z   include-hidden-files: false
2026-09-14T03:29:36.2376412Z   archive: true
2026-09-14T03:29:36.2376592Z env:
2026-09-14T03:29:36.2376748Z   CARGO_HOME: C:\Users\runneradmin\.cargo
2026-09-14T03:29:36.2376972Z   CARGO_INCREMENTAL: 0
2026-09-14T03:29:36.2377252Z   CARGO_TERM_COLOR: always
2026-09-14T03:29:36.2377481Z   pythonLocation: C:\hostedtoolcache\windows\Python\3.12.10\x64
2026-09-14T03:29:36.2377782Z   PKG_CONFIG_PATH: C:\hostedtoolcache\windows\Python\3.12.10\x64/lib/pkgconfig
2026-09-14T03:29:36.2378078Z   Python_ROOT_DIR: C:\hostedtoolcache\windows\Python\3.12.10\x64
2026-09-14T03:29:36.2378412Z   Python2_ROOT_DIR: C:\hostedtoolcache\windows\Python\3.12.10\x64
2026-09-14T03:29:36.2378698Z   Python3_ROOT_DIR: C:\hostedtoolcache\windows\Python\3.12.10\x64
2026-09-14T03:29:36.2378919Z ##[endgroup]
2026-09-14T03:29:36.3583180Z Multiple search paths detected. Calculating the least common ancestor of all paths
2026-09-14T03:29:36.3585167Z The least common ancestor is D:\a\System-Designer\System-Designer. This will be the root directory of the artifact
2026-09-14T03:29:36.3585544Z With the provided path, there will be 3 files uploaded
2026-09-14T03:29:36.3588061Z Artifact name is valid!
2026-09-14T03:29:36.3588719Z Root directory input is valid!
2026-09-14T03:29:36.6695457Z Uploading artifact: SystemDesigner-windows-latest.zip
2026-09-14T03:29:36.6724862Z Beginning upload of artifact content to blob storage
2026-09-14T03:29:37.5475362Z Uploaded bytes 2870223
2026-09-14T03:29:37.6002425Z Finished uploading artifact content to blob storage!
2026-09-14T03:29:37.6003047Z SHA256 digest of uploaded artifact is ac965d9c09f7a30bc4212086eb3d71f8daffaf1f59616079526703c14ee20891
2026-09-14T03:29:37.6003517Z Finalizing artifact upload
2026-09-14T03:29:37.9443329Z Artifact SystemDesigner-windows-latest successfully finalized. Artifact ID 10332295294
2026-09-14T03:29:37.9443849Z Artifact SystemDesigner-windows-latest has been successfully uploaded! Final size is 2870223 bytes. Artifact ID is 10332295294
2026-09-14T03:29:37.9449895Z Artifact download URL: https://github.com/lgardner-dev/System-Designer/actions/runs/34802501738/artifacts/10332295294
2026-09-14T03:29:37.9697770Z Post job cleanup.
2026-09-14T03:29:38.0869117Z Post job cleanup.
2026-09-14T03:29:38.1985315Z [command]"C:\Program Files\Git\bin\git.exe" version
2026-09-14T03:29:38.2170366Z git version 2.55.0.windows.5
2026-09-14T03:29:38.2210558Z Temporarily overriding HOME='D:\a\_temp\2517ff2e-e0fe-42e6-aa6b-87ae95e8b1ff' before making global git config changes
2026-09-14T03:29:38.2211159Z Adding repository directory to the temporary git global config as a safe directory
2026-09-14T03:29:38.2217483Z [command]"C:\Program Files\Git\bin\git.exe" config --global --add safe.directory D:\a\System-Designer\System-Designer
2026-09-14T03:29:38.2414145Z Removing SSH command configuration
2026-09-14T03:29:38.2420182Z [command]"C:\Program Files\Git\bin\git.exe" config --local --name-only --get-regexp core\.sshCommand
2026-09-14T03:29:38.2621805Z [command]"C:\Program Files\Git\bin\git.exe" submodule foreach --recursive "sh -c \"git config --local --name-only --get-regexp 'core\.sshCommand' && git config --local --unset-all 'core.sshCommand' || :\""
2026-09-14T03:29:38.6432117Z Removing HTTP extra header
2026-09-14T03:29:38.6439745Z [command]"C:\Program Files\Git\bin\git.exe" config --local --name-only --get-regexp http\.https\:\/\/github\.com\/\.extraheader
2026-09-14T03:29:38.6649215Z [command]"C:\Program Files\Git\bin\git.exe" submodule foreach --recursive "sh -c \"git config --local --name-only --get-regexp 'http\.https\:\/\/github\.com\/\.extraheader' && git config --local --unset-all 'http.https://github.com/.extraheader' || :\""
2026-09-14T03:29:39.0524423Z Removing includeIf entries pointing to credentials config files
2026-09-14T03:29:39.0533517Z [command]"C:\Program Files\Git\bin\git.exe" config --local --name-only --get-regexp ^includeIf\.gitdir:
2026-09-14T03:29:39.0713133Z includeif.gitdir:D:/a/System-Designer/System-Designer/.git.path
2026-09-14T03:29:39.0713528Z includeif.gitdir:D:/a/System-Designer/System-Designer/.git/worktrees/*.path
2026-09-14T03:29:39.0713812Z includeif.gitdir:/github/workspace/.git.path
2026-09-14T03:29:39.0714036Z includeif.gitdir:/github/workspace/.git/worktrees/*.path
2026-09-14T03:29:39.0748233Z [command]"C:\Program Files\Git\bin\git.exe" config --local --get-all includeif.gitdir:D:/a/System-Designer/System-Designer/.git.path
2026-09-14T03:29:39.0919228Z D:\a\_temp\git-credentials-0a15d21b-5163-4b5d-ab60-f01cc779ecda.config
2026-09-14T03:29:39.0948516Z [command]"C:\Program Files\Git\bin\git.exe" config --local --unset includeif.gitdir:D:/a/System-Designer/System-Designer/.git.path D\:\\a\\_temp\\git\-credentials\-0a15d21b\-5163\-4b5d\-ab60\-f01cc779ecda\.config
2026-09-14T03:29:39.1150573Z [command]"C:\Program Files\Git\bin\git.exe" config --local --get-all includeif.gitdir:D:/a/System-Designer/System-Designer/.git/worktrees/*.path
2026-09-14T03:29:39.1326220Z D:\a\_temp\git-credentials-0a15d21b-5163-4b5d-ab60-f01cc779ecda.config
2026-09-14T03:29:39.1358170Z [command]"C:\Program Files\Git\bin\git.exe" config --local --unset includeif.gitdir:D:/a/System-Designer/System-Designer/.git/worktrees/*.path D\:\\a\\_temp\\git\-credentials\-0a15d21b\-5163\-4b5d\-ab60\-f01cc779ecda\.config
2026-09-14T03:29:39.1570022Z [command]"C:\Program Files\Git\bin\git.exe" config --local --get-all includeif.gitdir:/github/workspace/.git.path
2026-09-14T03:29:39.1748469Z /github/runner_temp/git-credentials-0a15d21b-5163-4b5d-ab60-f01cc779ecda.config
2026-09-14T03:29:39.1773606Z [command]"C:\Program Files\Git\bin\git.exe" config --local --unset includeif.gitdir:/github/workspace/.git.path \/github\/runner_temp\/git\-credentials\-0a15d21b\-5163\-4b5d\-ab60\-f01cc779ecda\.config
2026-09-14T03:29:39.1964986Z [command]"C:\Program Files\Git\bin\git.exe" config --local --get-all includeif.gitdir:/github/workspace/.git/worktrees/*.path
2026-09-14T03:29:39.2127528Z /github/runner_temp/git-credentials-0a15d21b-5163-4b5d-ab60-f01cc779ecda.config
2026-09-14T03:29:39.2180991Z [command]"C:\Program Files\Git\bin\git.exe" config --local --unset includeif.gitdir:/github/workspace/.git/worktrees/*.path \/github\/runner_temp\/git\-credentials\-0a15d21b\-5163\-4b5d\-ab60\-f01cc779ecda\.config
2026-09-14T03:29:39.2384515Z [command]"C:\Program Files\Git\bin\git.exe" submodule foreach --recursive "git config --local --show-origin --name-only --get-regexp remote.origin.url"
2026-09-14T03:29:39.6048157Z Removing credentials config 'D:\a\_temp\git-credentials-0a15d21b-5163-4b5d-ab60-f01cc779ecda.config'
2026-09-14T03:29:39.6201690Z Cleaning up orphan processes
2026-09-14T03:29:39.6362486Z Terminate orphan process: pid (992) (vctip)
